<html>
<body>
<pre>
<h1>µVision Build Log</h1>
<h2>Tool Versions:</h2>
IDE-Version: µVision V5.36.0.0
Copyright (C) 2021 ARM Ltd and ARM Germany GmbH. All rights reserved.
License Information: Vitaly Sikorsky, MilTech, LIC=MPPLD-8NUD6-45BT5-GH4AY-NS04J-QZY6S
 
Tool Versions:
Toolchain:       MDK-ARM Plus  Version: 5.36.0.0
Toolchain Path:  C:\Keil_v5\ARM\ARMCLANG\Bin
C Compiler:      ArmClang.exe V6.16
Assembler:       Armasm.exe V6.16
Linker/Locator:  ArmLink.exe V6.16
Library Manager: ArmAr.exe V6.16
Hex Converter:   FromElf.exe V6.16
CPU DLL:         SARMCM3.DLL V5.36.0.0
Dialog DLL:      DCM.DLL V1.17.3.0
Target DLL:      STLink\ST-LINKIII-KEIL_SWO.dll V3.0.9.0
Dialog DLL:      TCM.DLL V1.53.0.0
 
<h2>Project:</h2>
C:\Users\SVI\Desktop\Project_GD32F450\MDK-ARM\Project_GD32F450.uvprojx
Project File Date:  09/04/2026

<h2>Output:</h2>
*** Using Compiler 'V6.16', folder: 'C:\Keil_v5\ARM\ARMCLANG\Bin'
Rebuild target 'GD32F4XX'
Note: source file '..\lwip-2.2.0\src\netif\ethernet.c' - object file renamed from '.\output\ethernet.o' to '.\output\ethernet_1.o'.
compiling api_msg.c...
compiling api_lib.c...
compiling err.c...
compiling init_config.c...
compiling gd32f4xx_enet_eval.c...
compiling timers.c...
compiling netconf.c...
compiling gd32f4xx_it.c...
compiling ConfigurationUSARTn.c...
compiling main.c...
compiling ethernet.c...
compiling uart.c...
compiling if_api.c...
compiling netbuf.c...
compiling netdb.c...
compiling netifapi.c...
compiling sockets.c...
compiling tcpip.c...
compiling autoip.c...
compiling icmp.c...
compiling etharp.c...
compiling igmp.c...
compiling dhcp.c...
compiling altcp_alloc.c...
compiling ip4_addr.c...
compiling altcp.c...
compiling altcp_tcp.c...
compiling ip4_frag.c...
compiling ip4.c...
compiling def.c...
compiling dns.c...
compiling inet_chksum.c...
compiling ip.c...
compiling init.c...
compiling raw.c...
compiling mem.c...
compiling memp.c...
compiling stats.c...
compiling sys.c...
compiling netif.c...
compiling pbuf.c...
compiling timeouts.c...
compiling tcp_in.c...
compiling udp.c...
compiling tcp.c...
compiling ethernet.c...
compiling tcp_out.c...
assembling startup_gd32f450_470.s...
compiling acd.c...
compiling system_gd32f4xx.c...
compiling ethernetif.c...
compiling gd32f4xx_adc.c...
compiling gd32f4xx_can.c...
compiling gd32f4xx_crc.c...
compiling gd32f4xx_dbg.c...
compiling gd32f4xx_ctc.c...
compiling gd32f4xx_dac.c...
compiling gd32f4xx_dci.c...
compiling gd32f4xx_dma.c...
compiling gd32f4xx_exti.c...
compiling gd32f4xx_exmc.c...
compiling gd32f4xx_fmc.c...
compiling gd32f4xx_enet.c...
compiling gd32f4xx_fwdgt.c...
compiling gd32f4xx_gpio.c...
compiling gd32f4xx_i2c.c...
compiling gd32f4xx_iref.c...
compiling gd32f4xx_misc.c...
compiling gd32f4xx_pmu.c...
compiling gd32f4xx_ipa.c...
compiling gd32f4xx_syscfg.c...
compiling gd32f4xx_rcu.c...
compiling gd32f4xx_sdio.c...
compiling gd32f4xx_spi.c...
compiling gd32f4xx_rtc.c...
compiling gd32f4xx_trng.c...
compiling gd32f4xx_tli.c...
compiling gd32f4xx_wwdgt.c...
compiling gd32f4xx_timer.c...
compiling gd32f4xx_usart.c...
linking...
Program Size: Code=75696 RO-data=2244 RW-data=28 ZI-data=72764  
FromELF: creating hex file...
".\output\Project_GD32F450.axf" - 0 Error(s), 0 Warning(s).

<h2>Software Packages used:</h2>

Package Vendor: GigaDevice
                https://gd32mcu.com/GigaDevice.GD32F4xx_DFP.3.3.0.pack
                GigaDevice.GD32F4xx_DFP.3.3.0
                GigaDevice GD32F4xx Series Device Support and Examples

<h2>Collection of Component include folders:</h2>
  C:\Users\SVI\AppData\Local\Arm\Packs\GigaDevice\GD32F4xx_DFP\3.3.0\Device\F4XX\Include

<h2>Collection of Component Files used:</h2>
Build Time Elapsed:  00:00:02
</pre>
</body>
</html>
