<html>
<body>
<pre>
<h1>µVision Build Log</h1>
<h2>Tool Versions:</h2>
IDE-Version: µVision V5.36.0.0
Copyright (C) 2021 ARM Ltd and ARM Germany GmbH. All rights reserved.
License Information: Vitaly Sikorsky, MilTech, LIC=MPPLD-8NUD6-45BT5-GH4AY-NS04J-QZY6S
 
Tool Versions:
Toolchain:       MDK-ARM Plus  Version: 5.36.0.0
Toolchain Path:  C:\Keil_v5\ARM\ARMCLANG\Bin
C Compiler:      ArmClang.exe V6.16
Assembler:       Armasm.exe V6.16
Linker/Locator:  ArmLink.exe V6.16
Library Manager: ArmAr.exe V6.16
Hex Converter:   FromElf.exe V6.16
CPU DLL:         SARMCM3.DLL V5.36.0.0
Dialog DLL:      DCM.DLL V1.17.3.0
Target DLL:      STLink\ST-LINKIII-KEIL_SWO.dll V3.0.9.0
Dialog DLL:      TCM.DLL V1.53.0.0
 
<h2>Project:</h2>
C:\Users\SVI\Desktop\Project_GD32F450\MDK-ARM\Project_GD32F450.uvprojx
Project File Date:  09/05/2026

<h2>Output:</h2>
*** Using Compiler 'V6.16', folder: 'C:\Keil_v5\ARM\ARMCLANG\Bin'
Build target 'GD32F4XX'
Note: source file '..\lwip-2.2.0\src\netif\ethernet.c' - object file renamed from '.\output\ethernet.o' to '.\output\ethernet_1.o'.
compiling ethernet.c...
compiling timers.c...
compiling main.c...
compiling gd32f4xx_it.c...
compiling ethernetif.c...
compiling netconf.c...
compiling gd32f4xx_enet_eval.c...
compiling init_config.c...
compiling uart.c...
linking...
Program Size: Code=75532 RO-data=2244 RW-data=28 ZI-data=72764  
FromELF: creating hex file...
".\output\Project_GD32F450.axf" - 0 Error(s), 0 Warning(s).

<h2>Software Packages used:</h2>

Package Vendor: GigaDevice
                https://gd32mcu.com/GigaDevice.GD32F4xx_DFP.3.3.0.pack
                GigaDevice.GD32F4xx_DFP.3.3.0
                GigaDevice GD32F4xx Series Device Support and Examples

<h2>Collection of Component include folders:</h2>
  C:\Users\SVI\AppData\Local\Arm\Packs\GigaDevice\GD32F4xx_DFP\3.3.0\Device\F4XX\Include

<h2>Collection of Component Files used:</h2>
Build Time Elapsed:  00:00:01
</pre>
</body>
</html>
