Component: ARM Compiler 5.06 update 7 (build 960) Tool: armlink [4d3601]

==============================================================================

Section Cross References

    main.o(i.Crc8) refers to main.o(.constdata) for Crc8Table
    main.o(i.TIMER1_IRQHandler) refers to gd32f4xx_timer.o(i.timer_interrupt_flag_get) for timer_interrupt_flag_get
    main.o(i.TIMER1_IRQHandler) refers to gd32f4xx_timer.o(i.timer_interrupt_flag_clear) for timer_interrupt_flag_clear
    main.o(i.TIMER1_IRQHandler) refers to main.o(i.Crc8) for Crc8
    main.o(i.TIMER1_IRQHandler) refers to gd32f4xx_gpio.o(i.gpio_bit_set) for gpio_bit_set
    main.o(i.TIMER1_IRQHandler) refers to gd32f4xx_usart.o(i.usart_data_transmit) for usart_data_transmit
    main.o(i.TIMER1_IRQHandler) refers to gd32f4xx_usart.o(i.usart_flag_get) for usart_flag_get
    main.o(i.TIMER1_IRQHandler) refers to gd32f4xx_gpio.o(i.gpio_bit_reset) for gpio_bit_reset
    main.o(i.TIMER1_IRQHandler) refers to main.o(.data) for buffer
    main.o(i.TIMER6_IRQHandler) refers to gd32f4xx_timer.o(i.timer_interrupt_flag_get) for timer_interrupt_flag_get
    main.o(i.TIMER6_IRQHandler) refers to gd32f4xx_timer.o(i.timer_interrupt_flag_clear) for timer_interrupt_flag_clear
    main.o(i.TIMER6_IRQHandler) refers to main.o(.data) for usart5_error
    main.o(i.USART5_IRQHandler) refers to gd32f4xx_usart.o(i.usart_interrupt_flag_get) for usart_interrupt_flag_get
    main.o(i.USART5_IRQHandler) refers to gd32f4xx_usart.o(i.usart_interrupt_flag_clear) for usart_interrupt_flag_clear
    main.o(i.USART5_IRQHandler) refers to gd32f4xx_usart.o(i.usart_data_receive) for usart_data_receive
    main.o(i.USART5_IRQHandler) refers to memmovea.o(.text) for __aeabi_memcpy
    main.o(i.USART5_IRQHandler) refers to main.o(.data) for usart5_error
    main.o(i.USART5_IRQHandler) refers to main.o(.bss) for usart5_buffer_rx
    main.o(i.delay_10ms) refers to main.o(.data) for g_localtime
    main.o(i.gpio_config) refers to gd32f4xx_gpio.o(i.gpio_mode_set) for gpio_mode_set
    main.o(i.gpio_config) refers to gd32f4xx_gpio.o(i.gpio_output_options_set) for gpio_output_options_set
    main.o(i.gpio_config) refers to gd32f4xx_gpio.o(i.gpio_af_set) for gpio_af_set
    main.o(i.main) refers to main.o(i.rcu_config) for rcu_config
    main.o(i.main) refers to main.o(i.gpio_config) for gpio_config
    main.o(i.main) refers to main.o(i.usart0_config) for usart0_config
    main.o(i.main) refers to main.o(i.usart5_config) for usart5_config
    main.o(i.main) refers to main.o(i.timer6_config) for timer6_config
    main.o(i.main) refers to gd32f4xx_rcu.o(i.rcu_clock_freq_get) for rcu_clock_freq_get
    main.o(i.main) refers to main.o(i.nvic_config) for nvic_config
    main.o(i.main) refers to main.o(i.timer1_config) for timer1_config
    main.o(i.main) refers to gd32f4xx_gpio.o(i.gpio_bit_reset) for gpio_bit_reset
    main.o(i.main) refers to gd32f4xx_enet_eval.o(i.enet_system_setup) for enet_system_setup
    main.o(i.main) refers to netconf.o(i.lwip_stack_init) for lwip_stack_init
    main.o(i.main) refers to main.o(i.udp_demo) for udp_demo
    main.o(i.main) refers to main.o(i.Crc8) for Crc8
    main.o(i.main) refers to main.o(i.udp_send_example) for udp_send_example
    main.o(i.main) refers to gd32f4xx_enet.o(i.enet_rxframe_size_get) for enet_rxframe_size_get
    main.o(i.main) refers to netconf.o(i.lwip_frame_recv) for lwip_frame_recv
    main.o(i.main) refers to netconf.o(i.lwip_timeouts_check) for lwip_timeouts_check
    main.o(i.main) refers to main.o(.data) for usart5_data_ready
    main.o(i.main) refers to main.o(.bss) for usart5_buffer
    main.o(i.nvic_config) refers to gd32f4xx_misc.o(i.nvic_priority_group_set) for nvic_priority_group_set
    main.o(i.nvic_config) refers to gd32f4xx_misc.o(i.nvic_irq_enable) for nvic_irq_enable
    main.o(i.rcu_config) refers to gd32f4xx_rcu.o(i.rcu_periph_clock_enable) for rcu_periph_clock_enable
    main.o(i.time_update) refers to main.o(.data) for g_localtime
    main.o(i.timer1_config) refers to gd32f4xx_timer.o(i.timer_deinit) for timer_deinit
    main.o(i.timer1_config) refers to gd32f4xx_timer.o(i.timer_struct_para_init) for timer_struct_para_init
    main.o(i.timer1_config) refers to gd32f4xx_timer.o(i.timer_init) for timer_init
    main.o(i.timer1_config) refers to gd32f4xx_timer.o(i.timer_interrupt_enable) for timer_interrupt_enable
    main.o(i.timer1_config) refers to gd32f4xx_timer.o(i.timer_enable) for timer_enable
    main.o(i.timer6_config) refers to gd32f4xx_timer.o(i.timer_init) for timer_init
    main.o(i.timer6_config) refers to gd32f4xx_misc.o(i.nvic_irq_enable) for nvic_irq_enable
    main.o(i.timer6_config) refers to gd32f4xx_timer.o(i.timer_enable) for timer_enable
    main.o(i.timer6_config) refers to gd32f4xx_timer.o(i.timer_interrupt_enable) for timer_interrupt_enable
    main.o(i.udp_demo) refers to udp.o(i.udp_new) for udp_new
    main.o(i.udp_demo) refers to udp.o(i.udp_bind) for udp_bind
[...]
    tcp_persist_backoff                      0x08009895   Data           7  tcp.o(.constdata)
    .constdata                               0x080098ac   Section       12  ethernet.o(.constdata)
    .conststring                             0x080098b8   Section      104  memp.o(.conststring)
    .conststring                             0x08009920   Section      109  tcp.o(.conststring)
    .data                                    0x20000000   Section       36  main.o(.data)
    .data                                    0x20000024   Section        4  gd32f4xx_enet_eval.o(.data)
    enet_init_status                         0x20000024   Data           4  gd32f4xx_enet_eval.o(.data)
    .data                                    0x20000028   Section       16  netconf.o(.data)
    .data                                    0x20000038   Section       20  gd32f4xx_enet.o(.data)
    enet_unknow_err                          0x20000048   Data           4  gd32f4xx_enet.o(.data)
    .data                                    0x2000004c   Section       24  dhcp.o(.data)
    dhcp_rx_options_given                    0x2000004c   Data           8  dhcp.o(.data)
    dhcp_discover_request_options            0x20000054   Data           3  dhcp.o(.data)
    dhcp_pcb                                 0x20000058   Data           4  dhcp.o(.data)
    dhcp_pcb_refcount                        0x2000005c   Data           1  dhcp.o(.data)
    xid                                      0x20000060   Data           4  dhcp.o(.data)
    .data                                    0x20000064   Section        1  etharp.o(.data)
    etharp_cached_entry                      0x20000064   Data           1  etharp.o(.data)
    .data                                    0x20000066   Section        2  ip4.o(.data)
    ip_id                                    0x20000066   Data           2  ip4.o(.data)
    .data                                    0x20000068   Section        6  ip4_frag.o(.data)
    reassdatagrams                           0x20000068   Data           4  ip4_frag.o(.data)
    ip_reass_pbufcount                       0x2000006c   Data           2  ip4_frag.o(.data)
    .data                                    0x20000070   Section       12  mem.o(.data)
    ram                                      0x20000070   Data           4  mem.o(.data)
    ram_end                                  0x20000074   Data           4  mem.o(.data)
    lfree                                    0x20000078   Data           4  mem.o(.data)
    .data                                    0x2000007c   Section       36  memp.o(.data)
    memp_tab_UDP_PCB                         0x2000007c   Data           4  memp.o(.data)
    memp_tab_TCP_PCB                         0x20000080   Data           4  memp.o(.data)
    memp_tab_TCP_PCB_LISTEN                  0x20000084   Data           4  memp.o(.data)
    memp_tab_TCP_SEG                         0x20000088   Data           4  memp.o(.data)
    memp_tab_REASSDATA                       0x2000008c   Data           4  memp.o(.data)
    memp_tab_FRAG_PBUF                       0x20000090   Data           4  memp.o(.data)
    memp_tab_SYS_TIMEOUT                     0x20000094   Data           4  memp.o(.data)
    memp_tab_PBUF                            0x20000098   Data           4  memp.o(.data)
    memp_tab_PBUF_POOL                       0x2000009c   Data           4  memp.o(.data)
    .data                                    0x200000a0   Section        9  netif.o(.data)
    netif_num                                0x200000a8   Data           1  netif.o(.data)
    .data                                    0x200000ac   Section       32  tcp.o(.data)
    tcp_port                                 0x200000ac   Data           2  tcp.o(.data)
    tcp_timer                                0x200000c5   Data           1  tcp.o(.data)
    tcp_timer_ctr                            0x200000c6   Data           1  tcp.o(.data)
    iss                                      0x200000c8   Data           4  tcp.o(.data)
    .data                                    0x200000cc   Section       40  tcp_in.o(.data)
    tcphdr                                   0x200000cc   Data           4  tcp_in.o(.data)
    tcphdr_optlen                            0x200000d0   Data           2  tcp_in.o(.data)
    tcphdr_opt1len                           0x200000d2   Data           2  tcp_in.o(.data)
    tcphdr_opt2                              0x200000d4   Data           4  tcp_in.o(.data)
    tcp_optidx                               0x200000d8   Data           2  tcp_in.o(.data)
    seqno                                    0x200000dc   Data           4  tcp_in.o(.data)
    ackno                                    0x200000e0   Data           4  tcp_in.o(.data)
    recv_acked                               0x200000e4   Data           2  tcp_in.o(.data)
    tcplen                                   0x200000e6   Data           2  tcp_in.o(.data)
    flags                                    0x200000e8   Data           1  tcp_in.o(.data)
    recv_flags                               0x200000e9   Data           1  tcp_in.o(.data)
    recv_data                                0x200000ec   Data           4  tcp_in.o(.data)
    .data                                    0x200000f4   Section       12  timeouts.o(.data)
    next_timeout                             0x200000f4   Data           4  timeouts.o(.data)
    current_timeout_due_time                 0x200000f8   Data           4  timeouts.o(.data)
    tcpip_tcp_timer_active                   0x200000fc   Data           4  timeouts.o(.data)
    .data                                    0x20000100   Section        8  udp.o(.data)
    udp_port                                 0x20000100   Data           2  udp.o(.data)
    .data                                    0x20000108   Section        4  stdout.o(.data)
    .bss                                     0x2000010c   Section       32  main.o(.bss)
    .bss                                     0x2000012c   Section       64  netconf.o(.bss)
    .bss                                     0x2000016c   Section    15460  gd32f4xx_enet.o(.bss)
    enet_initpara                            0x20003d94   Data          60  gd32f4xx_enet.o(.bss)
    .bss                                     0x20003dd0   Section      240  etharp.o(.bss)
    arp_table                                0x20003dd0   Data         240  etharp.o(.bss)
    .bss                                     0x20003ec0   Section       24  ip.o(.bss)
    .bss                                     0x20003ed8   Section    20499  mem.o(.bss)
    .bss                                     0x20008eeb   Section    18147  memp.o(.bss)
    .bss                                     0x2000d5d0   Section       20  tcp_in.o(.bss)
    inseg                                    0x2000d5d0   Data          20  tcp_in.o(.bss)
    STACK                                    0x2000d5e8   Section     1024  startup_gd32f450_470.o(STACK)

    Global Symbols

    Symbol Name                              Value     Ov Type        Size  Object(Section)

    BuildAttributes$$THM_ISAv4$E$P$D$K$B$S$7EM$VFPi3$EXTD16$VFPS$VFMA$PE$A:L22UL41UL21$X:L11$S22US41US21$IEEE1$IW$USESV6$~STKCKD$USESV7$~SHL$OSPACE$ROPI$EBA8$MICROLIB$REQ8$PRES8$EABIv2 0x00000000   Number         0  anon$$obj.o ABSOLUTE
    __ARM_use_no_argv                        0x00000000   Number         0  main.o ABSOLUTE
    _printf_a                                0x00000000   Number         0  stubs.o ABSOLUTE
    _printf_c                                0x00000000   Number         0  stubs.o ABSOLUTE
    _printf_charcount                        0x00000000   Number         0  stubs.o ABSOLUTE
    _printf_d                                0x00000000   Number         0  stubs.o ABSOLUTE
    _printf_e                                0x00000000   Number         0  stubs.o ABSOLUTE
    _printf_f                                0x00000000   Number         0  stubs.o ABSOLUTE
    _printf_flags                            0x00000000   Number         0  stubs.o ABSOLUTE
    _printf_fp_dec                           0x00000000   Number         0  stubs.o ABSOLUTE
    _printf_fp_hex                           0x00000000   Number         0  stubs.o ABSOLUTE
    _printf_g                                0x00000000   Number         0  stubs.o ABSOLUTE
    _printf_i                                0x00000000   Number         0  stubs.o ABSOLUTE
    _printf_int_dec                          0x00000000   Number         0  stubs.o ABSOLUTE
    _printf_l                                0x00000000   Number         0  stubs.o ABSOLUTE
    _printf_lc                               0x00000000   Number         0  stubs.o ABSOLUTE
    _printf_ll                               0x00000000   Number         0  stubs.o ABSOLUTE
    _printf_lld                              0x00000000   Number         0  stubs.o ABSOLUTE
    _printf_lli                              0x00000000   Number         0  stubs.o ABSOLUTE
    _printf_llo                              0x00000000   Number         0  stubs.o ABSOLUTE
    _printf_llu                              0x00000000   Number         0  stubs.o ABSOLUTE
    _printf_llx                              0x00000000   Number         0  stubs.o ABSOLUTE
    _printf_longlong_dec                     0x00000000   Number         0  stubs.o ABSOLUTE
    _printf_longlong_hex                     0x00000000   Number         0  stubs.o ABSOLUTE
    _printf_longlong_oct                     0x00000000   Number         0  stubs.o ABSOLUTE
    _printf_ls                               0x00000000   Number         0  stubs.o ABSOLUTE
    _printf_mbtowc                           0x00000000   Number         0  stubs.o ABSOLUTE
    _printf_n                                0x00000000   Number         0  stubs.o ABSOLUTE
    _printf_o                                0x00000000   Number         0  stubs.o ABSOLUTE
    _printf_p                                0x00000000   Number         0  stubs.o ABSOLUTE
    _printf_percent                          0x00000000   Number         0  stubs.o ABSOLUTE
    _printf_pre_padding                      0x00000000   Number         0  stubs.o ABSOLUTE
    _printf_return_value                     0x00000000   Number         0  stubs.o ABSOLUTE
    _printf_s                                0x00000000   Number         0  stubs.o ABSOLUTE
    _printf_sizespec                         0x00000000   Number         0  stubs.o ABSOLUTE
    _printf_str                              0x00000000   Number         0  stubs.o ABSOLUTE
    _printf_truncate_signed                  0x00000000   Number         0  stubs.o ABSOLUTE
    _printf_truncate_unsigned                0x00000000   Number         0  stubs.o ABSOLUTE
    _printf_u                                0x00000000   Number         0  stubs.o ABSOLUTE
    _printf_wc                               0x00000000   Number         0  stubs.o ABSOLUTE
    _printf_wctomb                           0x00000000   Number         0  stubs.o ABSOLUTE
    _printf_widthprec                        0x00000000   Number         0  stubs.o ABSOLUTE
    _printf_x                                0x00000000   Number         0  stubs.o ABSOLUTE
    __arm_fini_                               - Undefined Weak Reference
    __cpp_initialize__aeabi_                  - Undefined Weak Reference
    __cxa_finalize                            - Undefined Weak Reference
    __decompress                              - Undefined Weak Reference
    _clock_init                               - Undefined Weak Reference
    _microlib_exit                            - Undefined Weak Reference
    __Vectors_Size                           0x000001ac   Number         0  startup_gd32f450_470.o ABSOLUTE
    __Vectors                                0x08000000   Data           4  startup_gd32f450_470.o(RESET)
    __Vectors_End                            0x080001ac   Data           0  startup_gd32f450_470.o(RESET)
    __main                                   0x080001ad   Thumb Code     0  entry.o(.ARM.Collect$$$$00000000)
    _main_stk                                0x080001ad   Thumb Code     0  entry2.o(.ARM.Collect$$$$00000001)
    _main_scatterload                        0x080001b1   Thumb Code     0  entry5.o(.ARM.Collect$$$$00000004)
    __main_after_scatterload                 0x080001b5   Thumb Code     0  entry5.o(.ARM.Collect$$$$00000004)
    _main_clock                              0x080001b5   Thumb Code     0  entry7b.o(.ARM.Collect$$$$00000008)
    _main_cpp_init                           0x080001b5   Thumb Code     0  entry8b.o(.ARM.Collect$$$$0000000A)
    _main_init                               0x080001b5   Thumb Code     0  entry9a.o(.ARM.Collect$$$$0000000B)
    __rt_lib_shutdown_fini                   0x080001bd   Thumb Code     0  entry12b.o(.ARM.Collect$$$$0000000E)
    __rt_final_cpp                           0x080001c1   Thumb Code     0  entry10a.o(.ARM.Collect$$$$0000000F)
    __rt_final_exit                          0x080001c1   Thumb Code     0  entry11a.o(.ARM.Collect$$$$00000011)
    Reset_Handler                            0x080001c5   Thumb Code     8  startup_gd32f450_470.o(.text)
    ADC_IRQHandler                           0x080001df   Thumb Code     0  startup_gd32f450_470.o(.text)
    CAN0_EWMC_IRQHandler                     0x080001df   Thumb Code     0  startup_gd32f450_470.o(.text)
    CAN0_RX0_IRQHandler                      0x080001df   Thumb Code     0  startup_gd32f450_470.o(.text)
    CAN0_RX1_IRQHandler                      0x080001df   Thumb Code     0  startup_gd32f450_470.o(.text)
    CAN0_TX_IRQHandler                       0x080001df   Thumb Code     0  startup_gd32f450_470.o(.text)
    CAN1_EWMC_IRQHandler                     0x080001df   Thumb Code     0  startup_gd32f450_470.o(.text)
    CAN1_RX0_IRQHandler                      0x080001df   Thumb Code     0  startup_gd32f450_470.o(.text)
    CAN1_RX1_IRQHandler                      0x080001df   Thumb Code     0  startup_gd32f450_470.o(.text)
    CAN1_TX_IRQHandler                       0x080001df   Thumb Code     0  startup_gd32f450_470.o(.text)
    DCI_IRQHandler                           0x080001df   Thumb Code     0  startup_gd32f450_470.o(.text)
    DMA0_Channel0_IRQHandler                 0x080001df   Thumb Code     0  startup_gd32f450_470.o(.text)
    DMA0_Channel1_IRQHandler                 0x080001df   Thumb Code     0  startup_gd32f450_470.o(.text)
    DMA0_Channel2_IRQHandler                 0x080001df   Thumb Code     0  startup_gd32f450_470.o(.text)
    DMA0_Channel3_IRQHandler                 0x080001df   Thumb Code     0  startup_gd32f450_470.o(.text)
    DMA0_Channel4_IRQHandler                 0x080001df   Thumb Code     0  startup_gd32f450_470.o(.text)
    DMA0_Channel5_IRQHandler                 0x080001df   Thumb Code     0  startup_gd32f450_470.o(.text)
    DMA0_Channel6_IRQHandler                 0x080001df   Thumb Code     0  startup_gd32f450_470.o(.text)
    DMA0_Channel7_IRQHandler                 0x080001df   Thumb Code     0  startup_gd32f450_470.o(.text)
    DMA1_Channel0_IRQHandler                 0x080001df   Thumb Code     0  startup_gd32f450_470.o(.text)
    DMA1_Channel1_IRQHandler                 0x080001df   Thumb Code     0  startup_gd32f450_470.o(.text)
    DMA1_Channel2_IRQHandler                 0x080001df   Thumb Code     0  startup_gd32f450_470.o(.text)
    DMA1_Channel3_IRQHandler                 0x080001df   Thumb Code     0  startup_gd32f450_470.o(.text)
    DMA1_Channel4_IRQHandler                 0x080001df   Thumb Code     0  startup_gd32f450_470.o(.text)
    DMA1_Channel5_IRQHandler                 0x080001df   Thumb Code     0  startup_gd32f450_470.o(.text)
    DMA1_Channel6_IRQHandler                 0x080001df   Thumb Code     0  startup_gd32f450_470.o(.text)
    DMA1_Channel7_IRQHandler                 0x080001df   Thumb Code     0  startup_gd32f450_470.o(.text)
    ENET_IRQHandler                          0x080001df   Thumb Code     0  startup_gd32f450_470.o(.text)
    ENET_WKUP_IRQHandler                     0x080001df   Thumb Code     0  startup_gd32f450_470.o(.text)
    EXMC_IRQHandler                          0x080001df   Thumb Code     0  startup_gd32f450_470.o(.text)
    EXTI0_IRQHandler                         0x080001df   Thumb Code     0  startup_gd32f450_470.o(.text)
    EXTI10_15_IRQHandler                     0x080001df   Thumb Code     0  startup_gd32f450_470.o(.text)
    EXTI1_IRQHandler                         0x080001df   Thumb Code     0  startup_gd32f450_470.o(.text)
    EXTI2_IRQHandler                         0x080001df   Thumb Code     0  startup_gd32f450_470.o(.text)
    EXTI3_IRQHandler                         0x080001df   Thumb Code     0  startup_gd32f450_470.o(.text)
    EXTI4_IRQHandler                         0x080001df   Thumb Code     0  startup_gd32f450_470.o(.text)
    EXTI5_9_IRQHandler                       0x080001df   Thumb Code     0  startup_gd32f450_470.o(.text)
    FMC_IRQHandler                           0x080001df   Thumb Code     0  startup_gd32f450_470.o(.text)
    FPU_IRQHandler                           0x080001df   Thumb Code     0  startup_gd32f450_470.o(.text)
    I2C0_ER_IRQHandler                       0x080001df   Thumb Code     0  startup_gd32f450_470.o(.text)
    I2C0_EV_IRQHandler                       0x080001df   Thumb Code     0  startup_gd32f450_470.o(.text)
    I2C1_ER_IRQHandler                       0x080001df   Thumb Code     0  startup_gd32f450_470.o(.text)
    I2C1_EV_IRQHandler                       0x080001df   Thumb Code     0  startup_gd32f450_470.o(.text)
    I2C2_ER_IRQHandler                       0x080001df   Thumb Code     0  startup_gd32f450_470.o(.text)
    I2C2_EV_IRQHandler                       0x080001df   Thumb Code     0  startup_gd32f450_470.o(.text)
    IPA_IRQHandler                           0x080001df   Thumb Code     0  startup_gd32f450_470.o(.text)
    LVD_IRQHandler                           0x080001df   Thumb Code     0  startup_gd32f450_470.o(.text)
    RCU_CTC_IRQHandler                       0x080001df   Thumb Code     0  startup_gd32f450_470.o(.text)
    RTC_Alarm_IRQHandler                     0x080001df   Thumb Code     0  startup_gd32f450_470.o(.text)
    RTC_WKUP_IRQHandler                      0x080001df   Thumb Code     0  startup_gd32f450_470.o(.text)
    SDIO_IRQHandler                          0x080001df   Thumb Code     0  startup_gd32f450_470.o(.text)
    SPI0_IRQHandler                          0x080001df   Thumb Code     0  startup_gd32f450_470.o(.text)
    SPI1_IRQHandler                          0x080001df   Thumb Code     0  startup_gd32f450_470.o(.text)
    SPI2_IRQHandler                          0x080001df   Thumb Code     0  startup_gd32f450_470.o(.text)
    SPI3_IRQHandler                          0x080001df   Thumb Code     0  startup_gd32f450_470.o(.text)
    SPI4_IRQHandler                          0x080001df   Thumb Code     0  startup_gd32f450_470.o(.text)
    SPI5_IRQHandler                          0x080001df   Thumb Code     0  startup_gd32f450_470.o(.text)
    TAMPER_STAMP_IRQHandler                  0x080001df   Thumb Code     0  startup_gd32f450_470.o(.text)
    TIMER0_BRK_TIMER8_IRQHandler             0x080001df   Thumb Code     0  startup_gd32f450_470.o(.text)
    TIMER0_Channel_IRQHandler                0x080001df   Thumb Code     0  startup_gd32f450_470.o(.text)
    TIMER0_TRG_CMT_TIMER10_IRQHandler        0x080001df   Thumb Code     0  startup_gd32f450_470.o(.text)
    TIMER0_UP_TIMER9_IRQHandler              0x080001df   Thumb Code     0  startup_gd32f450_470.o(.text)
    TIMER2_IRQHandler                        0x080001df   Thumb Code     0  startup_gd32f450_470.o(.text)
    TIMER3_IRQHandler                        0x080001df   Thumb Code     0  startup_gd32f450_470.o(.text)
    TIMER4_IRQHandler                        0x080001df   Thumb Code     0  startup_gd32f450_470.o(.text)
    TIMER5_DAC_IRQHandler                    0x080001df   Thumb Code     0  startup_gd32f450_470.o(.text)
    TIMER7_BRK_TIMER11_IRQHandler            0x080001df   Thumb Code     0  startup_gd32f450_470.o(.text)
    TIMER7_Channel_IRQHandler                0x080001df   Thumb Code     0  startup_gd32f450_470.o(.text)
    TIMER7_TRG_CMT_TIMER13_IRQHandler        0x080001df   Thumb Code     0  startup_gd32f450_470.o(.text)
    TIMER7_UP_TIMER12_IRQHandler             0x080001df   Thumb Code     0  startup_gd32f450_470.o(.text)
    TLI_ER_IRQHandler                        0x080001df   Thumb Code     0  startup_gd32f450_470.o(.text)
    TLI_IRQHandler                           0x080001df   Thumb Code     0  startup_gd32f450_470.o(.text)
    TRNG_IRQHandler                          0x080001df   Thumb Code     0  startup_gd32f450_470.o(.text)
    UART3_IRQHandler                         0x080001df   Thumb Code     0  startup_gd32f450_470.o(.text)
    UART4_IRQHandler                         0x080001df   Thumb Code     0  startup_gd32f450_470.o(.text)
    UART6_IRQHandler                         0x080001df   Thumb Code     0  startup_gd32f450_470.o(.text)
    UART7_IRQHandler                         0x080001df   Thumb Code     0  startup_gd32f450_470.o(.text)
    USART0_IRQHandler                        0x080001df   Thumb Code     0  startup_gd32f450_470.o(.text)
    USART1_IRQHandler                        0x080001df   Thumb Code     0  startup_gd32f450_470.o(.text)
    USART2_IRQHandler                        0x080001df   Thumb Code     0  startup_gd32f450_470.o(.text)
    USBFS_IRQHandler                         0x080001df   Thumb Code     0  startup_gd32f450_470.o(.text)
    USBFS_WKUP_IRQHandler                    0x080001df   Thumb Code     0  startup_gd32f450_470.o(.text)
    USBHS_EP1_In_IRQHandler                  0x080001df   Thumb Code     0  startup_gd32f450_470.o(.text)
    USBHS_EP1_Out_IRQHandler                 0x080001df   Thumb Code     0  startup_gd32f450_470.o(.text)
    USBHS_IRQHandler                         0x080001df   Thumb Code     0  startup_gd32f450_470.o(.text)
    USBHS_WKUP_IRQHandler                    0x080001df   Thumb Code     0  startup_gd32f450_470.o(.text)
    WWDGT_IRQHandler                         0x080001df   Thumb Code     0  startup_gd32f450_470.o(.text)
    ___aeabi_memcpy4$move                    0x080001e9   Thumb Code     0  memmovea.o(.text)
    ___aeabi_memcpy8$move                    0x080001e9   Thumb Code     0  memmovea.o(.text)
    __aeabi_memcpy                           0x080001e9   Thumb Code    64  memmovea.o(.text)
    __aeabi_memmove                          0x080001e9   Thumb Code     0  memmovea.o(.text)
    __aeabi_memmove4                         0x080001e9   Thumb Code     0  memmovea.o(.text)
    __aeabi_memmove8                         0x080001e9   Thumb Code     0  memmovea.o(.text)
    __aeabi_memset                           0x08000229   Thumb Code    14  memseta.o(.text)
    __aeabi_memset4                          0x08000229   Thumb Code     0  memseta.o(.text)
    __aeabi_memset8                          0x08000229   Thumb Code     0  memseta.o(.text)
    __aeabi_memclr                           0x08000237   Thumb Code     4  memseta.o(.text)
    __aeabi_memclr4                          0x08000237   Thumb Code     0  memseta.o(.text)
    __aeabi_memclr8                          0x08000237   Thumb Code     0  memseta.o(.text)
    _memset$wrapper                          0x0800023b   Thumb Code    18  memseta.o(.text)
    memcmp                                   0x0800024d   Thumb Code    26  memcmp.o(.text)
    __aeabi_uidiv                            0x08000267   Thumb Code     0  uidiv.o(.text)
    __aeabi_uidivmod                         0x08000267   Thumb Code    44  uidiv.o(.text)
    __scatterload                            0x08000295   Thumb Code    28  init.o(.text)
    __scatterload_rt2                        0x08000295   Thumb Code     0  init.o(.text)
    BusFault_Handler                         0x080002b9   Thumb Code     4  gd32f4xx_it.o(i.BusFault_Handler)
    __I$use$semihosting$fputc                0x080002b9   Thumb Code     0  iusesemip.o(.text)
    __semihosting_library_function           0x080002b9   Thumb Code     0  semi.o(.text)
    Crc8                                     0x080002bd   Thumb Code    30  main.o(i.Crc8)
    DebugMon_Handler                         0x080002e1   Thumb Code     4  gd32f4xx_it.o(i.DebugMon_Handler)
    HardFault_Handler                        0x080002e5   Thumb Code     4  gd32f4xx_it.o(i.HardFault_Handler)
    MemManage_Handler                        0x080002e9   Thumb Code     4  gd32f4xx_it.o(i.MemManage_Handler)
    NMI_Handler                              0x080002ed   Thumb Code     4  gd32f4xx_it.o(i.NMI_Handler)
    PendSV_Handler                           0x080002f1   Thumb Code     4  gd32f4xx_it.o(i.PendSV_Handler)
    SVC_Handler                              0x080002f5   Thumb Code     4  gd32f4xx_it.o(i.SVC_Handler)
    SysTick_Handler                          0x080002f9   Thumb Code     8  gd32f4xx_it.o(i.SysTick_Handler)
    SystemInit                               0x08000301   Thumb Code   364  system_gd32f4xx.o(i.SystemInit)
    TIMER1_IRQHandler                        0x0800047d   Thumb Code   126  main.o(i.TIMER1_IRQHandler)
    TIMER6_IRQHandler                        0x08000509   Thumb Code    34  main.o(i.TIMER6_IRQHandler)
    USART5_IRQHandler                        0x08000535   Thumb Code   128  main.o(i.USART5_IRQHandler)
    UsageFault_Handler                       0x080005d5   Thumb Code     4  gd32f4xx_it.o(i.UsageFault_Handler)
    __0printf$3                              0x080005d9   Thumb Code    22  printf3.o(i.__0printf$3)
    __1printf$3                              0x080005d9   Thumb Code     0  printf3.o(i.__0printf$3)
    __2printf                                0x080005d9   Thumb Code     0  printf3.o(i.__0printf$3)
    __scatterload_copy                       0x080005f9   Thumb Code    14  handlers.o(i.__scatterload_copy)
    __scatterload_null                       0x08000607   Thumb Code     2  handlers.o(i.__scatterload_null)
    __scatterload_zeroinit                   0x08000609   Thumb Code    14  handlers.o(i.__scatterload_zeroinit)
    acd_arp_reply                            0x080007ed   Thumb Code   162  acd.o(i.acd_arp_reply)
    acd_netif_ip_addr_changed                0x080008d5   Thumb Code    92  acd.o(i.acd_netif_ip_addr_changed)
    acd_stop                                 0x080009ad   Thumb Code    16  acd.o(i.acd_stop)
    dhcp_network_changed_link_up             0x08000c35   Thumb Code    78  dhcp.o(i.dhcp_network_changed_link_up)
    enet_deinit                              0x08000f35   Thumb Code    24  gd32f4xx_enet.o(i.enet_deinit)
    enet_desc_information_get                0x08000f65   Thumb Code    96  gd32f4xx_enet.o(i.enet_desc_information_get)
    enet_descriptors_chain_init              0x08000fc9   Thumb Code   162  gd32f4xx_enet.o(i.enet_descriptors_chain_init)
    enet_enable                              0x08001091   Thumb Code    12  gd32f4xx_enet.o(i.enet_enable)
    enet_frame_receive                       0x0800109d   Thumb Code   236  gd32f4xx_enet.o(i.enet_frame_receive)
    enet_frame_transmit                      0x08001195   Thumb Code   196  gd32f4xx_enet.o(i.enet_frame_transmit)
    enet_init                                0x08001429   Thumb Code   830  gd32f4xx_enet.o(i.enet_init)
    enet_initpara_reset                      0x08001791   Thumb Code    36  gd32f4xx_enet.o(i.enet_initpara_reset)
    enet_mac_address_set                     0x080017b9   Thumb Code    42  gd32f4xx_enet.o(i.enet_mac_address_set)
    enet_phy_config                          0x08001829   Thumb Code   184  gd32f4xx_enet.o(i.enet_phy_config)
    enet_phy_write_read                      0x08001901   Thumb Code   148  gd32f4xx_enet.o(i.enet_phy_write_read)
    enet_rx_desc_immediate_receive_complete_interrupt 0x0800199d   Thumb Code    10  gd32f4xx_enet.o(i.enet_rx_desc_immediate_receive_complete_interrupt)
    enet_rx_enable                           0x080019a9   Thumb Code    26  gd32f4xx_enet.o(i.enet_rx_enable)
    enet_rxframe_drop                        0x080019cd   Thumb Code   158  gd32f4xx_enet.o(i.enet_rxframe_drop)
    enet_rxframe_size_get                    0x08001a79   Thumb Code   138  gd32f4xx_enet.o(i.enet_rxframe_size_get)
    enet_software_reset                      0x08001b11   Thumb Code    52  gd32f4xx_enet.o(i.enet_software_reset)
    enet_system_setup                        0x08001b4d   Thumb Code   110  gd32f4xx_enet_eval.o(i.enet_system_setup)
    enet_tx_enable                           0x08001bc9   Thumb Code    32  gd32f4xx_enet.o(i.enet_tx_enable)
    enet_txfifo_flush                        0x08001bf1   Thumb Code    44  gd32f4xx_enet.o(i.enet_txfifo_flush)
    etharp_acd_announce                      0x08001c25   Thumb Code    36  etharp.o(i.etharp_acd_announce)
    etharp_input                             0x08001e5d   Thumb Code   254  etharp.o(i.etharp_input)
    etharp_output                            0x08001f6d   Thumb Code   328  etharp.o(i.etharp_output)
    etharp_query                             0x08002179   Thumb Code   422  etharp.o(i.etharp_query)
    etharp_request                           0x080023cd   Thumb Code    22  etharp.o(i.etharp_request)
    etharp_tmr                               0x08002415   Thumb Code   222  etharp.o(i.etharp_tmr)
    ethernet_input                           0x080025c5   Thumb Code   210  ethernet.o(i.ethernet_input)
    ethernet_output                          0x0800269d   Thumb Code    94  ethernet.o(i.ethernet_output)
    ethernetif_init                          0x080026fd   Thumb Code    38  ethernetif.o(i.ethernetif_init)
    ethernetif_input                         0x0800272d   Thumb Code    48  ethernetif.o(i.ethernetif_input)
    fputc                                    0x0800275d   Thumb Code    18  fputc.o(i.fputc)
    gpio_af_set                              0x0800276f   Thumb Code    94  gd32f4xx_gpio.o(i.gpio_af_set)
    gpio_bit_reset                           0x080027cd   Thumb Code     4  gd32f4xx_gpio.o(i.gpio_bit_reset)
    gpio_bit_set                             0x080027d1   Thumb Code     4  gd32f4xx_gpio.o(i.gpio_bit_set)
    gpio_config                              0x080027d5   Thumb Code   262  main.o(i.gpio_config)
    gpio_mode_set                            0x080028e5   Thumb Code    78  gd32f4xx_gpio.o(i.gpio_mode_set)
    gpio_output_options_set                  0x08002933   Thumb Code    66  gd32f4xx_gpio.o(i.gpio_output_options_set)
    icmp_dest_unreach                        0x08002975   Thumb Code    18  icmp.o(i.icmp_dest_unreach)
    icmp_input                               0x08002989   Thumb Code   514  icmp.o(i.icmp_input)
    icmp_time_exceeded                       0x08002c37   Thumb Code    18  icmp.o(i.icmp_time_exceeded)
    inet_chksum                              0x08002c49   Thumb Code    20  inet_chksum.o(i.inet_chksum)
    inet_chksum_pbuf                         0x08002c5d   Thumb Code    86  inet_chksum.o(i.inet_chksum_pbuf)
    inet_chksum_pseudo                       0x08002cb3   Thumb Code    76  inet_chksum.o(i.inet_chksum_pseudo)
    ip4_addr_isbroadcast_u32                 0x08002d8b   Thumb Code    78  ip4_addr.o(i.ip4_addr_isbroadcast_u32)
    ip4_frag                                 0x08002dd9   Thumb Code   480  ip4_frag.o(i.ip4_frag)
    ip4_input                                0x08002fd9   Thumb Code   536  ip4.o(i.ip4_input)
    ip4_output_if                            0x08003235   Thumb Code    54  ip4.o(i.ip4_output_if)
    ip4_output_if_src                        0x0800326d   Thumb Code   312  ip4.o(i.ip4_output_if_src)
    ip4_reass                                0x080033ad   Thumb Code   546  ip4_frag.o(i.ip4_reass)
    ip4_route                                0x080035d9   Thumb Code   144  ip4.o(i.ip4_route)
    ip_chksum_pseudo                         0x08003671   Thumb Code    36  inet_chksum.o(i.ip_chksum_pseudo)
    lwip_frame_recv                          0x08003b31   Thumb Code    10  netconf.o(i.lwip_frame_recv)
    lwip_htonl                               0x08003b41   Thumb Code    26  def.o(i.lwip_htonl)
    lwip_htons                               0x08003b5b   Thumb Code    12  def.o(i.lwip_htons)
    lwip_netif_status_callback               0x08003b67   Thumb Code     2  main.o(i.lwip_netif_status_callback)
    lwip_stack_init                          0x08003b69   Thumb Code    80  netconf.o(i.lwip_stack_init)
    lwip_standard_chksum                     0x08003bd1   Thumb Code    94  inet_chksum.o(i.lwip_standard_chksum)
    lwip_timeouts_check                      0x08003c31   Thumb Code    50  netconf.o(i.lwip_timeouts_check)
    main                                     0x08003c6d   Thumb Code   146  main.o(i.main)
    mem_free                                 0x08003d15   Thumb Code   136  mem.o(i.mem_free)
    mem_init                                 0x08003da9   Thumb Code    76  mem.o(i.mem_init)
    mem_malloc                               0x08003e5d   Thumb Code   260  mem.o(i.mem_malloc)
    mem_trim                                 0x08003f79   Thumb Code   280  mem.o(i.mem_trim)
    memp_free                                0x0800409d   Thumb Code    46  memp.o(i.memp_free)
    memp_init                                0x080040ed   Thumb Code    26  memp.o(i.memp_init)
    memp_init_pool                           0x0800410d   Thumb Code    44  memp.o(i.memp_init_pool)
    memp_malloc                              0x08004139   Thumb Code    42  memp.o(i.memp_malloc)
    netif_add                                0x08004189   Thumb Code   288  netif.o(i.netif_add)
    netif_get_by_index                       0x080043cd   Thumb Code    36  netif.o(i.netif_get_by_index)
    netif_set_addr                           0x0800441d   Thumb Code    92  netif.o(i.netif_set_addr)
    netif_set_default                        0x0800447d   Thumb Code    10  netif.o(i.netif_set_default)
    netif_set_link_up                        0x0800448d   Thumb Code    66  netif.o(i.netif_set_link_up)
    netif_set_status_callback                0x080044f5   Thumb Code     6  netif.o(i.netif_set_status_callback)
    netif_set_up                             0x080044fd   Thumb Code    74  netif.o(i.netif_set_up)
    nvic_config                              0x08004565   Thumb Code    42  main.o(i.nvic_config)
    nvic_irq_enable                          0x08004591   Thumb Code   186  gd32f4xx_misc.o(i.nvic_irq_enable)
    nvic_priority_group_set                  0x08004655   Thumb Code    10  gd32f4xx_misc.o(i.nvic_priority_group_set)
    pbuf_add_header                          0x08004669   Thumb Code    18  pbuf.o(i.pbuf_add_header)
    pbuf_alloc                               0x080046e5   Thumb Code   312  pbuf.o(i.pbuf_alloc)
    pbuf_alloc_reference                     0x0800481d   Thumb Code    56  pbuf.o(i.pbuf_alloc_reference)
    pbuf_alloced_custom                      0x08004855   Thumb Code    90  pbuf.o(i.pbuf_alloced_custom)
    pbuf_cat                                 0x080048b1   Thumb Code    68  pbuf.o(i.pbuf_cat)
    pbuf_chain                               0x0800492d   Thumb Code    26  pbuf.o(i.pbuf_chain)
    pbuf_clen                                0x08004947   Thumb Code    18  pbuf.o(i.pbuf_clen)
    pbuf_clone                               0x08004959   Thumb Code    48  pbuf.o(i.pbuf_clone)
    pbuf_copy                                0x08004989   Thumb Code    46  pbuf.o(i.pbuf_copy)
    pbuf_copy_partial                        0x080049d5   Thumb Code   148  pbuf.o(i.pbuf_copy_partial)
    pbuf_copy_partial_pbuf                   0x08004aad   Thumb Code   310  pbuf.o(i.pbuf_copy_partial_pbuf)
    pbuf_free                                0x08004ca1   Thumb Code   154  pbuf.o(i.pbuf_free)
    pbuf_header_force                        0x08004d3b   Thumb Code    18  pbuf.o(i.pbuf_header_force)
    pbuf_realloc                             0x08004d8d   Thumb Code   134  pbuf.o(i.pbuf_realloc)
    pbuf_ref                                 0x08004e13   Thumb Code    18  pbuf.o(i.pbuf_ref)
    pbuf_remove_header                       0x08004e25   Thumb Code    86  pbuf.o(i.pbuf_remove_header)
    rcu_ckout0_config                        0x08004f49   Thumb Code    22  gd32f4xx_rcu.o(i.rcu_ckout0_config)
    rcu_clock_freq_get                       0x08004f65   Thumb Code   264  gd32f4xx_rcu.o(i.rcu_clock_freq_get)
    rcu_config                               0x08005089   Thumb Code    52  main.o(i.rcu_config)
    rcu_periph_clock_enable                  0x080050bd   Thumb Code    32  gd32f4xx_rcu.o(i.rcu_periph_clock_enable)
    rcu_periph_reset_disable                 0x080050e1   Thumb Code    32  gd32f4xx_rcu.o(i.rcu_periph_reset_disable)
    rcu_periph_reset_enable                  0x08005105   Thumb Code    32  gd32f4xx_rcu.o(i.rcu_periph_reset_enable)
    sys_now                                  0x08005129   Thumb Code     6  netconf.o(i.sys_now)
    sys_timeout                              0x08005135   Thumb Code    34  timeouts.o(i.sys_timeout)
    syscfg_enet_phy_interface_config         0x080051e9   Thumb Code    18  gd32f4xx_syscfg.o(i.syscfg_enet_phy_interface_config)
    systick_clksource_set                    0x08005315   Thumb Code    40  gd32f4xx_misc.o(i.systick_clksource_set)
    tcp_abandon                              0x0800533d   Thumb Code   244  tcp.o(i.tcp_abandon)
    tcp_abort                                0x0800545d   Thumb Code    14  tcp.o(i.tcp_abort)
    tcp_alloc                                0x0800546d   Thumb Code   186  tcp.o(i.tcp_alloc)
    tcp_close                                0x08005539   Thumb Code    58  tcp.o(i.tcp_close)
    tcp_eff_send_mss_netif                   0x0800582b   Thumb Code    52  tcp.o(i.tcp_eff_send_mss_netif)
    tcp_enqueue_flags                        0x0800585f   Thumb Code   276  tcp_out.o(i.tcp_enqueue_flags)
    tcp_fasttmr                              0x08005975   Thumb Code   150  tcp.o(i.tcp_fasttmr)
    tcp_free                                 0x08005a19   Thumb Code    18  tcp.o(i.tcp_free)
    tcp_input                                0x08005b55   Thumb Code  1396  tcp_in.o(i.tcp_input)
    tcp_keepalive                            0x0800613d   Thumb Code    98  tcp_out.o(i.tcp_keepalive)
    tcp_netif_ip_addr_changed                0x08006439   Thumb Code    64  tcp.o(i.tcp_netif_ip_addr_changed)
    tcp_next_iss                             0x080064b9   Thumb Code    26  tcp.o(i.tcp_next_iss)
    tcp_output                               0x080064dd   Thumb Code   644  tcp_out.o(i.tcp_output)
    tcp_pcb_purge                            0x08006aa5   Thumb Code   108  tcp.o(i.tcp_pcb_purge)
    tcp_pcb_remove                           0x08006b2d   Thumb Code   132  tcp.o(i.tcp_pcb_remove)
    tcp_process_refused_data                 0x080071d9   Thumb Code   180  tcp.o(i.tcp_process_refused_data)
    tcp_recv_null                            0x080078e1   Thumb Code    68  tcp.o(i.tcp_recv_null)
    tcp_recved                               0x08007941   Thumb Code   108  tcp.o(i.tcp_recved)
    tcp_rexmit                               0x080079e1   Thumb Code   130  tcp_out.o(i.tcp_rexmit)
    tcp_rexmit_fast                          0x08007a63   Thumb Code   128  tcp_out.o(i.tcp_rexmit_fast)
    tcp_rexmit_rto                           0x08007ae3   Thumb Code    24  tcp_out.o(i.tcp_rexmit_rto)
    tcp_rexmit_rto_commit                    0x08007afb   Thumb Code    34  tcp_out.o(i.tcp_rexmit_rto_commit)
    tcp_rexmit_rto_prepare                   0x08007b1d   Thumb Code   146  tcp_out.o(i.tcp_rexmit_rto_prepare)
    tcp_rst                                  0x08007bcd   Thumb Code    54  tcp_out.o(i.tcp_rst)
    tcp_rst_netif                            0x08007c65   Thumb Code    64  tcp_out.o(i.tcp_rst_netif)
    tcp_seg_free                             0x08007ca5   Thumb Code    26  tcp.o(i.tcp_seg_free)
    tcp_segs_free                            0x08007cbf   Thumb Code    24  tcp.o(i.tcp_segs_free)
    tcp_send_empty_ack                       0x08007cd7   Thumb Code   180  tcp_out.o(i.tcp_send_empty_ack)
    tcp_send_fin                             0x08007d8b   Thumb Code    82  tcp_out.o(i.tcp_send_fin)
    tcp_slowtmr                              0x08007ddd   Thumb Code  1040  tcp.o(i.tcp_slowtmr)
    tcp_split_unsent_seg                     0x080081ed   Thumb Code   438  tcp_out.o(i.tcp_split_unsent_seg)
    tcp_timer_needed                         0x080083a5   Thumb Code    38  timeouts.o(i.tcp_timer_needed)
    tcp_tmr                                  0x08008495   Thumb Code    30  tcp.o(i.tcp_tmr)
    tcp_trigger_input_pcb_close              0x080084b9   Thumb Code    14  tcp_in.o(i.tcp_trigger_input_pcb_close)
    tcp_update_rcv_ann_wnd                   0x080084cd   Thumb Code    88  tcp.o(i.tcp_update_rcv_ann_wnd)
    tcp_zero_window_probe                    0x08008525   Thumb Code   242  tcp_out.o(i.tcp_zero_window_probe)
    time_update                              0x08008651   Thumb Code    10  main.o(i.time_update)
    timer1_config                            0x08008661   Thumb Code    78  main.o(i.timer1_config)
    timer6_config                            0x080086b1   Thumb Code    66  main.o(i.timer6_config)
    timer_deinit                             0x080086f9   Thumb Code   374  gd32f4xx_timer.o(i.timer_deinit)
    timer_enable                             0x0800887d   Thumb Code    10  gd32f4xx_timer.o(i.timer_enable)
    timer_init                               0x08008889   Thumb Code   122  gd32f4xx_timer.o(i.timer_init)
    timer_interrupt_enable                   0x08008921   Thumb Code     8  gd32f4xx_timer.o(i.timer_interrupt_enable)
    timer_interrupt_flag_clear               0x08008929   Thumb Code     6  gd32f4xx_timer.o(i.timer_interrupt_flag_clear)
    timer_interrupt_flag_get                 0x0800892f   Thumb Code    24  gd32f4xx_timer.o(i.timer_interrupt_flag_get)
    timer_struct_para_init                   0x08008947   Thumb Code    22  gd32f4xx_timer.o(i.timer_struct_para_init)
    udp_bind                                 0x0800895d   Thumb Code   198  udp.o(i.udp_bind)
    udp_demo                                 0x08008a45   Thumb Code    48  main.o(i.udp_demo)
    udp_demo_callback                        0x08008a7d   Thumb Code    54  main.o(i.udp_demo_callback)
    udp_input                                0x08008ab9   Thumb Code   452  udp.o(i.udp_input)
    udp_netif_ip_addr_changed                0x08008ced   Thumb Code    42  udp.o(i.udp_netif_ip_addr_changed)
    udp_new                                  0x08008d1d   Thumb Code    28  udp.o(i.udp_new)
    udp_recv                                 0x08008d91   Thumb Code    34  udp.o(i.udp_recv)
    udp_remove                               0x08008dcd   Thumb Code    84  udp.o(i.udp_remove)
    udp_send_example                         0x08008e3d   Thumb Code   130  main.o(i.udp_send_example)
    udp_sendto                               0x08008ed1   Thumb Code   142  udp.o(i.udp_sendto)
    udp_sendto_if                            0x08008fb1   Thumb Code   162  udp.o(i.udp_sendto_if)
    udp_sendto_if_src                        0x080090cd   Thumb Code   392  udp.o(i.udp_sendto_if_src)
    usart0_config                            0x08009301   Thumb Code    80  main.o(i.usart0_config)
    usart5_config                            0x08009359   Thumb Code    90  main.o(i.usart5_config)
    usart_baudrate_set                       0x080093bd   Thumb Code   224  gd32f4xx_usart.o(i.usart_baudrate_set)
    usart_data_receive                       0x080094a5   Thumb Code    10  gd32f4xx_usart.o(i.usart_data_receive)
    usart_data_transmit                      0x080094af   Thumb Code     8  gd32f4xx_usart.o(i.usart_data_transmit)
    usart_deinit                             0x080094b9   Thumb Code   210  gd32f4xx_usart.o(i.usart_deinit)
    usart_enable                             0x08009595   Thumb Code    10  gd32f4xx_usart.o(i.usart_enable)
    usart_flag_get                           0x0800959f   Thumb Code    30  gd32f4xx_usart.o(i.usart_flag_get)
    usart_hardware_flow_cts_config           0x080095bd   Thumb Code    20  gd32f4xx_usart.o(i.usart_hardware_flow_cts_config)
    usart_hardware_flow_rts_config           0x080095d1   Thumb Code    20  gd32f4xx_usart.o(i.usart_hardware_flow_rts_config)
    usart_interrupt_enable                   0x080095e5   Thumb Code    26  gd32f4xx_usart.o(i.usart_interrupt_enable)
    usart_interrupt_flag_clear               0x080095ff   Thumb Code    26  gd32f4xx_usart.o(i.usart_interrupt_flag_clear)
    usart_interrupt_flag_get                 0x08009619   Thumb Code    56  gd32f4xx_usart.o(i.usart_interrupt_flag_get)
    usart_parity_config                      0x08009651   Thumb Code    16  gd32f4xx_usart.o(i.usart_parity_config)
    usart_receive_config                     0x08009661   Thumb Code    16  gd32f4xx_usart.o(i.usart_receive_config)
    usart_stop_bit_set                       0x08009671   Thumb Code    16  gd32f4xx_usart.o(i.usart_stop_bit_set)
    usart_transmit_config                    0x08009681   Thumb Code    16  gd32f4xx_usart.o(i.usart_transmit_config)
    usart_word_length_set                    0x08009691   Thumb Code    16  gd32f4xx_usart.o(i.usart_word_length_set)
    ip_addr_any                              0x080097a0   Data           4  ip4_addr.o(.constdata)
    ip_addr_broadcast                        0x080097a4   Data           4  ip4_addr.o(.constdata)
    memp_UDP_PCB                             0x080097a8   Data          16  memp.o(.constdata)
    memp_TCP_PCB                             0x080097b8   Data          16  memp.o(.constdata)
    memp_TCP_PCB_LISTEN                      0x080097c8   Data          16  memp.o(.constdata)
    memp_TCP_SEG                             0x080097d8   Data          16  memp.o(.constdata)
    memp_REASSDATA                           0x080097e8   Data          16  memp.o(.constdata)
    memp_FRAG_PBUF                           0x080097f8   Data          16  memp.o(.constdata)
    memp_SYS_TIMEOUT                         0x08009808   Data          16  memp.o(.constdata)
    memp_PBUF                                0x08009818   Data          16  memp.o(.constdata)
    memp_PBUF_POOL                           0x08009828   Data          16  memp.o(.constdata)
    memp_pools                               0x08009838   Data          36  memp.o(.constdata)
    tcp_pcb_lists                            0x0800989c   Data          16  tcp.o(.constdata)
    ethbroadcast                             0x080098ac   Data           6  ethernet.o(.constdata)
    ethzero                                  0x080098b2   Data           6  ethernet.o(.constdata)
    Region$$Table$$Base                      0x08009990   Number         0  anon$$obj.o(Region$$Table)
    Region$$Table$$Limit                     0x080099b0   Number         0  anon$$obj.o(Region$$Table)
    upcb                                     0x20000000   Data           4  main.o(.data)
    usart5_data_ready                        0x20000004   Data           1  main.o(.data)
    usart5_error                             0x20000005   Data           1  main.o(.data)
    usart5_counter                           0x20000006   Data           1  main.o(.data)
    buffer                                   0x20000007   Data          16  main.o(.data)
    buffer_size                              0x20000018   Data           2  main.o(.data)
    g_localtime                              0x2000001c   Data           4  main.o(.data)
    g_timedelay                              0x20000020   Data           4  main.o(.data)
    tcpcurtime                               0x20000028   Data           4  netconf.o(.data)
    arpcurtime                               0x2000002c   Data           4  netconf.o(.data)
    acdcurtime                               0x20000030   Data           4  netconf.o(.data)
    ip_address                               0x20000034   Data           4  netconf.o(.data)
    dma_current_txdesc                       0x20000038   Data           4  gd32f4xx_enet.o(.data)
    dma_current_rxdesc                       0x2000003c   Data           4  gd32f4xx_enet.o(.data)
    dma_current_ptp_txdesc                   0x20000040   Data           4  gd32f4xx_enet.o(.data)
    dma_current_ptp_rxdesc                   0x20000044   Data           4  gd32f4xx_enet.o(.data)
    netif_list                               0x200000a0   Data           4  netif.o(.data)
    netif_default                            0x200000a4   Data           4  netif.o(.data)
    tcp_ticks                                0x200000b0   Data           4  tcp.o(.data)
    tcp_bound_pcbs                           0x200000b4   Data           4  tcp.o(.data)
    tcp_listen_pcbs                          0x200000b8   Data           4  tcp.o(.data)
    tcp_active_pcbs                          0x200000bc   Data           4  tcp.o(.data)
    tcp_tw_pcbs                              0x200000c0   Data           4  tcp.o(.data)
    tcp_active_pcbs_changed                  0x200000c4   Data           1  tcp.o(.data)
    tcp_input_pcb                            0x200000f0   Data           4  tcp_in.o(.data)
    udp_pcbs                                 0x20000104   Data           4  udp.o(.data)
    __stdout                                 0x20000108   Data           4  stdout.o(.data)
    usart5_buffer                            0x2000010c   Data          16  main.o(.bss)
    usart5_buffer_rx                         0x2000011c   Data          16  main.o(.bss)
    g_mynetif                                0x2000012c   Data          64  netconf.o(.bss)
    rxdesc_tab                               0x2000016c   Data          80  gd32f4xx_enet.o(.bss)
    txdesc_tab                               0x200001bc   Data          80  gd32f4xx_enet.o(.bss)
    rx_buff                                  0x2000020c   Data        7620  gd32f4xx_enet.o(.bss)
    tx_buff                                  0x20001fd0   Data        7620  gd32f4xx_enet.o(.bss)
    ip_data                                  0x20003ec0   Data          24  ip.o(.bss)
    ram_heap                                 0x20003ed8   Data       20499  mem.o(.bss)
    memp_memory_UDP_PCB_base                 0x20008eeb   Data         195  memp.o(.bss)
    memp_memory_TCP_PCB_base                 0x20008fae   Data        1523  memp.o(.bss)
    memp_memory_TCP_PCB_LISTEN_base          0x200095a1   Data         171  memp.o(.bss)
    memp_memory_TCP_SEG_base                 0x2000964c   Data         243  memp.o(.bss)
    memp_memory_REASSDATA_base               0x2000973f   Data         163  memp.o(.bss)
    memp_memory_FRAG_PBUF_base               0x200097e2   Data         363  memp.o(.bss)
    memp_memory_SYS_TIMEOUT_base             0x2000994d   Data         163  memp.o(.bss)
    memp_memory_PBUF_base                    0x200099f0   Data         163  memp.o(.bss)
    memp_memory_PBUF_POOL_base               0x20009a93   Data       15163  memp.o(.bss)
    __initial_sp                             0x2000d9e8   Data           0  startup_gd32f450_470.o(STACK)



==============================================================================

Memory Map of the image

  Image Entry point : 0x080001ad

  Load Region LR_IROM1 (Base: 0x08000000, Size: 0x00009abc, Max: 0x00300000, ABSOLUTE)

    Execution Region ER_IROM1 (Exec base: 0x08000000, Load base: 0x08000000, Size: 0x000099b0, Max: 0x00300000, ABSOLUTE)

    Exec Addr    Load Addr    Size         Type   Attr      Idx    E Section Name        Object

    0x08000000   0x08000000   0x000001ac   Data   RO         8503    RESET               startup_gd32f450_470.o
    0x080001ac   0x080001ac   0x00000000   Code   RO         8566  * .ARM.Collect$$$$00000000  mc_w.l(entry.o)
    0x080001ac   0x080001ac   0x00000004   Code   RO         8876    .ARM.Collect$$$$00000001  mc_w.l(entry2.o)
    0x080001b0   0x080001b0   0x00000004   Code   RO         8879    .ARM.Collect$$$$00000004  mc_w.l(entry5.o)
    0x080001b4   0x080001b4   0x00000000   Code   RO         8881    .ARM.Collect$$$$00000008  mc_w.l(entry7b.o)
    0x080001b4   0x080001b4   0x00000000   Code   RO         8883    .ARM.Collect$$$$0000000A  mc_w.l(entry8b.o)
    0x080001b4   0x080001b4   0x00000008   Code   RO         8884    .ARM.Collect$$$$0000000B  mc_w.l(entry9a.o)
    0x080001bc   0x080001bc   0x00000004   Code   RO         8891    .ARM.Collect$$$$0000000E  mc_w.l(entry12b.o)
    0x080001c0   0x080001c0   0x00000000   Code   RO         8886    .ARM.Collect$$$$0000000F  mc_w.l(entry10a.o)
    0x080001c0   0x080001c0   0x00000000   Code   RO         8888    .ARM.Collect$$$$00000011  mc_w.l(entry11a.o)
    0x080001c0   0x080001c0   0x00000004   Code   RO         8877    .ARM.Collect$$$$00002712  mc_w.l(entry2.o)
    0x080001c4   0x080001c4   0x00000024   Code   RO         8504    .text               startup_gd32f450_470.o
    0x080001e8   0x080001e8   0x00000040   Code   RO         8599    .text               mc_w.l(memmovea.o)
    0x08000228   0x08000228   0x00000024   Code   RO         8601    .text               mc_w.l(memseta.o)
    0x0800024c   0x0800024c   0x0000001a   Code   RO         8605    .text               mc_w.l(memcmp.o)
    0x08000266   0x08000266   0x0000002c   Code   RO         8895    .text               mc_w.l(uidiv.o)
    0x08000292   0x08000292   0x00000002   PAD
    0x08000294   0x08000294   0x00000024   Code   RO         8919    .text               mc_w.l(init.o)
    0x080002b8   0x080002b8   0x00000000   Code   RO         8921    .text               mc_w.l(semi.o)
    0x080002b8   0x080002b8   0x00000000   Code   RO         8930    .text               mc_w.l(iusesemip.o)
    0x080002b8   0x080002b8   0x00000004   Code   RO          392    i.BusFault_Handler  gd32f4xx_it.o
    0x080002bc   0x080002bc   0x00000024   Code   RO            3    i.Crc8              main.o
    0x080002e0   0x080002e0   0x00000004   Code   RO          393    i.DebugMon_Handler  gd32f4xx_it.o
    0x080002e4   0x080002e4   0x00000004   Code   RO          394    i.HardFault_Handler  gd32f4xx_it.o
    0x080002e8   0x080002e8   0x00000004   Code   RO          395    i.MemManage_Handler  gd32f4xx_it.o
    0x080002ec   0x080002ec   0x00000004   Code   RO          396    i.NMI_Handler       gd32f4xx_it.o
    0x080002f0   0x080002f0   0x00000004   Code   RO          397    i.PendSV_Handler    gd32f4xx_it.o
    0x080002f4   0x080002f4   0x00000004   Code   RO          398    i.SVC_Handler       gd32f4xx_it.o
    0x080002f8   0x080002f8   0x00000008   Code   RO          399    i.SysTick_Handler   gd32f4xx_it.o
    0x08000300   0x08000300   0x0000017c   Code   RO         8457    i.SystemInit        system_gd32f4xx.o
    0x0800047c   0x0800047c   0x0000008c   Code   RO            4    i.TIMER1_IRQHandler  main.o
    0x08000508   0x08000508   0x0000002c   Code   RO            5    i.TIMER6_IRQHandler  main.o
    0x08000534   0x08000534   0x000000a0   Code   RO            6    i.USART5_IRQHandler  main.o
    0x080005d4   0x080005d4   0x00000004   Code   RO          400    i.UsageFault_Handler  gd32f4xx_it.o
    0x080005d8   0x080005d8   0x00000020   Code   RO         8702    i.__0printf$3       mc_w.l(printf3.o)
    0x080005f8   0x080005f8   0x0000000e   Code   RO         8937    i.__scatterload_copy  mc_w.l(handlers.o)
    0x08000606   0x08000606   0x00000002   Code   RO         8938    i.__scatterload_null  mc_w.l(handlers.o)
    0x08000608   0x08000608   0x0000000e   Code   RO         8939    i.__scatterload_zeroinit  mc_w.l(handlers.o)
    0x08000616   0x08000616   0x00000002   PAD
    0x08000618   0x08000618   0x000001b8   Code   RO         8709    i._printf_core      mc_w.l(printf3.o)
    0x080007d0   0x080007d0   0x0000001c   Code   RO         8458    i._soft_delay_      system_gd32f4xx.o
    0x080007ec   0x080007ec   0x000000a2   Code   RO         8333    i.acd_arp_reply     acd.o
    0x0800088e   0x0800088e   0x00000046   Code   RO         8334    i.acd_handle_arp_conflict  acd.o
    0x080008d4   0x080008d4   0x0000005c   Code   RO         8335    i.acd_netif_ip_addr_changed  acd.o
    0x08000930   0x08000930   0x00000044   Code   RO         8337    i.acd_put_in_passive_mode  acd.o
    0x08000974   0x08000974   0x00000038   Code   RO         8339    i.acd_restart       acd.o
    0x080009ac   0x080009ac   0x00000010   Code   RO         8341    i.acd_stop          acd.o
    0x080009bc   0x080009bc   0x0000015c   Code   RO         6235    i.dhcp_create_msg   dhcp.o
    0x08000b18   0x08000b18   0x0000011c   Code   RO         6238    i.dhcp_discover     dhcp.o
    0x08000c34   0x08000c34   0x0000004e   Code   RO         6245    i.dhcp_network_changed_link_up  dhcp.o
    0x08000c82   0x08000c82   0x00000018   Code   RO         6246    i.dhcp_option       dhcp.o
    0x08000c9a   0x08000c9a   0x00000010   Code   RO         6247    i.dhcp_option_byte  dhcp.o
    0x08000caa   0x08000caa   0x00000032   Code   RO         6248    i.dhcp_option_long  dhcp.o
    0x08000cdc   0x08000cdc   0x0000001a   Code   RO         6249    i.dhcp_option_short  dhcp.o
    0x08000cf6   0x08000cf6   0x0000003a   Code   RO         6250    i.dhcp_option_trailer  dhcp.o
    0x08000d30   0x08000d30   0x00000128   Code   RO         6253    i.dhcp_reboot       dhcp.o
    0x08000e58   0x08000e58   0x00000010   Code   RO         6259    i.dhcp_set_state    dhcp.o
    0x08000e68   0x08000e68   0x00000014   Code   RO         7079    i.do_memp_free_pool  memp.o
    0x08000e7c   0x08000e7c   0x0000001e   Code   RO         7080    i.do_memp_malloc_pool  memp.o
    0x08000e9a   0x08000e9a   0x00000002   PAD
    0x08000e9c   0x08000e9c   0x00000098   Code   RO         1930    i.enet_default_init  gd32f4xx_enet.o
    0x08000f34   0x08000f34   0x00000018   Code   RO         1931    i.enet_deinit       gd32f4xx_enet.o
    0x08000f4c   0x08000f4c   0x00000018   Code   RO         1932    i.enet_delay        gd32f4xx_enet.o
    0x08000f64   0x08000f64   0x00000064   Code   RO         1936    i.enet_desc_information_get  gd32f4xx_enet.o
    0x08000fc8   0x08000fc8   0x000000c8   Code   RO         1938    i.enet_descriptors_chain_init  gd32f4xx_enet.o
    0x08001090   0x08001090   0x0000000c   Code   RO         1945    i.enet_enable       gd32f4xx_enet.o
    0x0800109c   0x0800109c   0x000000f8   Code   RO         1955    i.enet_frame_receive  gd32f4xx_enet.o
    0x08001194   0x08001194   0x000000cc   Code   RO         1956    i.enet_frame_transmit  gd32f4xx_enet.o
    0x08001260   0x08001260   0x000001c8   Code   RO          465    i.enet_gpio_config  gd32f4xx_enet_eval.o
    0x08001428   0x08001428   0x00000368   Code   RO         1957    i.enet_init         gd32f4xx_enet.o
    0x08001790   0x08001790   0x00000028   Code   RO         1959    i.enet_initpara_reset  gd32f4xx_enet.o
    0x080017b8   0x080017b8   0x00000030   Code   RO         1965    i.enet_mac_address_set  gd32f4xx_enet.o
    0x080017e8   0x080017e8   0x00000040   Code   RO          466    i.enet_mac_dma_config  gd32f4xx_enet_eval.o
    0x08001828   0x08001828   0x000000d8   Code   RO         1975    i.enet_phy_config   gd32f4xx_enet.o
    0x08001900   0x08001900   0x0000009c   Code   RO         1976    i.enet_phy_write_read  gd32f4xx_enet.o
    0x0800199c   0x0800199c   0x0000000a   Code   RO         1994    i.enet_rx_desc_immediate_receive_complete_interrupt  gd32f4xx_enet.o
    0x080019a6   0x080019a6   0x00000002   PAD
    0x080019a8   0x080019a8   0x00000024   Code   RO         1996    i.enet_rx_enable    gd32f4xx_enet.o
    0x080019cc   0x080019cc   0x000000ac   Code   RO         1997    i.enet_rxframe_drop  gd32f4xx_enet.o
    0x08001a78   0x08001a78   0x00000098   Code   RO         1998    i.enet_rxframe_size_get  gd32f4xx_enet.o
    0x08001b10   0x08001b10   0x0000003c   Code   RO         2000    i.enet_software_reset  gd32f4xx_enet.o
    0x08001b4c   0x08001b4c   0x0000007c   Code   RO          467    i.enet_system_setup  gd32f4xx_enet_eval.o
    0x08001bc8   0x08001bc8   0x00000028   Code   RO         2003    i.enet_tx_enable    gd32f4xx_enet.o
    0x08001bf0   0x08001bf0   0x00000034   Code   RO         2004    i.enet_txfifo_flush  gd32f4xx_enet.o
    0x08001c24   0x08001c24   0x0000002c   Code   RO         6466    i.etharp_acd_announce  etharp.o
    0x08001c50   0x08001c50   0x00000194   Code   RO         6470    i.etharp_find_entry  etharp.o
    0x08001de4   0x08001de4   0x00000078   Code   RO         6471    i.etharp_free_entry  etharp.o
    0x08001e5c   0x08001e5c   0x00000110   Code   RO         6473    i.etharp_input      etharp.o
    0x08001f6c   0x08001f6c   0x00000154   Code   RO         6474    i.etharp_output     etharp.o
    0x080020c0   0x080020c0   0x000000b8   Code   RO         6475    i.etharp_output_to_arp_index  etharp.o
    0x08002178   0x08002178   0x000001b0   Code   RO         6476    i.etharp_query      etharp.o
    0x08002328   0x08002328   0x000000a2   Code   RO         6477    i.etharp_raw        etharp.o
    0x080023ca   0x080023ca   0x00000002   PAD
    0x080023cc   0x080023cc   0x0000001c   Code   RO         6478    i.etharp_request    etharp.o
    0x080023e8   0x080023e8   0x0000002c   Code   RO         6479    i.etharp_request_dst  etharp.o
    0x08002414   0x08002414   0x000000e4   Code   RO         6480    i.etharp_tmr        etharp.o
    0x080024f8   0x080024f8   0x000000cc   Code   RO         6481    i.etharp_update_arp_entry  etharp.o
    0x080025c4   0x080025c4   0x000000d8   Code   RO         8305    i.ethernet_input    ethernet.o
    0x0800269c   0x0800269c   0x0000005e   Code   RO         8306    i.ethernet_output   ethernet.o
    0x080026fa   0x080026fa   0x00000002   PAD
    0x080026fc   0x080026fc   0x00000030   Code   RO         8410    i.ethernetif_init   ethernetif.o
    0x0800272c   0x0800272c   0x00000030   Code   RO         8411    i.ethernetif_input  ethernetif.o
    0x0800275c   0x0800275c   0x00000012   Code   RO         8892    i.fputc             mc_w.l(fputc.o)
    0x0800276e   0x0800276e   0x0000005e   Code   RO         3126    i.gpio_af_set       gd32f4xx_gpio.o
    0x080027cc   0x080027cc   0x00000004   Code   RO         3127    i.gpio_bit_reset    gd32f4xx_gpio.o
    0x080027d0   0x080027d0   0x00000004   Code   RO         3128    i.gpio_bit_set      gd32f4xx_gpio.o
    0x080027d4   0x080027d4   0x00000110   Code   RO            8    i.gpio_config       main.o
    0x080028e4   0x080028e4   0x0000004e   Code   RO         3134    i.gpio_mode_set     gd32f4xx_gpio.o
    0x08002932   0x08002932   0x00000042   Code   RO         3136    i.gpio_output_options_set  gd32f4xx_gpio.o
    0x08002974   0x08002974   0x00000012   Code   RO         6571    i.icmp_dest_unreach  icmp.o
    0x08002986   0x08002986   0x00000002   PAD
    0x08002988   0x08002988   0x00000208   Code   RO         6572    i.icmp_input        icmp.o
    0x08002b90   0x08002b90   0x000000a6   Code   RO         6573    i.icmp_send_response  icmp.o
    0x08002c36   0x08002c36   0x00000012   Code   RO         6574    i.icmp_time_exceeded  icmp.o
    0x08002c48   0x08002c48   0x00000014   Code   RO         6886    i.inet_chksum       inet_chksum.o
    0x08002c5c   0x08002c5c   0x00000056   Code   RO         6887    i.inet_chksum_pbuf  inet_chksum.o
    0x08002cb2   0x08002cb2   0x0000004c   Code   RO         6888    i.inet_chksum_pseudo  inet_chksum.o
    0x08002cfe   0x08002cfe   0x0000008c   Code   RO         6890    i.inet_cksum_pseudo_base  inet_chksum.o
    0x08002d8a   0x08002d8a   0x0000004e   Code   RO         6678    i.ip4_addr_isbroadcast_u32  ip4_addr.o
    0x08002dd8   0x08002dd8   0x00000200   Code   RO         6737    i.ip4_frag          ip4_frag.o
    0x08002fd8   0x08002fd8   0x00000220   Code   RO         6616    i.ip4_input         ip4.o
    0x080031f8   0x080031f8   0x0000003c   Code   RO         6617    i.ip4_input_accept  ip4.o
    0x08003234   0x08003234   0x00000036   Code   RO         6619    i.ip4_output_if     ip4.o
    0x0800326a   0x0800326a   0x00000002   PAD
    0x0800326c   0x0800326c   0x00000140   Code   RO         6620    i.ip4_output_if_src  ip4.o
    0x080033ac   0x080033ac   0x0000022c   Code   RO         6738    i.ip4_reass         ip4_frag.o
    0x080035d8   0x080035d8   0x00000098   Code   RO         6621    i.ip4_route         ip4.o
    0x08003670   0x08003670   0x00000024   Code   RO         6892    i.ip_chksum_pseudo  inet_chksum.o
    0x08003694   0x08003694   0x0000000a   Code   RO         6739    i.ip_frag_alloc_pbuf_custom_ref  ip4_frag.o
    0x0800369e   0x0800369e   0x00000012   Code   RO         6740    i.ip_frag_free_pbuf_custom_ref  ip4_frag.o
    0x080036b0   0x080036b0   0x00000194   Code   RO         6741    i.ip_reass_chain_frag_into_datagram_and_validate  ip4_frag.o
    0x08003844   0x08003844   0x0000002c   Code   RO         6742    i.ip_reass_dequeue_datagram  ip4_frag.o
    0x08003870   0x08003870   0x00000058   Code   RO         6743    i.ip_reass_enqueue_new_datagram  ip4_frag.o
    0x080038c8   0x080038c8   0x000000a0   Code   RO         6744    i.ip_reass_free_complete_datagram  ip4_frag.o
    0x08003968   0x08003968   0x00000088   Code   RO         6745    i.ip_reass_remove_oldest_datagram  ip4_frag.o
    0x080039f0   0x080039f0   0x00000020   Code   RO         6747    i.ipfrag_free_pbuf_custom  ip4_frag.o
    0x08003a10   0x08003a10   0x00000070   Code   RO         8412    i.low_level_init    ethernetif.o
    0x08003a80   0x08003a80   0x00000060   Code   RO         8413    i.low_level_input   ethernetif.o
    0x08003ae0   0x08003ae0   0x00000050   Code   RO         8414    i.low_level_output  ethernetif.o
    0x08003b30   0x08003b30   0x00000010   Code   RO          503    i.lwip_frame_recv   netconf.o
    0x08003b40   0x08003b40   0x0000001a   Code   RO         6832    i.lwip_htonl        def.o
    0x08003b5a   0x08003b5a   0x0000000c   Code   RO         6833    i.lwip_htons        def.o
    0x08003b66   0x08003b66   0x00000002   Code   RO            9    i.lwip_netif_status_callback  main.o
    0x08003b68   0x08003b68   0x00000068   Code   RO          504    i.lwip_stack_init   netconf.o
    0x08003bd0   0x08003bd0   0x0000005e   Code   RO         6894    i.lwip_standard_chksum  inet_chksum.o
    0x08003c2e   0x08003c2e   0x00000002   PAD
    0x08003c30   0x08003c30   0x0000003c   Code   RO          505    i.lwip_timeouts_check  netconf.o
    0x08003c6c   0x08003c6c   0x000000a8   Code   RO           10    i.main              main.o
    0x08003d14   0x08003d14   0x00000094   Code   RO         7010    i.mem_free          mem.o
    0x08003da8   0x08003da8   0x0000005c   Code   RO         7011    i.mem_init          mem.o
    0x08003e04   0x08003e04   0x00000058   Code   RO         7012    i.mem_link_valid    mem.o
    0x08003e5c   0x08003e5c   0x0000010c   Code   RO         7013    i.mem_malloc        mem.o
    0x08003f68   0x08003f68   0x00000010   Code   RO         7014    i.mem_to_ptr        mem.o
    0x08003f78   0x08003f78   0x00000124   Code   RO         7015    i.mem_trim          mem.o
    0x0800409c   0x0800409c   0x00000050   Code   RO         7081    i.memp_free         memp.o
    0x080040ec   0x080040ec   0x00000020   Code   RO         7083    i.memp_init         memp.o
    0x0800410c   0x0800410c   0x0000002c   Code   RO         7084    i.memp_init_pool    memp.o
    0x08004138   0x08004138   0x00000050   Code   RO         7085    i.memp_malloc       memp.o
    0x08004188   0x08004188   0x00000170   Code   RO         7170    i.netif_add         netif.o
    0x080042f8   0x080042f8   0x00000018   Code   RO         7172    i.netif_do_ip_addr_changed  netif.o
    0x08004310   0x08004310   0x0000002a   Code   RO         7173    i.netif_do_set_gw   netif.o
    0x0800433a   0x0800433a   0x00000066   Code   RO         7174    i.netif_do_set_ipaddr  netif.o
    0x080043a0   0x080043a0   0x0000002a   Code   RO         7175    i.netif_do_set_netmask  netif.o
    0x080043ca   0x080043ca   0x00000002   PAD
    0x080043cc   0x080043cc   0x00000028   Code   RO         7177    i.netif_get_by_index  netif.o
    0x080043f4   0x080043f4   0x0000001e   Code   RO         7181    i.netif_issue_reports  netif.o
    0x08004412   0x08004412   0x00000008   Code   RO         7183    i.netif_null_output_ip4  netif.o
    0x0800441a   0x0800441a   0x00000002   PAD
    0x0800441c   0x0800441c   0x00000060   Code   RO         7185    i.netif_set_addr    netif.o
    0x0800447c   0x0800447c   0x00000010   Code   RO         7186    i.netif_set_default  netif.o
    0x0800448c   0x0800448c   0x00000068   Code   RO         7191    i.netif_set_link_up  netif.o
    0x080044f4   0x080044f4   0x00000006   Code   RO         7193    i.netif_set_status_callback  netif.o
    0x080044fa   0x080044fa   0x00000002   PAD
    0x080044fc   0x080044fc   0x00000068   Code   RO         7194    i.netif_set_up      netif.o
    0x08004564   0x08004564   0x0000002a   Code   RO           11    i.nvic_config       main.o
    0x0800458e   0x0800458e   0x00000002   PAD
    0x08004590   0x08004590   0x000000c4   Code   RO         3699    i.nvic_irq_enable   gd32f4xx_misc.o
    0x08004654   0x08004654   0x00000014   Code   RO         3700    i.nvic_priority_group_set  gd32f4xx_misc.o
    0x08004668   0x08004668   0x00000012   Code   RO         7346    i.pbuf_add_header   pbuf.o
    0x0800467a   0x0800467a   0x0000006a   Code   RO         7348    i.pbuf_add_header_impl  pbuf.o
    0x080046e4   0x080046e4   0x00000138   Code   RO         7349    i.pbuf_alloc        pbuf.o
    0x0800481c   0x0800481c   0x00000038   Code   RO         7350    i.pbuf_alloc_reference  pbuf.o
    0x08004854   0x08004854   0x0000005a   Code   RO         7351    i.pbuf_alloced_custom  pbuf.o
    0x080048ae   0x080048ae   0x00000002   PAD
    0x080048b0   0x080048b0   0x0000007c   Code   RO         7352    i.pbuf_cat          pbuf.o
    0x0800492c   0x0800492c   0x0000001a   Code   RO         7353    i.pbuf_chain        pbuf.o
    0x08004946   0x08004946   0x00000012   Code   RO         7354    i.pbuf_clen         pbuf.o
    0x08004958   0x08004958   0x00000030   Code   RO         7355    i.pbuf_clone        pbuf.o
    0x08004988   0x08004988   0x0000004c   Code   RO         7357    i.pbuf_copy         pbuf.o
    0x080049d4   0x080049d4   0x000000d8   Code   RO         7358    i.pbuf_copy_partial  pbuf.o
    0x08004aac   0x08004aac   0x000001f4   Code   RO         7359    i.pbuf_copy_partial_pbuf  pbuf.o
    0x08004ca0   0x08004ca0   0x0000009a   Code   RO         7361    i.pbuf_free         pbuf.o
    0x08004d3a   0x08004d3a   0x00000012   Code   RO         7366    i.pbuf_header_force  pbuf.o
    0x08004d4c   0x08004d4c   0x00000022   Code   RO         7367    i.pbuf_header_impl  pbuf.o
    0x08004d6e   0x08004d6e   0x0000001e   Code   RO         7368    i.pbuf_init_alloced_pbuf  pbuf.o
    0x08004d8c   0x08004d8c   0x00000086   Code   RO         7372    i.pbuf_realloc      pbuf.o
    0x08004e12   0x08004e12   0x00000012   Code   RO         7373    i.pbuf_ref          pbuf.o
    0x08004e24   0x08004e24   0x00000078   Code   RO         7374    i.pbuf_remove_header  pbuf.o
    0x08004e9c   0x08004e9c   0x0000009c   Code   RO         7016    i.plug_holes        mem.o
    0x08004f38   0x08004f38   0x00000010   Code   RO         7017    i.ptr_to_mem        mem.o
    0x08004f48   0x08004f48   0x0000001c   Code   RO         3902    i.rcu_ckout0_config  gd32f4xx_rcu.o
    0x08004f64   0x08004f64   0x00000124   Code   RO         3904    i.rcu_clock_freq_get  gd32f4xx_rcu.o
    0x08005088   0x08005088   0x00000034   Code   RO           12    i.rcu_config        main.o
    0x080050bc   0x080050bc   0x00000024   Code   RO         3923    i.rcu_periph_clock_enable  gd32f4xx_rcu.o
    0x080050e0   0x080050e0   0x00000024   Code   RO         3926    i.rcu_periph_reset_disable  gd32f4xx_rcu.o
    0x08005104   0x08005104   0x00000024   Code   RO         3927    i.rcu_periph_reset_enable  gd32f4xx_rcu.o
    0x08005128   0x08005128   0x0000000c   Code   RO          506    i.sys_now           netconf.o
    0x08005134   0x08005134   0x00000022   Code   RO         8117    i.sys_timeout       timeouts.o
    0x08005156   0x08005156   0x00000002   PAD
    0x08005158   0x08005158   0x00000090   Code   RO         8118    i.sys_timeout_abs   timeouts.o
    0x080051e8   0x080051e8   0x00000018   Code   RO         5004    i.syscfg_enet_phy_interface_config  gd32f4xx_syscfg.o
    0x08005200   0x08005200   0x0000010c   Code   RO         8459    i.system_clock_200m_25m_hxtal  system_gd32f4xx.o
    0x0800530c   0x0800530c   0x00000008   Code   RO         8460    i.system_clock_config  system_gd32f4xx.o
    0x08005314   0x08005314   0x00000028   Code   RO         3704    i.systick_clksource_set  gd32f4xx_misc.o
    0x0800533c   0x0800533c   0x00000120   Code   RO         7576    i.tcp_abandon       tcp.o
    0x0800545c   0x0800545c   0x0000000e   Code   RO         7577    i.tcp_abort         tcp.o
    0x0800546a   0x0800546a   0x00000002   PAD
    0x0800546c   0x0800546c   0x000000cc   Code   RO         7580    i.tcp_alloc         tcp.o
    0x08005538   0x08005538   0x00000054   Code   RO         7584    i.tcp_close         tcp.o
    0x0800558c   0x0800558c   0x00000148   Code   RO         7585    i.tcp_close_shutdown  tcp.o
    0x080056d4   0x080056d4   0x00000070   Code   RO         7586    i.tcp_close_shutdown_fin  tcp.o
    0x08005744   0x08005744   0x000000e6   Code   RO         7951    i.tcp_create_segment  tcp_out.o
    0x0800582a   0x0800582a   0x00000034   Code   RO         7589    i.tcp_eff_send_mss_netif  tcp.o
    0x0800585e   0x0800585e   0x00000114   Code   RO         7952    i.tcp_enqueue_flags  tcp_out.o
    0x08005972   0x08005972   0x00000002   PAD
    0x08005974   0x08005974   0x000000a4   Code   RO         7591    i.tcp_fasttmr       tcp.o
    0x08005a18   0x08005a18   0x00000012   Code   RO         7592    i.tcp_free          tcp.o
    0x08005a2a   0x08005a2a   0x00000002   PAD
    0x08005a2c   0x08005a2c   0x00000094   Code   RO         7882    i.tcp_free_acked_segments  tcp_in.o
    0x08005ac0   0x08005ac0   0x00000012   Code   RO         7593    i.tcp_free_listen   tcp.o
    0x08005ad2   0x08005ad2   0x00000002   PAD
    0x08005ad4   0x08005ad4   0x00000048   Code   RO         7883    i.tcp_get_next_optbyte  tcp_in.o
    0x08005b1c   0x08005b1c   0x00000038   Code   RO         7594    i.tcp_handle_closepend  tcp.o
    0x08005b54   0x08005b54   0x00000598   Code   RO         7884    i.tcp_input         tcp_in.o
    0x080060ec   0x080060ec   0x00000050   Code   RO         7885    i.tcp_input_delayed_close  tcp_in.o
    0x0800613c   0x0800613c   0x00000062   Code   RO         7953    i.tcp_keepalive     tcp_out.o
    0x0800619e   0x0800619e   0x00000002   PAD
    0x080061a0   0x080061a0   0x0000006c   Code   RO         7596    i.tcp_kill_prio     tcp.o
    0x0800620c   0x0800620c   0x00000050   Code   RO         7597    i.tcp_kill_state    tcp.o
    0x0800625c   0x0800625c   0x00000040   Code   RO         7598    i.tcp_kill_timewait  tcp.o
    0x0800629c   0x0800629c   0x0000002c   Code   RO         7599    i.tcp_listen_closed  tcp.o
    0x080062c8   0x080062c8   0x00000170   Code   RO         7886    i.tcp_listen_input  tcp_in.o
    0x08006438   0x08006438   0x0000004c   Code   RO         7602    i.tcp_netif_ip_addr_changed  tcp.o
    0x08006484   0x08006484   0x00000032   Code   RO         7603    i.tcp_netif_ip_addr_changed_pcblist  tcp.o
    0x080064b6   0x080064b6   0x00000002   PAD
    0x080064b8   0x080064b8   0x00000024   Code   RO         7607    i.tcp_next_iss      tcp.o
    0x080064dc   0x080064dc   0x00000288   Code   RO         7954    i.tcp_output        tcp_out.o
    0x08006764   0x08006764   0x00000040   Code   RO         7955    i.tcp_output_alloc_header  tcp_out.o
    0x080067a4   0x080067a4   0x0000007a   Code   RO         7956    i.tcp_output_alloc_header_common  tcp_out.o
    0x0800681e   0x0800681e   0x0000003c   Code   RO         7957    i.tcp_output_control_segment  tcp_out.o
    0x0800685a   0x0800685a   0x0000005e   Code   RO         7958    i.tcp_output_control_segment_netif  tcp_out.o
    0x080068b8   0x080068b8   0x0000001a   Code   RO         7959    i.tcp_output_fill_options  tcp_out.o
    0x080068d2   0x080068d2   0x00000002   PAD
    0x080068d4   0x080068d4   0x000000fc   Code   RO         7960    i.tcp_output_segment  tcp_out.o
    0x080069d0   0x080069d0   0x00000016   Code   RO         7961    i.tcp_output_segment_busy  tcp_out.o
    0x080069e6   0x080069e6   0x00000002   PAD
    0x080069e8   0x080069e8   0x000000bc   Code   RO         7887    i.tcp_parseopt      tcp_in.o
    0x08006aa4   0x08006aa4   0x00000088   Code   RO         7608    i.tcp_pcb_purge     tcp.o
    0x08006b2c   0x08006b2c   0x00000084   Code   RO         7609    i.tcp_pcb_remove    tcp.o
    0x08006bb0   0x08006bb0   0x00000628   Code   RO         7888    i.tcp_process       tcp_in.o
    0x080071d8   0x080071d8   0x000000dc   Code   RO         7611    i.tcp_process_refused_data  tcp.o
    0x080072b4   0x080072b4   0x0000062c   Code   RO         7889    i.tcp_receive       tcp_in.o
    0x080078e0   0x080078e0   0x00000060   Code   RO         7613    i.tcp_recv_null     tcp.o
    0x08007940   0x08007940   0x00000084   Code   RO         7614    i.tcp_recved        tcp.o
    0x080079c4   0x080079c4   0x0000001c   Code   RO         7615    i.tcp_remove_listener  tcp.o
    0x080079e0   0x080079e0   0x00000082   Code   RO         7963    i.tcp_rexmit        tcp_out.o
    0x08007a62   0x08007a62   0x00000080   Code   RO         7964    i.tcp_rexmit_fast   tcp_out.o
    0x08007ae2   0x08007ae2   0x00000018   Code   RO         7965    i.tcp_rexmit_rto    tcp_out.o
    0x08007afa   0x08007afa   0x00000022   Code   RO         7966    i.tcp_rexmit_rto_commit  tcp_out.o
    0x08007b1c   0x08007b1c   0x00000092   Code   RO         7967    i.tcp_rexmit_rto_prepare  tcp_out.o
    0x08007bae   0x08007bae   0x0000001e   Code   RO         7968    i.tcp_route         tcp_out.o
    0x08007bcc   0x08007bcc   0x00000036   Code   RO         7969    i.tcp_rst           tcp_out.o
    0x08007c02   0x08007c02   0x00000062   Code   RO         7970    i.tcp_rst_common    tcp_out.o
    0x08007c64   0x08007c64   0x00000040   Code   RO         7971    i.tcp_rst_netif     tcp_out.o
    0x08007ca4   0x08007ca4   0x0000001a   Code   RO         7616    i.tcp_seg_free      tcp.o
    0x08007cbe   0x08007cbe   0x00000018   Code   RO         7617    i.tcp_segs_free     tcp.o
    0x08007cd6   0x08007cd6   0x000000b4   Code   RO         7972    i.tcp_send_empty_ack  tcp_out.o
    0x08007d8a   0x08007d8a   0x00000052   Code   RO         7973    i.tcp_send_fin      tcp_out.o
    0x08007ddc   0x08007ddc   0x00000410   Code   RO         7621    i.tcp_slowtmr       tcp.o
    0x080081ec   0x080081ec   0x000001b6   Code   RO         7974    i.tcp_split_unsent_seg  tcp_out.o
    0x080083a2   0x080083a2   0x00000002   PAD
    0x080083a4   0x080083a4   0x00000038   Code   RO         8122    i.tcp_timer_needed  timeouts.o
    0x080083dc   0x080083dc   0x000000b8   Code   RO         7890    i.tcp_timewait_input  tcp_in.o
    0x08008494   0x08008494   0x00000024   Code   RO         7623    i.tcp_tmr           tcp.o
    0x080084b8   0x080084b8   0x00000014   Code   RO         7891    i.tcp_trigger_input_pcb_close  tcp_in.o
    0x080084cc   0x080084cc   0x00000058   Code   RO         7625    i.tcp_update_rcv_ann_wnd  tcp.o
    0x08008524   0x08008524   0x000000f2   Code   RO         7977    i.tcp_zero_window_probe  tcp_out.o
    0x08008616   0x08008616   0x00000002   PAD
    0x08008618   0x08008618   0x00000038   Code   RO         8123    i.tcpip_tcp_timer   timeouts.o
    0x08008650   0x08008650   0x00000010   Code   RO           13    i.time_update       main.o
    0x08008660   0x08008660   0x0000004e   Code   RO           14    i.timer1_config     main.o
    0x080086ae   0x080086ae   0x00000002   PAD
    0x080086b0   0x080086b0   0x00000048   Code   RO           15    i.timer6_config     main.o
    0x080086f8   0x080086f8   0x00000184   Code   RO         5095    i.timer_deinit      gd32f4xx_timer.o
    0x0800887c   0x0800887c   0x0000000a   Code   RO         5100    i.timer_enable      gd32f4xx_timer.o
    0x08008886   0x08008886   0x00000002   PAD
    0x08008888   0x08008888   0x00000098   Code   RO         5110    i.timer_init        gd32f4xx_timer.o
    0x08008920   0x08008920   0x00000008   Code   RO         5117    i.timer_interrupt_enable  gd32f4xx_timer.o
    0x08008928   0x08008928   0x00000006   Code   RO         5118    i.timer_interrupt_flag_clear  gd32f4xx_timer.o
    0x0800892e   0x0800892e   0x00000018   Code   RO         5119    i.timer_interrupt_flag_get  gd32f4xx_timer.o
    0x08008946   0x08008946   0x00000016   Code   RO         5130    i.timer_struct_para_init  gd32f4xx_timer.o
    0x0800895c   0x0800895c   0x000000e8   Code   RO         8187    i.udp_bind          udp.o
    0x08008a44   0x08008a44   0x00000038   Code   RO           16    i.udp_demo          main.o
    0x08008a7c   0x08008a7c   0x0000003c   Code   RO           17    i.udp_demo_callback  main.o
    0x08008ab8   0x08008ab8   0x000001cc   Code   RO         8192    i.udp_input         udp.o
    0x08008c84   0x08008c84   0x00000068   Code   RO         8193    i.udp_input_local_match  udp.o
    0x08008cec   0x08008cec   0x00000030   Code   RO         8194    i.udp_netif_ip_addr_changed  udp.o
    0x08008d1c   0x08008d1c   0x0000001c   Code   RO         8195    i.udp_new           udp.o
    0x08008d38   0x08008d38   0x00000058   Code   RO         8197    i.udp_new_port      udp.o
    0x08008d90   0x08008d90   0x0000003c   Code   RO         8198    i.udp_recv          udp.o
    0x08008dcc   0x08008dcc   0x00000070   Code   RO         8199    i.udp_remove        udp.o
    0x08008e3c   0x08008e3c   0x00000094   Code   RO           18    i.udp_send_example  main.o
    0x08008ed0   0x08008ed0   0x000000e0   Code   RO         8201    i.udp_sendto        udp.o
    0x08008fb0   0x08008fb0   0x0000011c   Code   RO         8202    i.udp_sendto_if     udp.o
    0x080090cc   0x080090cc   0x00000234   Code   RO         8203    i.udp_sendto_if_src  udp.o
    0x08009300   0x08009300   0x00000058   Code   RO           19    i.usart0_config     main.o
    0x08009358   0x08009358   0x00000064   Code   RO           20    i.usart5_config     main.o
    0x080093bc   0x080093bc   0x000000e8   Code   RO         5748    i.usart_baudrate_set  gd32f4xx_usart.o
    0x080094a4   0x080094a4   0x0000000a   Code   RO         5752    i.usart_data_receive  gd32f4xx_usart.o
    0x080094ae   0x080094ae   0x00000008   Code   RO         5753    i.usart_data_transmit  gd32f4xx_usart.o
    0x080094b6   0x080094b6   0x00000002   PAD
    0x080094b8   0x080094b8   0x000000dc   Code   RO         5754    i.usart_deinit      gd32f4xx_usart.o
    0x08009594   0x08009594   0x0000000a   Code   RO         5758    i.usart_enable      gd32f4xx_usart.o
    0x0800959e   0x0800959e   0x0000001e   Code   RO         5760    i.usart_flag_get    gd32f4xx_usart.o
    0x080095bc   0x080095bc   0x00000014   Code   RO         5765    i.usart_hardware_flow_cts_config  gd32f4xx_usart.o
    0x080095d0   0x080095d0   0x00000014   Code   RO         5766    i.usart_hardware_flow_rts_config  gd32f4xx_usart.o
    0x080095e4   0x080095e4   0x0000001a   Code   RO         5768    i.usart_interrupt_enable  gd32f4xx_usart.o
    0x080095fe   0x080095fe   0x0000001a   Code   RO         5769    i.usart_interrupt_flag_clear  gd32f4xx_usart.o
    0x08009618   0x08009618   0x00000038   Code   RO         5770    i.usart_interrupt_flag_get  gd32f4xx_usart.o
    0x08009650   0x08009650   0x00000010   Code   RO         5783    i.usart_parity_config  gd32f4xx_usart.o
    0x08009660   0x08009660   0x00000010   Code   RO         5785    i.usart_receive_config  gd32f4xx_usart.o
    0x08009670   0x08009670   0x00000010   Code   RO         5796    i.usart_stop_bit_set  gd32f4xx_usart.o
    0x08009680   0x08009680   0x00000010   Code   RO         5800    i.usart_transmit_config  gd32f4xx_usart.o
    0x08009690   0x08009690   0x00000010   Code   RO         5801    i.usart_word_length_set  gd32f4xx_usart.o
    0x080096a0   0x080096a0   0x00000100   Data   RO           22    .constdata          main.o
    0x080097a0   0x080097a0   0x00000008   Data   RO         6685    .constdata          ip4_addr.o
    0x080097a8   0x080097a8   0x000000b4   Data   RO         7088    .constdata          memp.o
    0x0800985c   0x0800985c   0x00000050   Data   RO         7626    .constdata          tcp.o
    0x080098ac   0x080098ac   0x0000000c   Data   RO         8307    .constdata          ethernet.o
    0x080098b8   0x080098b8   0x00000068   Data   RO         7089    .conststring        memp.o
    0x08009920   0x08009920   0x0000006d   Data   RO         7627    .conststring        tcp.o
    0x0800998d   0x0800998d   0x00000003   PAD
    0x08009990   0x08009990   0x00000020   Data   RO         8935    Region$$Table       anon$$obj.o


    Execution Region RW_IRAM1 (Exec base: 0x20000000, Load base: 0x080099b0, Size: 0x0000d9e8, Max: 0x00030000, ABSOLUTE)

    Exec Addr    Load Addr    Size         Type   Attr      Idx    E Section Name        Object

    0x20000000   0x080099b0   0x00000024   Data   RW           23    .data               main.o
    0x20000024   0x080099d4   0x00000004   Data   RW          469    .data               gd32f4xx_enet_eval.o
    0x20000028   0x080099d8   0x00000010   Data   RW          509    .data               netconf.o
    0x20000038   0x080099e8   0x00000014   Data   RW         2011    .data               gd32f4xx_enet.o
    0x2000004c   0x080099fc   0x00000018   Data   RW         6268    .data               dhcp.o
    0x20000064   0x08009a14   0x00000001   Data   RW         6483    .data               etharp.o
    0x20000065   0x08009a15   0x00000001   PAD
    0x20000066   0x08009a16   0x00000002   Data   RW         6622    .data               ip4.o
    0x20000068   0x08009a18   0x00000006   Data   RW         6748    .data               ip4_frag.o
    0x2000006e   0x08009a1e   0x00000002   PAD
    0x20000070   0x08009a20   0x0000000c   Data   RW         7019    .data               mem.o
    0x2000007c   0x08009a2c   0x00000024   Data   RW         7090    .data               memp.o
    0x200000a0   0x08009a50   0x00000009   Data   RW         7195    .data               netif.o
    0x200000a9   0x08009a59   0x00000003   PAD
    0x200000ac   0x08009a5c   0x00000020   Data   RW         7628    .data               tcp.o
    0x200000cc   0x08009a7c   0x00000028   Data   RW         7893    .data               tcp_in.o
    0x200000f4   0x08009aa4   0x0000000c   Data   RW         8125    .data               timeouts.o
    0x20000100   0x08009ab0   0x00000008   Data   RW         8204    .data               udp.o
    0x20000108   0x08009ab8   0x00000004   Data   RW         8894    .data               mc_w.l(stdout.o)
    0x2000010c        -       0x00000020   Zero   RW           21    .bss                main.o
    0x2000012c        -       0x00000040   Zero   RW          507    .bss                netconf.o
    0x2000016c        -       0x00003c64   Zero   RW         2009    .bss                gd32f4xx_enet.o
    0x20003dd0        -       0x000000f0   Zero   RW         6482    .bss                etharp.o
    0x20003ec0        -       0x00000018   Zero   RW         6993    .bss                ip.o
    0x20003ed8        -       0x00005013   Zero   RW         7018    .bss                mem.o
    0x20008eeb        -       0x000046e3   Zero   RW         7087    .bss                memp.o
    0x2000d5ce   0x08009abc   0x00000002   PAD
    0x2000d5d0        -       0x00000014   Zero   RW         7892    .bss                tcp_in.o
    0x2000d5e4   0x08009abc   0x00000004   PAD
    0x2000d5e8        -       0x00000400   Zero   RW         8501    STACK               startup_gd32f450_470.o


==============================================================================

Image component sizes


      Code (inc. data)   RO Data    RW Data    ZI Data      Debug   Object Name

       464         16          0          0          0      10918   acd.o
         0          0          0          0          0       2156   api_lib.o
        38          0          0          0          0       1330   def.o
      1196        102          0         24          0      22193   dhcp.o
      2462         92          0          1        240      13558   etharp.o
       310          6         12          0          0       3122   ethernet.o
       384         24          0          0          0       5159   ethernetif.o
      2818        256          0         20      15460      19706   gd32f4xx_enet.o
       644         32          0          4          0      29806   gd32f4xx_enet_eval.o
       246          0          0          0          0       4468   gd32f4xx_gpio.o
        40          0          0          0          0       5282   gd32f4xx_it.o
       256         20          0          0          0       2560   gd32f4xx_misc.o
       428         46          0          0          0       5184   gd32f4xx_rcu.o
        24          6          0          0          0        807   gd32f4xx_syscfg.o
       610         44          0          0          0       6333   gd32f4xx_timer.o
       738         18          0          0          0      13312   gd32f4xx_usart.o
         0          0          0          0          0       4315   hello_gigadevice.o
       722          6          0          0          0       5502   icmp.o
       452          0          0          0          0      14364   inet_chksum.o
         0          0          0          0         24       7741   ip.o
      1130         28          0          2          0       6720   ip4.o
        78          0          8          0          0      10262   ip4_addr.o
      1960         60          0          6          0      17310   ip4_frag.o
      1534        156        256         36         32     132257   main.o
      1076         74          0         12      20499       9181   mem.o
       286         78        284         36      18147      11134   memp.o
       192         46          0         16         64      17961   netconf.o
       982        162          0          9          0      16912   netif.o
      2098        378          0          0          0      18033   pbuf.o
        36          8        428          0       1024       1036   startup_gd32f450_470.o
       684         28          0          0          0       4385   system_gd32f4xx.o
      3754        338        189         32          0      35721   tcp.o
      5648        358          0         40         20      22467   tcp_in.o
      3542          8          0          0          0      34134   tcp_out.o
       290         38          0         12          0       5397   timeouts.o
      2204        490          0          8          0      13297   udp.o

    ----------------------------------------------------------------------
     37378       2918       1212        264      55516     534023   Object Totals
         0          0         32          0          0          0   (incl. Generated)
        52          0          3          6          6          0   (incl. Padding)

    ----------------------------------------------------------------------

      Code (inc. data)   RO Data    RW Data    ZI Data      Debug   Library Member Name

         0          0          0          0          0          0   entry.o
         0          0          0          0          0          0   entry10a.o
         0          0          0          0          0          0   entry11a.o
         4          0          0          0          0          0   entry12b.o
         8          4          0          0          0          0   entry2.o
         4          0          0          0          0          0   entry5.o
         0          0          0          0          0          0   entry7b.o
         0          0          0          0          0          0   entry8b.o
         8          4          0          0          0          0   entry9a.o
        18          0          0          0          0         80   fputc.o
        30          0          0          0          0          0   handlers.o
        36          8          0          0          0         68   init.o
         0          0          0          0          0          0   iusesemip.o
        26          0          0          0          0         80   memcmp.o
        64          0          0          0          0         76   memmovea.o
        36          0          0          0          0        108   memseta.o
       472         14          0          0          0        184   printf3.o
         0          0          0          0          0          0   semi.o
         0          0          0          4          0          0   stdout.o
        44          0          0          0          0         80   uidiv.o

    ----------------------------------------------------------------------
       754         30          0          4          0        676   Library Totals
         4          0          0          0          0          0   (incl. Padding)

    ----------------------------------------------------------------------

      Code (inc. data)   RO Data    RW Data    ZI Data      Debug   Library Name

       750         30          0          4          0        676   mc_w.l

    ----------------------------------------------------------------------
       754         30          0          4          0        676   Library Totals

    ----------------------------------------------------------------------

==============================================================================


      Code (inc. data)   RO Data    RW Data    ZI Data      Debug   

     38132       2948       1212        268      55516     507143   Grand Totals
     38132       2948       1212        268      55516     507143   ELF Image Totals
     38132       2948       1212        268          0          0   ROM Totals

==============================================================================

    Total RO  Size (Code + RO Data)                39344 (  38.42kB)
    Total RW  Size (RW Data + ZI Data)             55784 (  54.48kB)
    Total ROM Size (Code + RO Data + RW Data)      39612 (  38.68kB)

==============================================================================

