Component: ARM Compiler 6.16 Tool: armlink [5dfeaa00]

==============================================================================

Section Cross References

    main.o(.text.main) refers to init_config.o(.text.SettingSystemClock25MHz) for SettingSystemClock25MHz
    main.o(.text.main) refers to system_gd32f4xx.o(.text.SystemCoreClockUpdate) for SystemCoreClockUpdate
    main.o(.text.main) refers to gd32f4xx_rcu.o(.text.rcu_clock_freq_get) for rcu_clock_freq_get
    main.o(.text.main) refers to system_gd32f4xx.o(.data.SystemCoreClock) for SystemCoreClock
    main.o(.text.main) refers to init_config.o(.text.Rcu_config) for Rcu_config
    main.o(.text.main) refers to init_config.o(.text.Gpio_config) for Gpio_config
    main.o(.text.main) refers to ethernet.o(.bss.yv_ip) for yv_ip
    main.o(.text.main) refers to gd32f4xx_enet_eval.o(.text.enet_system_setup) for enet_system_setup
    main.o(.text.main) refers to netconf.o(.text.lwip_stack_init) for lwip_stack_init
    main.o(.text.main) refers to ethernet.o(.text.udp_create_socket) for udp_create_socket
    main.o(.text.main) refers to main.o(.text.NVIC_SystemReset) for NVIC_SystemReset
    main.o(.text.main) refers to configurationusartn.o(.text.ConfigUsart) for ConfigUsart
    main.o(.text.main) refers to uart.o(.bss.message_from_BKD) for message_from_BKD
    main.o(.text.main) refers to configurationusartn.o(.text.ConfigUsartDMA_Tx) for ConfigUsartDMA_Tx
    main.o(.text.main) refers to init_config.o(.text.Timer2_config) for Timer2_config
    main.o(.text.main) refers to init_config.o(.text.Timer4_config) for Timer4_config
    main.o(.text.main) refers to init_config.o(.text.Timer3_config) for Timer3_config
    main.o(.text.main) refers to init_config.o(.text.Timer6_config) for Timer6_config
    main.o(.text.main) refers to gd32f4xx_gpio.o(.text.gpio_mode_set) for gpio_mode_set
    main.o(.text.main) refers to gd32f4xx_gpio.o(.text.gpio_output_options_set) for gpio_output_options_set
    main.o(.text.main) refers to gd32f4xx_gpio.o(.text.gpio_bit_reset) for gpio_bit_reset
    main.o(.text.main) refers to gd32f4xx_enet.o(.text.enet_rxframe_size_get) for enet_rxframe_size_get
    main.o(.text.main) refers to netconf.o(.text.lwip_frame_recv) for lwip_frame_recv
    main.o(.text.main) refers to main.o(.bss.g_localtime) for g_localtime
    main.o(.text.main) refers to netconf.o(.text.lwip_timeouts_check) for lwip_timeouts_check
    main.o(.ARM.exidx.text.main) refers to main.o(.text.main) for [Anonymous Symbol]
    main.o(.ARM.exidx.text.NVIC_SystemReset) refers to main.o(.text.NVIC_SystemReset) for [Anonymous Symbol]
    main.o(.ARM.exidx.text.lwip_netif_status_callback) refers to main.o(.text.lwip_netif_status_callback) for [Anonymous Symbol]
    main.o(.text.delay_10ms) refers to main.o(.bss.g_localtime) for g_localtime
    main.o(.text.delay_10ms) refers to main.o(.bss.g_timedelay) for g_timedelay
    main.o(.ARM.exidx.text.delay_10ms) refers to main.o(.text.delay_10ms) for [Anonymous Symbol]
    main.o(.text.time_update) refers to main.o(.bss.g_localtime) for g_localtime
    main.o(.ARM.exidx.text.time_update) refers to main.o(.text.time_update) for [Anonymous Symbol]
    gd32f4xx_it.o(.ARM.exidx.text.NMI_Handler) refers to gd32f4xx_it.o(.text.NMI_Handler) for [Anonymous Symbol]
    gd32f4xx_it.o(.ARM.exidx.text.HardFault_Handler) refers to gd32f4xx_it.o(.text.HardFault_Handler) for [Anonymous Symbol]
    gd32f4xx_it.o(.ARM.exidx.text.MemManage_Handler) refers to gd32f4xx_it.o(.text.MemManage_Handler) for [Anonymous Symbol]
    gd32f4xx_it.o(.ARM.exidx.text.BusFault_Handler) refers to gd32f4xx_it.o(.text.BusFault_Handler) for [Anonymous Symbol]
    gd32f4xx_it.o(.ARM.exidx.text.UsageFault_Handler) refers to gd32f4xx_it.o(.text.UsageFault_Handler) for [Anonymous Symbol]
    gd32f4xx_it.o(.ARM.exidx.text.SVC_Handler) refers to gd32f4xx_it.o(.text.SVC_Handler) for [Anonymous Symbol]
    gd32f4xx_it.o(.ARM.exidx.text.DebugMon_Handler) refers to gd32f4xx_it.o(.text.DebugMon_Handler) for [Anonymous Symbol]
    gd32f4xx_it.o(.ARM.exidx.text.PendSV_Handler) refers to gd32f4xx_it.o(.text.PendSV_Handler) for [Anonymous Symbol]
    gd32f4xx_it.o(.text.SysTick_Handler) refers to main.o(.text.time_update) for time_update
    gd32f4xx_it.o(.ARM.exidx.text.SysTick_Handler) refers to gd32f4xx_it.o(.text.SysTick_Handler) for [Anonymous Symbol]
    gd32f4xx_enet_eval.o(.text.enet_system_setup) refers to gd32f4xx_enet_eval.o(.text.enet_gpio_config) for enet_gpio_config
    gd32f4xx_enet_eval.o(.text.enet_system_setup) refers to gd32f4xx_enet_eval.o(.bss.enet_init_status) for enet_init_status
    gd32f4xx_enet_eval.o(.text.enet_system_setup) refers to gd32f4xx_enet_eval.o(.text.enet_mac_dma_config) for enet_mac_dma_config
    gd32f4xx_enet_eval.o(.text.enet_system_setup) refers to gd32f4xx_misc.o(.text.systick_clksource_set) for systick_clksource_set
    gd32f4xx_enet_eval.o(.text.enet_system_setup) refers to gd32f4xx_rcu.o(.text.rcu_clock_freq_get) for rcu_clock_freq_get
[...]
    enet_descriptors_chain_init              0x08004f0d   Thumb Code   278  gd32f4xx_enet.o(.text.enet_descriptors_chain_init)
    enet_enable                              0x08005025   Thumb Code    12  gd32f4xx_enet.o(.text.enet_enable)
    enet_frame_receive                       0x08005031   Thumb Code   446  gd32f4xx_enet.o(.text.enet_frame_receive)
    enet_frame_transmit                      0x080051f1   Thumb Code   342  gd32f4xx_enet.o(.text.enet_frame_transmit)
    enet_init                                0x08005529   Thumb Code  1686  gd32f4xx_enet.o(.text.enet_init)
    enet_initpara_reset                      0x08005bc1   Thumb Code    42  gd32f4xx_enet.o(.text.enet_initpara_reset)
    enet_mac_address_set                     0x08005bed   Thumb Code    48  gd32f4xx_enet.o(.text.enet_mac_address_set)
    enet_phy_config                          0x08005c75   Thumb Code   400  gd32f4xx_enet.o(.text.enet_phy_config)
    enet_phy_write_read                      0x08005e05   Thumb Code   244  gd32f4xx_enet.o(.text.enet_phy_write_read)
    enet_rx_desc_immediate_receive_complete_interrupt 0x08005ef9   Thumb Code    18  gd32f4xx_enet.o(.text.enet_rx_desc_immediate_receive_complete_interrupt)
    enet_rx_enable                           0x08005f0d   Thumb Code    34  gd32f4xx_enet.o(.text.enet_rx_enable)
    enet_rxframe_drop                        0x08005f31   Thumb Code   264  gd32f4xx_enet.o(.text.enet_rxframe_drop)
    enet_rxframe_size_get                    0x08006039   Thumb Code   252  gd32f4xx_enet.o(.text.enet_rxframe_size_get)
    enet_software_reset                      0x08006135   Thumb Code   124  gd32f4xx_enet.o(.text.enet_software_reset)
    enet_system_setup                        0x080061b1   Thumb Code    86  gd32f4xx_enet_eval.o(.text.enet_system_setup)
    enet_tx_enable                           0x08006209   Thumb Code    40  gd32f4xx_enet.o(.text.enet_tx_enable)
    enet_txfifo_flush                        0x08006231   Thumb Code   116  gd32f4xx_enet.o(.text.enet_txfifo_flush)
    etharp_acd_announce                      0x080062a5   Thumb Code    60  etharp.o(.text.etharp_acd_announce)
    etharp_input                             0x080066f5   Thumb Code   344  etharp.o(.text.etharp_input)
    etharp_output                            0x0800684d   Thumb Code   544  etharp.o(.text.etharp_output)
    etharp_query                             0x08006ba1   Thumb Code   766  etharp.o(.text.etharp_query)
    etharp_request                           0x08006fa5   Thumb Code    32  etharp.o(.text.etharp_request)
    etharp_tmr                               0x08007005   Thumb Code   344  etharp.o(.text.etharp_tmr)
    ethernet_input                           0x0800729d   Thumb Code   314  ethernet_1.o(.text.ethernet_input)
    ethernet_output                          0x080073d9   Thumb Code   144  ethernet_1.o(.text.ethernet_output)
    ethernetif_init                          0x08007469   Thumb Code    70  ethernetif.o(.text.ethernetif_init)
    ethernetif_input                         0x080074b1   Thumb Code    82  ethernetif.o(.text.ethernetif_input)
    gpio_af_set                              0x08007505   Thumb Code   212  gd32f4xx_gpio.o(.text.gpio_af_set)
    gpio_bit_reset                           0x080075d9   Thumb Code    16  gd32f4xx_gpio.o(.text.gpio_bit_reset)
    gpio_bit_set                             0x080075e9   Thumb Code    16  gd32f4xx_gpio.o(.text.gpio_bit_set)
    gpio_mode_set                            0x080075f9   Thumb Code   156  gd32f4xx_gpio.o(.text.gpio_mode_set)
    gpio_output_options_set                  0x08007695   Thumb Code   146  gd32f4xx_gpio.o(.text.gpio_output_options_set)
    icmp_dest_unreach                        0x08007729   Thumb Code    26  icmp.o(.text.icmp_dest_unreach)
    icmp_input                               0x08007745   Thumb Code   754  icmp.o(.text.icmp_input)
    icmp_time_exceeded                       0x08007b31   Thumb Code    26  icmp.o(.text.icmp_time_exceeded)
    inet_chksum                              0x08007b4d   Thumb Code    30  inet_chksum.o(.text.inet_chksum)
    inet_chksum_pbuf                         0x08007b6d   Thumb Code   122  inet_chksum.o(.text.inet_chksum_pbuf)
    inet_chksum_pseudo                       0x08007be9   Thumb Code   108  inet_chksum.o(.text.inet_chksum_pseudo)
    ip4_addr_isbroadcast_u32                 0x08007d15   Thumb Code   132  ip4_addr.o(.text.ip4_addr_isbroadcast_u32)
    ip4_frag                                 0x08007d99   Thumb Code   712  ip4_frag.o(.text.ip4_frag)
    ip4_input                                0x08008061   Thumb Code   846  ip4.o(.text.ip4_input)
    ip4_output_if                            0x0800841d   Thumb Code   112  ip4.o(.text.ip4_output_if)
    ip4_output_if_src                        0x0800848d   Thumb Code   486  ip4.o(.text.ip4_output_if_src)
    ip4_reass                                0x08008675   Thumb Code   852  ip4_frag.o(.text.ip4_reass)
    ip4_route                                0x080089c9   Thumb Code   292  ip4.o(.text.ip4_route)
    ip_chksum_pseudo                         0x08008aed   Thumb Code    50  inet_chksum.o(.text.ip_chksum_pseudo)
    lwip_frame_recv                          0x080092dd   Thumb Code    16  netconf.o(.text.lwip_frame_recv)
    lwip_htonl                               0x080092ed   Thumb Code    32  def.o(.text.lwip_htonl)
    lwip_htons                               0x0800930d   Thumb Code    16  def.o(.text.lwip_htons)
    lwip_netif_status_callback               0x0800931d   Thumb Code    22  main.o(.text.lwip_netif_status_callback)
    lwip_stack_init                          0x08009335   Thumb Code   112  netconf.o(.text.lwip_stack_init)
    lwip_standard_chksum                     0x080093a5   Thumb Code   168  inet_chksum.o(.text.lwip_standard_chksum)
    lwip_timeouts_check                      0x0800944d   Thumb Code    88  netconf.o(.text.lwip_timeouts_check)
    main                                     0x080094a5   Thumb Code   392  main.o(.text.main)
    mem_free                                 0x0800962d   Thumb Code   196  mem.o(.text.mem_free)
    mem_init                                 0x080096f1   Thumb Code   112  mem.o(.text.mem_init)
    mem_malloc                               0x080097ed   Thumb Code   574  mem.o(.text.mem_malloc)
    mem_trim                                 0x08009a45   Thumb Code   606  mem.o(.text.mem_trim)
    memp_free                                0x08009ca5   Thumb Code    78  memp.o(.text.memp_free)
    memp_init                                0x08009cf5   Thumb Code    60  memp.o(.text.memp_init)
    memp_init_pool                           0x08009d31   Thumb Code    82  memp.o(.text.memp_init_pool)
    memp_malloc                              0x08009d85   Thumb Code    78  memp.o(.text.memp_malloc)
    netif_add                                0x08009dd5   Thumb Code   496  netif.o(.text.netif_add)
    netif_get_by_index                       0x0800a111   Thumb Code    84  netif.o(.text.netif_get_by_index)
    netif_set_addr                           0x0800a1bd   Thumb Code   188  netif.o(.text.netif_set_addr)
    netif_set_default                        0x0800a279   Thumb Code    34  netif.o(.text.netif_set_default)
    netif_set_link_up                        0x0800a29d   Thumb Code    86  netif.o(.text.netif_set_link_up)
    netif_set_status_callback                0x0800a2f5   Thumb Code    24  netif.o(.text.netif_set_status_callback)
    netif_set_up                             0x0800a30d   Thumb Code    98  netif.o(.text.netif_set_up)
    nvic_irq_enable                          0x0800a371   Thumb Code   294  gd32f4xx_misc.o(.text.nvic_irq_enable)
    nvic_priority_group_set                  0x0800a499   Thumb Code    28  gd32f4xx_misc.o(.text.nvic_priority_group_set)
    pbuf_add_header                          0x0800a4b5   Thumb Code    22  pbuf.o(.text.pbuf_add_header)
    pbuf_alloc                               0x0800a5b1   Thumb Code   536  pbuf.o(.text.pbuf_alloc)
    pbuf_alloc_reference                     0x0800a7c9   Thumb Code   108  pbuf.o(.text.pbuf_alloc_reference)
    pbuf_alloced_custom                      0x0800a835   Thumb Code   152  pbuf.o(.text.pbuf_alloced_custom)
    pbuf_cat                                 0x0800a8cd   Thumb Code   134  pbuf.o(.text.pbuf_cat)
    pbuf_chain                               0x0800a955   Thumb Code    30  pbuf.o(.text.pbuf_chain)
    pbuf_clen                                0x0800a975   Thumb Code    44  pbuf.o(.text.pbuf_clen)
    pbuf_clone                               0x0800a9a1   Thumb Code    82  pbuf.o(.text.pbuf_clone)
    pbuf_copy                                0x0800a9f5   Thumb Code    72  pbuf.o(.text.pbuf_copy)
    pbuf_copy_partial                        0x0800aa3d   Thumb Code   314  pbuf.o(.text.pbuf_copy_partial)
    pbuf_copy_partial_pbuf                   0x0800ab79   Thumb Code   574  pbuf.o(.text.pbuf_copy_partial_pbuf)
    pbuf_free                                0x0800adb9   Thumb Code   270  pbuf.o(.text.pbuf_free)
    pbuf_header_force                        0x0800aec9   Thumb Code    26  pbuf.o(.text.pbuf_header_force)
    pbuf_realloc                             0x0800af8d   Thumb Code   256  pbuf.o(.text.pbuf_realloc)
    pbuf_ref                                 0x0800b08d   Thumb Code    44  pbuf.o(.text.pbuf_ref)
    pbuf_remove_header                       0x0800b0b9   Thumb Code   166  pbuf.o(.text.pbuf_remove_header)
    rcu_ckout0_config                        0x0800b2bd   Thumb Code    42  gd32f4xx_rcu.o(.text.rcu_ckout0_config)
    rcu_clock_freq_get                       0x0800b2e9   Thumb Code   354  gd32f4xx_rcu.o(.text.rcu_clock_freq_get)
    rcu_periph_clock_enable                  0x0800b44d   Thumb Code    40  gd32f4xx_rcu.o(.text.rcu_periph_clock_enable)
    rcu_periph_reset_disable                 0x0800b475   Thumb Code    40  gd32f4xx_rcu.o(.text.rcu_periph_reset_disable)
    rcu_periph_reset_enable                  0x0800b49d   Thumb Code    40  gd32f4xx_rcu.o(.text.rcu_periph_reset_enable)
    sys_now                                  0x0800b4c5   Thumb Code    12  netconf.o(.text.sys_now)
    sys_timeout                              0x0800b4d1   Thumb Code    50  timeouts.o(.text.sys_timeout)
    syscfg_enet_phy_interface_config         0x0800b5f5   Thumb Code    36  gd32f4xx_syscfg.o(.text.syscfg_enet_phy_interface_config)
    systick_clksource_set                    0x0800b799   Thumb Code    52  gd32f4xx_misc.o(.text.systick_clksource_set)
    tcp_abandon                              0x0800b7cd   Thumb Code   404  tcp.o(.text.tcp_abandon)
    tcp_abort                                0x0800b961   Thumb Code    18  tcp.o(.text.tcp_abort)
    tcp_alloc                                0x0800b975   Thumb Code   312  tcp.o(.text.tcp_alloc)
    tcp_close                                0x0800baad   Thumb Code    92  tcp.o(.text.tcp_close)
    tcp_eff_send_mss_netif                   0x0800befd   Thumb Code   158  tcp.o(.text.tcp_eff_send_mss_netif)
    tcp_enqueue_flags                        0x0800bf9d   Thumb Code   426  tcp_out.o(.text.tcp_enqueue_flags)
    tcp_fasttmr                              0x0800c149   Thumb Code   230  tcp.o(.text.tcp_fasttmr)
    tcp_free                                 0x0800c231   Thumb Code    34  tcp.o(.text.tcp_free)
    tcp_input                                0x0800c43d   Thumb Code  2240  tcp_in.o(.text.tcp_input)
    tcp_keepalive                            0x0800cd75   Thumb Code   140  tcp_out.o(.text.tcp_keepalive)
    tcp_netif_ip_addr_changed                0x0800d249   Thumb Code   130  tcp.o(.text.tcp_netif_ip_addr_changed)
    tcp_next_iss                             0x0800d321   Thumb Code    46  tcp.o(.text.tcp_next_iss)
    tcp_output                               0x0800d351   Thumb Code  1064  tcp_out.o(.text.tcp_output)
    tcp_pcb_purge                            0x0800dd09   Thumb Code   168  tcp.o(.text.tcp_pcb_purge)
    tcp_pcb_remove                           0x0800ddb1   Thumb Code   228  tcp.o(.text.tcp_pcb_remove)
    tcp_process_refused_data                 0x0800e849   Thumb Code   278  tcp.o(.text.tcp_process_refused_data)
    tcp_recv_null                            0x0800f2b5   Thumb Code   110  tcp.o(.text.tcp_recv_null)
    tcp_recved                               0x0800f325   Thumb Code   170  tcp.o(.text.tcp_recved)
    tcp_rexmit                               0x0800f411   Thumb Code   220  tcp_out.o(.text.tcp_rexmit)
    tcp_rexmit_fast                          0x0800f4ed   Thumb Code   182  tcp_out.o(.text.tcp_rexmit_fast)
    tcp_rexmit_rto                           0x0800f5a5   Thumb Code    40  tcp_out.o(.text.tcp_rexmit_rto)
    tcp_rexmit_rto_commit                    0x0800f5cd   Thumb Code    54  tcp_out.o(.text.tcp_rexmit_rto_commit)
    tcp_rexmit_rto_prepare                   0x0800f605   Thumb Code   226  tcp_out.o(.text.tcp_rexmit_rto_prepare)
    tcp_rst                                  0x0800f71d   Thumb Code    98  tcp_out.o(.text.tcp_rst)
    tcp_rst_netif                            0x0800f835   Thumb Code   118  tcp_out.o(.text.tcp_rst_netif)
    tcp_seg_free                             0x0800f8ad   Thumb Code    44  tcp.o(.text.tcp_seg_free)
    tcp_segs_free                            0x0800f8d9   Thumb Code    36  tcp.o(.text.tcp_segs_free)
    tcp_send_empty_ack                       0x0800f8fd   Thumb Code   198  tcp_out.o(.text.tcp_send_empty_ack)
    tcp_send_fin                             0x0800f9c5   Thumb Code   140  tcp_out.o(.text.tcp_send_fin)
    tcp_slowtmr                              0x0800fa51   Thumb Code  1770  tcp.o(.text.tcp_slowtmr)
    tcp_split_unsent_seg                     0x0801013d   Thumb Code   646  tcp_out.o(.text.tcp_split_unsent_seg)
    tcp_timer_needed                         0x080103c5   Thumb Code    76  timeouts.o(.text.tcp_timer_needed)
    tcp_tmr                                  0x08010521   Thumb Code    34  tcp.o(.text.tcp_tmr)
    tcp_trigger_input_pcb_close              0x08010545   Thumb Code    18  tcp_in.o(.text.tcp_trigger_input_pcb_close)
    tcp_update_rcv_ann_wnd                   0x08010559   Thumb Code   166  tcp.o(.text.tcp_update_rcv_ann_wnd)
    tcp_zero_window_probe                    0x08010601   Thumb Code   344  tcp_out.o(.text.tcp_zero_window_probe)
    time_update                              0x080107a5   Thumb Code    14  main.o(.text.time_update)
    timer_auto_reload_shadow_enable          0x080107b5   Thumb Code    18  gd32f4xx_timer.o(.text.timer_auto_reload_shadow_enable)
    timer_channel_output_config              0x080107c9   Thumb Code   712  gd32f4xx_timer.o(.text.timer_channel_output_config)
    timer_channel_output_mode_config         0x08010a91   Thumb Code   140  gd32f4xx_timer.o(.text.timer_channel_output_mode_config)
    timer_channel_output_pulse_value_config  0x08010b1d   Thumb Code    70  gd32f4xx_timer.o(.text.timer_channel_output_pulse_value_config)
    timer_channel_output_shadow_config       0x08010b65   Thumb Code   140  gd32f4xx_timer.o(.text.timer_channel_output_shadow_config)
    timer_deinit                             0x08010bf1   Thumb Code   488  gd32f4xx_timer.o(.text.timer_deinit)
    timer_disable                            0x08010dd9   Thumb Code    18  gd32f4xx_timer.o(.text.timer_disable)
    timer_enable                             0x08010ded   Thumb Code    18  gd32f4xx_timer.o(.text.timer_enable)
    timer_init                               0x08010e01   Thumb Code   256  gd32f4xx_timer.o(.text.timer_init)
    timer_interrupt_enable                   0x08010f01   Thumb Code    20  gd32f4xx_timer.o(.text.timer_interrupt_enable)
    timer_interrupt_flag_clear               0x08010f15   Thumb Code    18  gd32f4xx_timer.o(.text.timer_interrupt_flag_clear)
    timer_interrupt_flag_get                 0x08010f29   Thumb Code    58  gd32f4xx_timer.o(.text.timer_interrupt_flag_get)
    timer_primary_output_config              0x08010f65   Thumb Code    46  gd32f4xx_timer.o(.text.timer_primary_output_config)
    udp_bind                                 0x08010f95   Thumb Code   370  udp.o(.text.udp_bind)
    udp_create_socket                        0x08011109   Thumb Code   114  ethernet.o(.text.udp_create_socket)
    udp_input                                0x0801117d   Thumb Code   700  udp.o(.text.udp_input)
    udp_netif_ip_addr_changed                0x08011511   Thumb Code    94  udp.o(.text.udp_netif_ip_addr_changed)
    udp_new                                  0x08011571   Thumb Code    56  udp.o(.text.udp_new)
    udp_reciev                               0x08011645   Thumb Code    96  ethernet.o(.text.udp_reciev)
    udp_recv                                 0x080116a5   Thumb Code    56  udp.o(.text.udp_recv)
    udp_send_buf                             0x080116dd   Thumb Code   134  ethernet.o(.text.udp_send_buf)
    udp_sendto                               0x08011765   Thumb Code   214  udp.o(.text.udp_sendto)
    udp_sendto_if                            0x0801183d   Thumb Code   262  udp.o(.text.udp_sendto_if)
    udp_sendto_if_src                        0x08011945   Thumb Code   586  udp.o(.text.udp_sendto_if_src)
    usart_baudrate_set                       0x08011b91   Thumb Code   344  gd32f4xx_usart.o(.text.usart_baudrate_set)
    usart_data_first_config                  0x08011ce9   Thumb Code    46  gd32f4xx_usart.o(.text.usart_data_first_config)
    usart_data_receive                       0x08011d19   Thumb Code    16  gd32f4xx_usart.o(.text.usart_data_receive)
    usart_deinit                             0x08011d29   Thumb Code   286  gd32f4xx_usart.o(.text.usart_deinit)
    usart_disable                            0x08011e49   Thumb Code    18  gd32f4xx_usart.o(.text.usart_disable)
    usart_dma_transmit_config                0x08011e5d   Thumb Code    34  gd32f4xx_usart.o(.text.usart_dma_transmit_config)
    usart_enable                             0x08011e81   Thumb Code    18  gd32f4xx_usart.o(.text.usart_enable)
    usart_hardware_flow_cts_config           0x08011e95   Thumb Code    34  gd32f4xx_usart.o(.text.usart_hardware_flow_cts_config)
    usart_hardware_flow_rts_config           0x08011eb9   Thumb Code    34  gd32f4xx_usart.o(.text.usart_hardware_flow_rts_config)
    usart_interrupt_enable                   0x08011edd   Thumb Code    36  gd32f4xx_usart.o(.text.usart_interrupt_enable)
    usart_interrupt_flag_clear               0x08011f01   Thumb Code    32  gd32f4xx_usart.o(.text.usart_interrupt_flag_clear)
    usart_interrupt_flag_get                 0x08011f21   Thumb Code    94  gd32f4xx_usart.o(.text.usart_interrupt_flag_get)
    usart_oversample_config                  0x08011f81   Thumb Code    30  gd32f4xx_usart.o(.text.usart_oversample_config)
    usart_parity_config                      0x08011fa1   Thumb Code    30  gd32f4xx_usart.o(.text.usart_parity_config)
    usart_receive_config                     0x08011fc1   Thumb Code    42  gd32f4xx_usart.o(.text.usart_receive_config)
    usart_stop_bit_set                       0x08011fed   Thumb Code    30  gd32f4xx_usart.o(.text.usart_stop_bit_set)
    usart_transmit_config                    0x0801200d   Thumb Code    42  gd32f4xx_usart.o(.text.usart_transmit_config)
    usart_word_length_set                    0x08012039   Thumb Code    30  gd32f4xx_usart.o(.text.usart_word_length_set)
    __0printf                                0x08012059   Thumb Code    22  printfa.o(i.__0printf)
    __1printf                                0x08012059   Thumb Code     0  printfa.o(i.__0printf)
    __2printf                                0x08012059   Thumb Code     0  printfa.o(i.__0printf)
    __c89printf                              0x08012059   Thumb Code     0  printfa.o(i.__0printf)
    printf                                   0x08012059   Thumb Code     0  printfa.o(i.__0printf)
    __scatterload_copy                       0x08012079   Thumb Code    14  handlers.o(i.__scatterload_copy)
    __scatterload_null                       0x08012087   Thumb Code     2  handlers.o(i.__scatterload_null)
    __scatterload_zeroinit                   0x08012089   Thumb Code    14  handlers.o(i.__scatterload_zeroinit)
    fputc                                    0x0801294b   Thumb Code    18  fputc.o(i.fputc)
    ethbroadcast                             0x08012a5c   Data           6  ethernet_1.o(.rodata.ethbroadcast)
    ethzero                                  0x08012a62   Data           6  ethernet_1.o(.rodata.ethzero)
    ip_addr_any                              0x08012a68   Data           4  ip4_addr.o(.rodata.ip_addr_any)
    ip_addr_broadcast                        0x08012a6c   Data           4  ip4_addr.o(.rodata.ip_addr_broadcast)
    memp_FRAG_PBUF                           0x08012a70   Data          16  memp.o(.rodata.memp_FRAG_PBUF)
    memp_PBUF                                0x08012a80   Data          16  memp.o(.rodata.memp_PBUF)
    memp_PBUF_POOL                           0x08012a90   Data          16  memp.o(.rodata.memp_PBUF_POOL)
    memp_REASSDATA                           0x08012aa0   Data          16  memp.o(.rodata.memp_REASSDATA)
    memp_SYS_TIMEOUT                         0x08012ab0   Data          16  memp.o(.rodata.memp_SYS_TIMEOUT)
    memp_TCP_PCB                             0x08012ac0   Data          16  memp.o(.rodata.memp_TCP_PCB)
    memp_TCP_PCB_LISTEN                      0x08012ad0   Data          16  memp.o(.rodata.memp_TCP_PCB_LISTEN)
    memp_TCP_SEG                             0x08012ae0   Data          16  memp.o(.rodata.memp_TCP_SEG)
    memp_UDP_PCB                             0x08012af0   Data          16  memp.o(.rodata.memp_UDP_PCB)
    memp_pools                               0x08012b00   Data          36  memp.o(.rodata.memp_pools)
    tcp_pcb_lists                            0x0801303c   Data          16  tcp.o(.rodata.tcp_pcb_lists)
    Region$$Table$$Base                      0x08013054   Number         0  anon$$obj.o(Region$$Table)
    Region$$Table$$Limit                     0x08013074   Number         0  anon$$obj.o(Region$$Table)
    __stdout                                 0x20000000   Data           4  stdout.o(.data)
    SystemCoreClock                          0x20000004   Data           4  system_gd32f4xx.o(.data.SystemCoreClock)
    current_device_in_BKDx                   0x20000008   Data           1  uart.o(.data.current_device_in_BKDx)
    current_device_in_BKHO_A                 0x20000009   Data           1  uart.o(.data.current_device_in_BKHO_A)
    current_device_in_OUT_SERVO              0x2000000a   Data           1  uart.o(.data.current_device_in_OUT_SERVO)
    YLSToYVPack                              0x20000020   Data       16384  ethernet.o(.bss.YLSToYVPack)
    _udp_pcb_                                0x20004020   Data           4  ethernet.o(.bss._udp_pcb_)
    arpcurtime                               0x20004118   Data           4  netconf.o(.bss.arpcurtime)
    current_BKD                              0x2000411c   Data           1  uart.o(.bss.current_BKD)
    current_tick_tx_eth                      0x2000411d   Data           1  ethernet.o(.bss.current_tick_tx_eth)
    dma_current_ptp_rxdesc                   0x20004124   Data           4  gd32f4xx_enet.o(.bss.dma_current_ptp_rxdesc)
    dma_current_ptp_txdesc                   0x20004128   Data           4  gd32f4xx_enet.o(.bss.dma_current_ptp_txdesc)
    dma_current_rxdesc                       0x2000412c   Data           4  gd32f4xx_enet.o(.bss.dma_current_rxdesc)
    dma_current_txdesc                       0x20004130   Data           4  gd32f4xx_enet.o(.bss.dma_current_txdesc)
    g_localtime                              0x2000417c   Data           4  main.o(.bss.g_localtime)
    g_mynetif                                0x20004180   Data          64  netconf.o(.bss.g_mynetif)
    ip_data                                  0x200041d4   Data          24  ip.o(.bss.ip_data)
    memp_memory_FRAG_PBUF_base               0x200041f4   Data         363  memp.o(.bss.memp_memory_FRAG_PBUF_base)
    memp_memory_PBUF_POOL_base               0x2000435f   Data       15163  memp.o(.bss.memp_memory_PBUF_POOL_base)
    memp_memory_PBUF_base                    0x20007e9a   Data         163  memp.o(.bss.memp_memory_PBUF_base)
    memp_memory_REASSDATA_base               0x20007f3d   Data         163  memp.o(.bss.memp_memory_REASSDATA_base)
    memp_memory_SYS_TIMEOUT_base             0x20007fe0   Data         163  memp.o(.bss.memp_memory_SYS_TIMEOUT_base)
    memp_memory_TCP_PCB_LISTEN_base          0x20008083   Data         171  memp.o(.bss.memp_memory_TCP_PCB_LISTEN_base)
    memp_memory_TCP_PCB_base                 0x2000812e   Data        1523  memp.o(.bss.memp_memory_TCP_PCB_base)
    memp_memory_TCP_SEG_base                 0x20008721   Data         243  memp.o(.bss.memp_memory_TCP_SEG_base)
    memp_memory_UDP_PCB_base                 0x20008814   Data         195  memp.o(.bss.memp_memory_UDP_PCB_base)
    message_from_BKD                         0x200088fc   Data         280  uart.o(.bss.message_from_BKD)
    netif_default                            0x20008a14   Data           4  netif.o(.bss.netif_default)
    netif_list                               0x20008a18   Data           4  netif.o(.bss.netif_list)
    ram_heap                                 0x20008a2c   Data       20499  mem.o(.bss.ram_heap)
    rx_buff                                  0x2000da50   Data        7620  gd32f4xx_enet.o(.bss.rx_buff)
    rxdesc_tab                               0x2000f814   Data          80  gd32f4xx_enet.o(.bss.rxdesc_tab)
    tcp_active_pcbs                          0x2000f868   Data           4  tcp.o(.bss.tcp_active_pcbs)
    tcp_active_pcbs_changed                  0x2000f86c   Data           1  tcp.o(.bss.tcp_active_pcbs_changed)
    tcp_bound_pcbs                           0x2000f870   Data           4  tcp.o(.bss.tcp_bound_pcbs)
    tcp_input_pcb                            0x2000f874   Data           4  tcp_in.o(.bss.tcp_input_pcb)
    tcp_listen_pcbs                          0x2000f878   Data           4  tcp.o(.bss.tcp_listen_pcbs)
    tcp_ticks                                0x2000f880   Data           4  tcp.o(.bss.tcp_ticks)
    tcp_tw_pcbs                              0x2000f888   Data           4  tcp.o(.bss.tcp_tw_pcbs)
    tcpcurtime                               0x2000f88c   Data           4  netconf.o(.bss.tcpcurtime)
    timer2En                                 0x2000f8a6   Data           1  uart.o(.bss.timer2En)
    timer4En                                 0x2000f8a7   Data           1  uart.o(.bss.timer4En)
    tx_buff                                  0x2000f8a8   Data        7620  gd32f4xx_enet.o(.bss.tx_buff)
    txdesc_tab                               0x2001166c   Data          80  gd32f4xx_enet.o(.bss.txdesc_tab)
    udp_pcbs                                 0x200116bc   Data           4  udp.o(.bss.udp_pcbs)
    usart0_buffer_rx                         0x200116c0   Data         200  uart.o(.bss.usart0_buffer_rx)
    usart0_counter                           0x20011788   Data           1  uart.o(.bss.usart0_counter)
    usart0_transmit                          0x20011789   Data           1  uart.o(.bss.usart0_transmit)
    usart5_buffer_rx                         0x2001178a   Data         200  uart.o(.bss.usart5_buffer_rx)
    usart5_counter                           0x20011852   Data           1  uart.o(.bss.usart5_counter)
    usart5_transmit                          0x20011853   Data           1  uart.o(.bss.usart5_transmit)
    yv_ip                                    0x20011854   Data           4  ethernet.o(.bss.yv_ip)
    __initial_sp                             0x20011c58   Data           0  startup_gd32f450_470.o(STACK)



==============================================================================

Memory Map of the image

  Image Entry point : 0x080001ad

  Load Region LR_IROM1 (Base: 0x08000000, Size: 0x00013098, Max: 0x00080000, ABSOLUTE)

    Execution Region ER_IROM1 (Exec base: 0x08000000, Load base: 0x08000000, Size: 0x00013074, Max: 0x00080000, ABSOLUTE)

    Exec Addr    Load Addr    Size         Type   Attr      Idx    E Section Name        Object

    0x08000000   0x08000000   0x000001ac   Data   RO         1090    RESET               startup_gd32f450_470.o
    0x080001ac   0x080001ac   0x00000000   Code   RO         3021  * .ARM.Collect$$$$00000000  mc_w.l(entry.o)
    0x080001ac   0x080001ac   0x00000004   Code   RO         3098    .ARM.Collect$$$$00000001  mc_w.l(entry2.o)
    0x080001b0   0x080001b0   0x00000004   Code   RO         3101    .ARM.Collect$$$$00000004  mc_w.l(entry5.o)
    0x080001b4   0x080001b4   0x00000000   Code   RO         3103    .ARM.Collect$$$$00000008  mc_w.l(entry7b.o)
    0x080001b4   0x080001b4   0x00000000   Code   RO         3105    .ARM.Collect$$$$0000000A  mc_w.l(entry8b.o)
    0x080001b4   0x080001b4   0x00000008   Code   RO         3106    .ARM.Collect$$$$0000000B  mc_w.l(entry9a.o)
    0x080001bc   0x080001bc   0x00000000   Code   RO         3108    .ARM.Collect$$$$0000000D  mc_w.l(entry10a.o)
    0x080001bc   0x080001bc   0x00000000   Code   RO         3110    .ARM.Collect$$$$0000000F  mc_w.l(entry11a.o)
    0x080001bc   0x080001bc   0x00000004   Code   RO         3099    .ARM.Collect$$$$00002712  mc_w.l(entry2.o)
    0x080001c0   0x080001c0   0x00000024   Code   RO         1091    .text               startup_gd32f450_470.o
    0x080001e4   0x080001e4   0x00000040   Code   RO         3054    .text               mc_w.l(memmovea.o)
    0x08000224   0x08000224   0x00000024   Code   RO         3056    .text               mc_w.l(memseta.o)
    0x08000248   0x08000248   0x0000001a   Code   RO         3060    .text               mc_w.l(memcmp.o)
    0x08000262   0x08000262   0x0000002c   Code   RO         3126    .text               mc_w.l(uidiv.o)
    0x0800028e   0x0800028e   0x00000062   Code   RO         3128    .text               mc_w.l(uldiv.o)
    0x080002f0   0x080002f0   0x00000000   Code   RO         3139    .text               mc_w.l(iusefp.o)
    0x080002f0   0x080002f0   0x0000014e   Code   RO         3140    .text               mf_w.l(dadd.o)
    0x0800043e   0x0800043e   0x000000e4   Code   RO         3142    .text               mf_w.l(dmul.o)
    0x08000522   0x08000522   0x000000de   Code   RO         3144    .text               mf_w.l(ddiv.o)
    0x08000600   0x08000600   0x00000030   Code   RO         3146    .text               mf_w.l(dfixul.o)
    0x08000630   0x08000630   0x00000030   Code   RO         3148    .text               mf_w.l(cdrcmple.o)
    0x08000660   0x08000660   0x00000024   Code   RO         3150    .text               mc_w.l(init.o)
    0x08000684   0x08000684   0x00000000   Code   RO         3152    .text               mc_w.l(semi.o)
    0x08000684   0x08000684   0x0000001e   Code   RO         3153    .text               mc_w.l(llshl.o)
    0x080006a2   0x080006a2   0x00000020   Code   RO         3155    .text               mc_w.l(llushr.o)
    0x080006c2   0x080006c2   0x00000024   Code   RO         3157    .text               mc_w.l(llsshr.o)
    0x080006e6   0x080006e6   0x00000000   Code   RO         3161    .text               mc_w.l(iusesemip.o)
    0x080006e6   0x080006e6   0x000000ba   Code   RO         3162    .text               mf_w.l(depilogue.o)
    0x080007a0   0x080007a0   0x00000004   Code   RO           28    .text.BusFault_Handler  gd32f4xx_it.o
    0x080007a4   0x080007a4   0x000008de   Code   RO          156    .text.Check_message_BKD  uart.o
    0x08001082   0x08001082   0x00000002   PAD
    0x08001084   0x08001084   0x000007e6   Code   RO          158    .text.Check_message_BKHO_A  uart.o
    0x0800186a   0x0800186a   0x00000002   PAD
    0x0800186c   0x0800186c   0x0000014a   Code   RO          160    .text.Check_message_OUT_SERVO  uart.o
    0x080019b6   0x080019b6   0x00000002   PAD
    0x080019b8   0x080019b8   0x00000084   Code   RO          154    .text.Check_message_UART  uart.o
    0x08001a3c   0x08001a3c   0x00000170   Code   RO          130    .text.Check_message_YV  ethernet.o
    0x08001bac   0x08001bac   0x000002b8   Code   RO           88    .text.ConfigUsart   configurationusartn.o
    0x08001e64   0x08001e64   0x00000342   Code   RO           90    .text.ConfigUsartDMA_Tx  configurationusartn.o
    0x080021a6   0x080021a6   0x00000002   PAD
    0x080021a8   0x080021a8   0x00000044   Code   RO          152    .text.Crc8          uart.o
    0x080021ec   0x080021ec   0x00000070   Code   RO          174    .text.DMA1_Channel6_IRQHandler  uart.o
    0x0800225c   0x0800225c   0x0000006e   Code   RO          172    .text.DMA1_Channel7_IRQHandler  uart.o
    0x080022ca   0x080022ca   0x00000002   PAD
    0x080022cc   0x080022cc   0x00000004   Code   RO           34    .text.DebugMon_Handler  gd32f4xx_it.o
    0x080022d0   0x080022d0   0x00000190   Code   RO          113    .text.Gpio_config   init_config.o
    0x08002460   0x08002460   0x00000004   Code   RO           24    .text.HardFault_Handler  gd32f4xx_it.o
    0x08002464   0x08002464   0x00000004   Code   RO           26    .text.MemManage_Handler  gd32f4xx_it.o
    0x08002468   0x08002468   0x00000004   Code   RO           22    .text.NMI_Handler   gd32f4xx_it.o
    0x0800246c   0x0800246c   0x00000044   Code   RO           55    .text.NVIC_SetPriority  gd32f4xx_enet_eval.o
    0x080024b0   0x080024b0   0x00000024   Code   RO            4    .text.NVIC_SystemReset  main.o
    0x080024d4   0x080024d4   0x00000024   Code   RO           57    .text.NVIC_SystemReset  gd32f4xx_enet_eval.o
    0x080024f8   0x080024f8   0x00000004   Code   RO           36    .text.PendSV_Handler  gd32f4xx_it.o
    0x080024fc   0x080024fc   0x00000efa   Code   RO          150    .text.Qwerty_all_Device  uart.o
    0x080033f6   0x080033f6   0x00000002   PAD
    0x080033f8   0x080033f8   0x00000074   Code   RO          111    .text.Rcu_config    init_config.o
    0x0800346c   0x0800346c   0x00000004   Code   RO           32    .text.SVC_Handler   gd32f4xx_it.o
    0x08003470   0x08003470   0x00000178   Code   RO          109    .text.SettingSystemClock25MHz  init_config.o
    0x080035e8   0x080035e8   0x00000052   Code   RO           53    .text.SysTick_Config  gd32f4xx_enet_eval.o
    0x0800363a   0x0800363a   0x00000002   PAD
    0x0800363c   0x0800363c   0x00000008   Code   RO           38    .text.SysTick_Handler  gd32f4xx_it.o
    0x08003644   0x08003644   0x0000011a   Code   RO         1104    .text.SystemCoreClockUpdate  system_gd32f4xx.o
    0x0800375e   0x0800375e   0x00000002   PAD
    0x08003760   0x08003760   0x000001c0   Code   RO         1098    .text.SystemInit    system_gd32f4xx.o
    0x08003920   0x08003920   0x00000092   Code   RO          162    .text.TIMER2_IRQHandler  uart.o
    0x080039b2   0x080039b2   0x00000002   PAD
    0x080039b4   0x080039b4   0x0000008e   Code   RO          164    .text.TIMER4_IRQHandler  uart.o
    0x08003a42   0x08003a42   0x00000002   PAD
    0x08003a44   0x08003a44   0x0000002a   Code   RO          166    .text.TIMER6_IRQHandler  uart.o
    0x08003a6e   0x08003a6e   0x00000002   PAD
    0x08003a70   0x08003a70   0x0000004a   Code   RO          117    .text.Timer2_config  init_config.o
    0x08003aba   0x08003aba   0x00000002   PAD
    0x08003abc   0x08003abc   0x000000c4   Code   RO          115    .text.Timer3_config  init_config.o
    0x08003b80   0x08003b80   0x0000005a   Code   RO          119    .text.Timer4_config  init_config.o
    0x08003bda   0x08003bda   0x00000002   PAD
    0x08003bdc   0x08003bdc   0x00000058   Code   RO          121    .text.Timer6_config  init_config.o
    0x08003c34   0x08003c34   0x000000da   Code   RO          168    .text.USART0_IRQHandler  uart.o
    0x08003d0e   0x08003d0e   0x00000002   PAD
    0x08003d10   0x08003d10   0x000000da   Code   RO          170    .text.USART5_IRQHandler  uart.o
    0x08003dea   0x08003dea   0x00000002   PAD
    0x08003dec   0x08003dec   0x00000004   Code   RO           30    .text.UsageFault_Handler  gd32f4xx_it.o
    0x08003df0   0x08003df0   0x00000028   Code   RO         1100    .text._soft_delay_  system_gd32f4xx.o
    0x08003e18   0x08003e18   0x000000e0   Code   RO         1053    .text.acd_arp_reply  acd.o
    0x08003ef8   0x08003ef8   0x0000005c   Code   RO         1057    .text.acd_handle_arp_conflict  acd.o
    0x08003f54   0x08003f54   0x0000008a   Code   RO         1059    .text.acd_netif_ip_addr_changed  acd.o
    0x08003fde   0x08003fde   0x00000002   PAD
    0x08003fe0   0x08003fe0   0x0000005e   Code   RO         1061    .text.acd_put_in_passive_mode  acd.o
    0x0800403e   0x0800403e   0x00000002   PAD
    0x08004040   0x08004040   0x0000004e   Code   RO         1055    .text.acd_restart   acd.o
    0x0800408e   0x0800408e   0x00000002   PAD
    0x08004090   0x08004090   0x0000001c   Code   RO         1047    .text.acd_stop      acd.o
    0x080040ac   0x080040ac   0x000001ba   Code   RO          247    .text.dhcp_create_msg  dhcp.o
    0x08004266   0x08004266   0x00000002   PAD
    0x08004268   0x08004268   0x0000017a   Code   RO          243    .text.dhcp_discover  dhcp.o
    0x080043e2   0x080043e2   0x00000002   PAD
    0x080043e4   0x080043e4   0x00000064   Code   RO          255    .text.dhcp_network_changed_link_up  dhcp.o
    0x08004448   0x08004448   0x00000054   Code   RO          249    .text.dhcp_option   dhcp.o
    0x0800449c   0x0800449c   0x00000036   Code   RO          261    .text.dhcp_option_byte  dhcp.o
    0x080044d2   0x080044d2   0x00000002   PAD
    0x080044d4   0x080044d4   0x0000006a   Code   RO          265    .text.dhcp_option_long  dhcp.o
    0x0800453e   0x0800453e   0x00000002   PAD
    0x08004540   0x08004540   0x0000004a   Code   RO          251    .text.dhcp_option_short  dhcp.o
    0x0800458a   0x0800458a   0x00000002   PAD
    0x0800458c   0x0800458c   0x00000072   Code   RO          253    .text.dhcp_option_trailer  dhcp.o
    0x080045fe   0x080045fe   0x00000002   PAD
    0x08004600   0x08004600   0x00000196   Code   RO          257    .text.dhcp_reboot   dhcp.o
    0x08004796   0x08004796   0x00000002   PAD
    0x08004798   0x08004798   0x0000002e   Code   RO          241    .text.dhcp_set_state  dhcp.o
    0x080047c6   0x080047c6   0x00000002   PAD
    0x080047c8   0x080047c8   0x00000022   Code   RO         1518    .text.dma_channel_disable  gd32f4xx_dma.o
    0x080047ea   0x080047ea   0x00000002   PAD
    0x080047ec   0x080047ec   0x00000022   Code   RO         1516    .text.dma_channel_enable  gd32f4xx_dma.o
    0x0800480e   0x0800480e   0x00000002   PAD
    0x08004810   0x08004810   0x00000048   Code   RO         1526    .text.dma_channel_subperipheral_select  gd32f4xx_dma.o
    0x08004858   0x08004858   0x000000de   Code   RO         1480    .text.dma_deinit    gd32f4xx_dma.o
    0x08004936   0x08004936   0x00000002   PAD
    0x08004938   0x08004938   0x00000066   Code   RO         1536    .text.dma_flag_clear  gd32f4xx_dma.o
    0x0800499e   0x0800499e   0x00000002   PAD
    0x080049a0   0x080049a0   0x00000086   Code   RO         1534    .text.dma_flag_get  gd32f4xx_dma.o
    0x08004a26   0x08004a26   0x00000002   PAD
    0x08004a28   0x08004a28   0x00000046   Code   RO         1538    .text.dma_interrupt_enable  gd32f4xx_dma.o
    0x08004a6e   0x08004a6e   0x00000002   PAD
    0x08004a70   0x08004a70   0x00000066   Code   RO         1544    .text.dma_interrupt_flag_clear  gd32f4xx_dma.o
    0x08004ad6   0x08004ad6   0x00000002   PAD
    0x08004ad8   0x08004ad8   0x00000042   Code   RO         1492    .text.dma_memory_address_config  gd32f4xx_dma.o
    0x08004b1a   0x08004b1a   0x00000002   PAD
    0x08004b1c   0x08004b1c   0x00000174   Code   RO         1486    .text.dma_single_data_mode_init  gd32f4xx_dma.o
    0x08004c90   0x08004c90   0x00000020   Code   RO         1494    .text.dma_transfer_number_config  gd32f4xx_dma.o
    0x08004cb0   0x08004cb0   0x00000030   Code   RO          544    .text.do_memp_free_pool  memp.o
    0x08004ce0   0x08004ce0   0x00000044   Code   RO          538    .text.do_memp_malloc_pool  memp.o
    0x08004d24   0x08004d24   0x000000fa   Code   RO         1565    .text.enet_default_init  gd32f4xx_enet.o
    0x08004e1e   0x08004e1e   0x00000002   PAD
    0x08004e20   0x08004e20   0x0000001c   Code   RO         1553    .text.enet_deinit   gd32f4xx_enet.o
    0x08004e3c   0x08004e3c   0x00000022   Code   RO         1563    .text.enet_delay    gd32f4xx_enet.o
    0x08004e5e   0x08004e5e   0x00000002   PAD
    0x08004e60   0x08004e60   0x000000aa   Code   RO         1657    .text.enet_desc_information_get  gd32f4xx_enet.o
    0x08004f0a   0x08004f0a   0x00000002   PAD
    0x08004f0c   0x08004f0c   0x00000116   Code   RO         1575    .text.enet_descriptors_chain_init  gd32f4xx_enet.o
    0x08005022   0x08005022   0x00000002   PAD
    0x08005024   0x08005024   0x0000000c   Code   RO         1585    .text.enet_enable   gd32f4xx_enet.o
    0x08005030   0x08005030   0x000001be   Code   RO         1579    .text.enet_frame_receive  gd32f4xx_enet.o
    0x080051ee   0x080051ee   0x00000002   PAD
    0x080051f0   0x080051f0   0x00000156   Code   RO         1581    .text.enet_frame_transmit  gd32f4xx_enet.o
    0x08005346   0x08005346   0x00000002   PAD
    0x08005348   0x08005348   0x000001de   Code   RO           49    .text.enet_gpio_config  gd32f4xx_enet_eval.o
    0x08005526   0x08005526   0x00000002   PAD
    0x08005528   0x08005528   0x00000696   Code   RO         1559    .text.enet_init     gd32f4xx_enet.o
    0x08005bbe   0x08005bbe   0x00000002   PAD
    0x08005bc0   0x08005bc0   0x0000002a   Code   RO         1555    .text.enet_initpara_reset  gd32f4xx_enet.o
    0x08005bea   0x08005bea   0x00000002   PAD
    0x08005bec   0x08005bec   0x00000030   Code   RO         1597    .text.enet_mac_address_set  gd32f4xx_enet.o
    0x08005c1c   0x08005c1c   0x00000056   Code   RO           51    .text.enet_mac_dma_config  gd32f4xx_enet_eval.o
    0x08005c72   0x08005c72   0x00000002   PAD
    0x08005c74   0x08005c74   0x00000190   Code   RO         1561    .text.enet_phy_config  gd32f4xx_enet.o
    0x08005e04   0x08005e04   0x000000f4   Code   RO         1567    .text.enet_phy_write_read  gd32f4xx_enet.o
    0x08005ef8   0x08005ef8   0x00000012   Code   RO         1667    .text.enet_rx_desc_immediate_receive_complete_interrupt  gd32f4xx_enet.o
    0x08005f0a   0x08005f0a   0x00000002   PAD
    0x08005f0c   0x08005f0c   0x00000022   Code   RO         1589    .text.enet_rx_enable  gd32f4xx_enet.o
    0x08005f2e   0x08005f2e   0x00000002   PAD
    0x08005f30   0x08005f30   0x00000108   Code   RO         1573    .text.enet_rxframe_drop  gd32f4xx_enet.o
    0x08006038   0x08006038   0x000000fc   Code   RO         1571    .text.enet_rxframe_size_get  gd32f4xx_enet.o
    0x08006134   0x08006134   0x0000007c   Code   RO         1569    .text.enet_software_reset  gd32f4xx_enet.o
    0x080061b0   0x080061b0   0x00000056   Code   RO           47    .text.enet_system_setup  gd32f4xx_enet_eval.o
    0x08006206   0x08006206   0x00000002   PAD
    0x08006208   0x08006208   0x00000028   Code   RO         1587    .text.enet_tx_enable  gd32f4xx_enet.o
    0x08006230   0x08006230   0x00000074   Code   RO         1613    .text.enet_txfifo_flush  gd32f4xx_enet.o
    0x080062a4   0x080062a4   0x0000003c   Code   RO          335    .text.etharp_acd_announce  etharp.o
    0x080062e0   0x080062e0   0x00000372   Code   RO          315    .text.etharp_find_entry  etharp.o
    0x08006652   0x08006652   0x00000002   PAD
    0x08006654   0x08006654   0x000000a0   Code   RO          307    .text.etharp_free_entry  etharp.o
    0x080066f4   0x080066f4   0x00000158   Code   RO          319    .text.etharp_input  etharp.o
    0x0800684c   0x0800684c   0x00000220   Code   RO          325    .text.etharp_output  etharp.o
    0x08006a6c   0x08006a6c   0x00000134   Code   RO          327    .text.etharp_output_to_arp_index  etharp.o
    0x08006ba0   0x08006ba0   0x000002fe   Code   RO          329    .text.etharp_query  etharp.o
    0x08006e9e   0x08006e9e   0x00000002   PAD
    0x08006ea0   0x08006ea0   0x00000104   Code   RO          323    .text.etharp_raw    etharp.o
    0x08006fa4   0x08006fa4   0x00000020   Code   RO          309    .text.etharp_request  etharp.o
    0x08006fc4   0x08006fc4   0x0000003e   Code   RO          331    .text.etharp_request_dst  etharp.o
    0x08007002   0x08007002   0x00000002   PAD
    0x08007004   0x08007004   0x00000158   Code   RO          305    .text.etharp_tmr    etharp.o
    0x0800715c   0x0800715c   0x0000013e   Code   RO          321    .text.etharp_update_arp_entry  etharp.o
    0x0800729a   0x0800729a   0x00000002   PAD
    0x0800729c   0x0800729c   0x0000013a   Code   RO         1028    .text.ethernet_input  ethernet_1.o
    0x080073d6   0x080073d6   0x00000002   PAD
    0x080073d8   0x080073d8   0x00000090   Code   RO         1030    .text.ethernet_output  ethernet_1.o
    0x08007468   0x08007468   0x00000046   Code   RO         1074    .text.ethernetif_init  ethernetif.o
    0x080074ae   0x080074ae   0x00000002   PAD
    0x080074b0   0x080074b0   0x00000052   Code   RO         1070    .text.ethernetif_input  ethernetif.o
    0x08007502   0x08007502   0x00000002   PAD
    0x08007504   0x08007504   0x000000d4   Code   RO         1997    .text.gpio_af_set   gd32f4xx_gpio.o
    0x080075d8   0x080075d8   0x00000010   Code   RO         1983    .text.gpio_bit_reset  gd32f4xx_gpio.o
    0x080075e8   0x080075e8   0x00000010   Code   RO         1981    .text.gpio_bit_set  gd32f4xx_gpio.o
    0x080075f8   0x080075f8   0x0000009c   Code   RO         1977    .text.gpio_mode_set  gd32f4xx_gpio.o
    0x08007694   0x08007694   0x00000092   Code   RO         1979    .text.gpio_output_options_set  gd32f4xx_gpio.o
    0x08007726   0x08007726   0x00000002   PAD
    0x08007728   0x08007728   0x0000001a   Code   RO          349    .text.icmp_dest_unreach  icmp.o
    0x08007742   0x08007742   0x00000002   PAD
    0x08007744   0x08007744   0x000002f2   Code   RO          347    .text.icmp_input    icmp.o
    0x08007a36   0x08007a36   0x00000002   PAD
    0x08007a38   0x08007a38   0x000000f6   Code   RO          351    .text.icmp_send_response  icmp.o
    0x08007b2e   0x08007b2e   0x00000002   PAD
    0x08007b30   0x08007b30   0x0000001a   Code   RO          353    .text.icmp_time_exceeded  icmp.o
    0x08007b4a   0x08007b4a   0x00000002   PAD
    0x08007b4c   0x08007b4c   0x0000001e   Code   RO          478    .text.inet_chksum   inet_chksum.o
    0x08007b6a   0x08007b6a   0x00000002   PAD
    0x08007b6c   0x08007b6c   0x0000007a   Code   RO          480    .text.inet_chksum_pbuf  inet_chksum.o
    0x08007be6   0x08007be6   0x00000002   PAD
    0x08007be8   0x08007be8   0x0000006c   Code   RO          466    .text.inet_chksum_pseudo  inet_chksum.o
    0x08007c54   0x08007c54   0x000000be   Code   RO          468    .text.inet_cksum_pseudo_base  inet_chksum.o
    0x08007d12   0x08007d12   0x00000002   PAD
    0x08007d14   0x08007d14   0x00000084   Code   RO          383    .text.ip4_addr_isbroadcast_u32  ip4_addr.o
    0x08007d98   0x08007d98   0x000002c8   Code   RO          421    .text.ip4_frag      ip4_frag.o
    0x08008060   0x08008060   0x0000034e   Code   RO          365    .text.ip4_input     ip4.o
    0x080083ae   0x080083ae   0x00000002   PAD
    0x080083b0   0x080083b0   0x0000006a   Code   RO          367    .text.ip4_input_accept  ip4.o
    0x0800841a   0x0800841a   0x00000002   PAD
    0x0800841c   0x0800841c   0x00000070   Code   RO          369    .text.ip4_output_if  ip4.o
    0x0800848c   0x0800848c   0x000001e6   Code   RO          371    .text.ip4_output_if_src  ip4.o
    0x08008672   0x08008672   0x00000002   PAD
    0x08008674   0x08008674   0x00000354   Code   RO          411    .text.ip4_reass     ip4_frag.o
    0x080089c8   0x080089c8   0x00000124   Code   RO          363    .text.ip4_route     ip4.o
    0x08008aec   0x08008aec   0x00000032   Code   RO          470    .text.ip_chksum_pseudo  inet_chksum.o
    0x08008b1e   0x08008b1e   0x00000002   PAD
    0x08008b20   0x08008b20   0x0000000a   Code   RO          423    .text.ip_frag_alloc_pbuf_custom_ref  ip4_frag.o
    0x08008b2a   0x08008b2a   0x00000002   PAD
    0x08008b2c   0x08008b2c   0x0000001e   Code   RO          425    .text.ip_frag_free_pbuf_custom_ref  ip4_frag.o
    0x08008b4a   0x08008b4a   0x00000002   PAD
    0x08008b4c   0x08008b4c   0x0000029e   Code   RO          417    .text.ip_reass_chain_frag_into_datagram_and_validate  ip4_frag.o
    0x08008dea   0x08008dea   0x00000002   PAD
    0x08008dec   0x08008dec   0x0000004c   Code   RO          419    .text.ip_reass_dequeue_datagram  ip4_frag.o
    0x08008e38   0x08008e38   0x0000008a   Code   RO          415    .text.ip_reass_enqueue_new_datagram  ip4_frag.o
    0x08008ec2   0x08008ec2   0x00000002   PAD
    0x08008ec4   0x08008ec4   0x00000136   Code   RO          409    .text.ip_reass_free_complete_datagram  ip4_frag.o
    0x08008ffa   0x08008ffa   0x00000002   PAD
    0x08008ffc   0x08008ffc   0x000000f6   Code   RO          413    .text.ip_reass_remove_oldest_datagram  ip4_frag.o
    0x080090f2   0x080090f2   0x00000002   PAD
    0x080090f4   0x080090f4   0x00000042   Code   RO          427    .text.ipfrag_free_pbuf_custom  ip4_frag.o
    0x08009136   0x08009136   0x00000002   PAD
    0x08009138   0x08009138   0x0000009e   Code   RO         1078    .text.low_level_init  ethernetif.o
    0x080091d6   0x080091d6   0x00000002   PAD
    0x080091d8   0x080091d8   0x0000008a   Code   RO         1072    .text.low_level_input  ethernetif.o
    0x08009262   0x08009262   0x00000002   PAD
    0x08009264   0x08009264   0x00000076   Code   RO         1076    .text.low_level_output  ethernetif.o
    0x080092da   0x080092da   0x00000002   PAD
    0x080092dc   0x080092dc   0x00000010   Code   RO           70    .text.lwip_frame_recv  netconf.o
    0x080092ec   0x080092ec   0x00000020   Code   RO          444    .text.lwip_htonl    def.o
    0x0800930c   0x0800930c   0x00000010   Code   RO          442    .text.lwip_htons    def.o
    0x0800931c   0x0800931c   0x00000016   Code   RO            6    .text.lwip_netif_status_callback  main.o
    0x08009332   0x08009332   0x00000002   PAD
    0x08009334   0x08009334   0x00000070   Code   RO           68    .text.lwip_stack_init  netconf.o
    0x080093a4   0x080093a4   0x000000a8   Code   RO          464    .text.lwip_standard_chksum  inet_chksum.o
    0x0800944c   0x0800944c   0x00000058   Code   RO           72    .text.lwip_timeouts_check  netconf.o
    0x080094a4   0x080094a4   0x00000188   Code   RO            2    .text.main          main.o
    0x0800962c   0x0800962c   0x000000c4   Code   RO          507    .text.mem_free      mem.o
    0x080096f0   0x080096f0   0x00000070   Code   RO          503    .text.mem_init      mem.o
    0x08009760   0x08009760   0x0000008a   Code   RO          509    .text.mem_link_valid  mem.o
    0x080097ea   0x080097ea   0x00000002   PAD
    0x080097ec   0x080097ec   0x0000023e   Code   RO          517    .text.mem_malloc    mem.o
    0x08009a2a   0x08009a2a   0x00000002   PAD
    0x08009a2c   0x08009a2c   0x00000018   Code   RO          515    .text.mem_to_ptr    mem.o
    0x08009a44   0x08009a44   0x0000025e   Code   RO          513    .text.mem_trim      mem.o
    0x08009ca2   0x08009ca2   0x00000002   PAD
    0x08009ca4   0x08009ca4   0x0000004e   Code   RO          546    .text.memp_free     memp.o
    0x08009cf2   0x08009cf2   0x00000002   PAD
    0x08009cf4   0x08009cf4   0x0000003c   Code   RO          534    .text.memp_init     memp.o
    0x08009d30   0x08009d30   0x00000052   Code   RO          532    .text.memp_init_pool  memp.o
    0x08009d82   0x08009d82   0x00000002   PAD
    0x08009d84   0x08009d84   0x0000004e   Code   RO          540    .text.memp_malloc   memp.o
    0x08009dd2   0x08009dd2   0x00000002   PAD
    0x08009dd4   0x08009dd4   0x000001f0   Code   RO          590    .text.netif_add     netif.o
    0x08009fc4   0x08009fc4   0x0000001c   Code   RO          610    .text.netif_do_ip_addr_changed  netif.o
    0x08009fe0   0x08009fe0   0x00000046   Code   RO          606    .text.netif_do_set_gw  netif.o
    0x0800a026   0x0800a026   0x00000002   PAD
    0x0800a028   0x0800a028   0x0000009e   Code   RO          598    .text.netif_do_set_ipaddr  netif.o
    0x0800a0c6   0x0800a0c6   0x00000002   PAD
    0x0800a0c8   0x0800a0c8   0x00000046   Code   RO          602    .text.netif_do_set_netmask  netif.o
    0x0800a10e   0x0800a10e   0x00000002   PAD
    0x0800a110   0x0800a110   0x00000054   Code   RO          632    .text.netif_get_by_index  netif.o
    0x0800a164   0x0800a164   0x00000048   Code   RO          618    .text.netif_issue_reports  netif.o
    0x0800a1ac   0x0800a1ac   0x00000010   Code   RO          592    .text.netif_null_output_ip4  netif.o
    0x0800a1bc   0x0800a1bc   0x000000bc   Code   RO          594    .text.netif_set_addr  netif.o
    0x0800a278   0x0800a278   0x00000022   Code   RO          614    .text.netif_set_default  netif.o
    0x0800a29a   0x0800a29a   0x00000002   PAD
    0x0800a29c   0x0800a29c   0x00000056   Code   RO          622    .text.netif_set_link_up  netif.o
    0x0800a2f2   0x0800a2f2   0x00000002   PAD
    0x0800a2f4   0x0800a2f4   0x00000018   Code   RO          620    .text.netif_set_status_callback  netif.o
    0x0800a30c   0x0800a30c   0x00000062   Code   RO          616    .text.netif_set_up  netif.o
    0x0800a36e   0x0800a36e   0x00000002   PAD
    0x0800a370   0x0800a370   0x00000126   Code   RO         2177    .text.nvic_irq_enable  gd32f4xx_misc.o
    0x0800a496   0x0800a496   0x00000002   PAD
    0x0800a498   0x0800a498   0x0000001c   Code   RO         2175    .text.nvic_priority_group_set  gd32f4xx_misc.o
    0x0800a4b4   0x0800a4b4   0x00000016   Code   RO          657    .text.pbuf_add_header  pbuf.o
    0x0800a4ca   0x0800a4ca   0x00000002   PAD
    0x0800a4cc   0x0800a4cc   0x000000e4   Code   RO          659    .text.pbuf_add_header_impl  pbuf.o
    0x0800a5b0   0x0800a5b0   0x00000218   Code   RO          645    .text.pbuf_alloc    pbuf.o
    0x0800a7c8   0x0800a7c8   0x0000006c   Code   RO          647    .text.pbuf_alloc_reference  pbuf.o
    0x0800a834   0x0800a834   0x00000098   Code   RO          653    .text.pbuf_alloced_custom  pbuf.o
    0x0800a8cc   0x0800a8cc   0x00000086   Code   RO          677    .text.pbuf_cat      pbuf.o
    0x0800a952   0x0800a952   0x00000002   PAD
    0x0800a954   0x0800a954   0x0000001e   Code   RO          679    .text.pbuf_chain    pbuf.o
    0x0800a972   0x0800a972   0x00000002   PAD
    0x0800a974   0x0800a974   0x0000002c   Code   RO          673    .text.pbuf_clen     pbuf.o
    0x0800a9a0   0x0800a9a0   0x00000052   Code   RO          701    .text.pbuf_clone    pbuf.o
    0x0800a9f2   0x0800a9f2   0x00000002   PAD
    0x0800a9f4   0x0800a9f4   0x00000048   Code   RO          683    .text.pbuf_copy     pbuf.o
    0x0800aa3c   0x0800aa3c   0x0000013a   Code   RO          687    .text.pbuf_copy_partial  pbuf.o
    0x0800ab76   0x0800ab76   0x00000002   PAD
    0x0800ab78   0x0800ab78   0x0000023e   Code   RO          685    .text.pbuf_copy_partial_pbuf  pbuf.o
    0x0800adb6   0x0800adb6   0x00000002   PAD
    0x0800adb8   0x0800adb8   0x0000010e   Code   RO          649    .text.pbuf_free     pbuf.o
    0x0800aec6   0x0800aec6   0x00000002   PAD
    0x0800aec8   0x0800aec8   0x0000001a   Code   RO          669    .text.pbuf_header_force  pbuf.o
    0x0800aee2   0x0800aee2   0x00000002   PAD
    0x0800aee4   0x0800aee4   0x00000048   Code   RO          667    .text.pbuf_header_impl  pbuf.o
    0x0800af2c   0x0800af2c   0x0000005e   Code   RO          651    .text.pbuf_init_alloced_pbuf  pbuf.o
    0x0800af8a   0x0800af8a   0x00000002   PAD
    0x0800af8c   0x0800af8c   0x00000100   Code   RO          655    .text.pbuf_realloc  pbuf.o
    0x0800b08c   0x0800b08c   0x0000002c   Code   RO          675    .text.pbuf_ref      pbuf.o
    0x0800b0b8   0x0800b0b8   0x000000a6   Code   RO          663    .text.pbuf_remove_header  pbuf.o
    0x0800b15e   0x0800b15e   0x00000002   PAD
    0x0800b160   0x0800b160   0x00000140   Code   RO          511    .text.plug_holes    mem.o
    0x0800b2a0   0x0800b2a0   0x0000001a   Code   RO          505    .text.ptr_to_mem    mem.o
    0x0800b2ba   0x0800b2ba   0x00000002   PAD
    0x0800b2bc   0x0800b2bc   0x0000002a   Code   RO         2276    .text.rcu_ckout0_config  gd32f4xx_rcu.o
    0x0800b2e6   0x0800b2e6   0x00000002   PAD
    0x0800b2e8   0x0800b2e8   0x00000162   Code   RO         2328    .text.rcu_clock_freq_get  gd32f4xx_rcu.o
    0x0800b44a   0x0800b44a   0x00000002   PAD
    0x0800b44c   0x0800b44c   0x00000028   Code   RO         2250    .text.rcu_periph_clock_enable  gd32f4xx_rcu.o
    0x0800b474   0x0800b474   0x00000028   Code   RO         2260    .text.rcu_periph_reset_disable  gd32f4xx_rcu.o
    0x0800b49c   0x0800b49c   0x00000028   Code   RO         2258    .text.rcu_periph_reset_enable  gd32f4xx_rcu.o
    0x0800b4c4   0x0800b4c4   0x0000000c   Code   RO           74    .text.sys_now       netconf.o
    0x0800b4d0   0x0800b4d0   0x00000032   Code   RO          954    .text.sys_timeout   timeouts.o
    0x0800b502   0x0800b502   0x00000002   PAD
    0x0800b504   0x0800b504   0x000000f0   Code   RO          962    .text.sys_timeout_abs  timeouts.o
    0x0800b5f4   0x0800b5f4   0x00000024   Code   RO         2636    .text.syscfg_enet_phy_interface_config  gd32f4xx_syscfg.o
    0x0800b618   0x0800b618   0x00000178   Code   RO         1106    .text.system_clock_200m_25m_hxtal  system_gd32f4xx.o
    0x0800b790   0x0800b790   0x00000008   Code   RO         1102    .text.system_clock_config  system_gd32f4xx.o
    0x0800b798   0x0800b798   0x00000034   Code   RO         2187    .text.systick_clksource_set  gd32f4xx_misc.o
    0x0800b7cc   0x0800b7cc   0x00000194   Code   RO          742    .text.tcp_abandon   tcp.o
    0x0800b960   0x0800b960   0x00000012   Code   RO          748    .text.tcp_abort     tcp.o
    0x0800b972   0x0800b972   0x00000002   PAD
    0x0800b974   0x0800b974   0x00000138   Code   RO          786    .text.tcp_alloc     tcp.o
    0x0800baac   0x0800baac   0x0000005c   Code   RO          736    .text.tcp_close     tcp.o
    0x0800bb08   0x0800bb08   0x00000210   Code   RO          738    .text.tcp_close_shutdown  tcp.o
    0x0800bd18   0x0800bd18   0x000000d0   Code   RO          774    .text.tcp_close_shutdown_fin  tcp.o
    0x0800bde8   0x0800bde8   0x00000112   Code   RO          896    .text.tcp_create_segment  tcp_out.o
    0x0800befa   0x0800befa   0x00000002   PAD
    0x0800befc   0x0800befc   0x0000009e   Code   RO          770    .text.tcp_eff_send_mss_netif  tcp.o
    0x0800bf9a   0x0800bf9a   0x00000002   PAD
    0x0800bf9c   0x0800bf9c   0x000001aa   Code   RO          902    .text.tcp_enqueue_flags  tcp_out.o
    0x0800c146   0x0800c146   0x00000002   PAD
    0x0800c148   0x0800c148   0x000000e6   Code   RO          732    .text.tcp_fasttmr   tcp.o
    0x0800c22e   0x0800c22e   0x00000002   PAD
    0x0800c230   0x0800c230   0x00000022   Code   RO          728    .text.tcp_free      tcp.o
    0x0800c252   0x0800c252   0x00000002   PAD
    0x0800c254   0x0800c254   0x000000f0   Code   RO          866    .text.tcp_free_acked_segments  tcp_in.o
    0x0800c344   0x0800c344   0x00000022   Code   RO          822    .text.tcp_free_listen  tcp.o
    0x0800c366   0x0800c366   0x00000002   PAD
    0x0800c368   0x0800c368   0x00000084   Code   RO          862    .text.tcp_get_next_optbyte  tcp_in.o
    0x0800c3ec   0x0800c3ec   0x0000004e   Code   RO          788    .text.tcp_handle_closepend  tcp.o
    0x0800c43a   0x0800c43a   0x00000002   PAD
    0x0800c43c   0x0800c43c   0x000008c0   Code   RO          848    .text.tcp_input     tcp_in.o
    0x0800ccfc   0x0800ccfc   0x00000076   Code   RO          856    .text.tcp_input_delayed_close  tcp_in.o
    0x0800cd72   0x0800cd72   0x00000002   PAD
    0x0800cd74   0x0800cd74   0x0000008c   Code   RO          938    .text.tcp_keepalive  tcp_out.o
    0x0800ce00   0x0800ce00   0x000000c8   Code   RO          794    .text.tcp_kill_prio  tcp.o
    0x0800cec8   0x0800cec8   0x0000009e   Code   RO          792    .text.tcp_kill_state  tcp.o
    0x0800cf66   0x0800cf66   0x00000002   PAD
    0x0800cf68   0x0800cf68   0x0000006e   Code   RO          790    .text.tcp_kill_timewait  tcp.o
    0x0800cfd6   0x0800cfd6   0x00000002   PAD
    0x0800cfd8   0x0800cfd8   0x00000054   Code   RO          820    .text.tcp_listen_closed  tcp.o
    0x0800d02c   0x0800d02c   0x0000021a   Code   RO          852    .text.tcp_listen_input  tcp_in.o
    0x0800d246   0x0800d246   0x00000002   PAD
    0x0800d248   0x0800d248   0x00000082   Code   RO          812    .text.tcp_netif_ip_addr_changed  tcp.o
    0x0800d2ca   0x0800d2ca   0x00000002   PAD
    0x0800d2cc   0x0800d2cc   0x00000052   Code   RO          814    .text.tcp_netif_ip_addr_changed_pcblist  tcp.o
    0x0800d31e   0x0800d31e   0x00000002   PAD
    0x0800d320   0x0800d320   0x0000002e   Code   RO          768    .text.tcp_next_iss  tcp.o
    0x0800d34e   0x0800d34e   0x00000002   PAD
    0x0800d350   0x0800d350   0x00000428   Code   RO          904    .text.tcp_output    tcp_out.o
    0x0800d778   0x0800d778   0x0000006c   Code   RO          934    .text.tcp_output_alloc_header  tcp_out.o
    0x0800d7e4   0x0800d7e4   0x000000ce   Code   RO          942    .text.tcp_output_alloc_header_common  tcp_out.o
    0x0800d8b2   0x0800d8b2   0x00000002   PAD
    0x0800d8b4   0x0800d8b4   0x0000005c   Code   RO          928    .text.tcp_output_control_segment  tcp_out.o
    0x0800d910   0x0800d910   0x00000096   Code   RO          932    .text.tcp_output_control_segment_netif  tcp_out.o
    0x0800d9a6   0x0800d9a6   0x00000002   PAD
    0x0800d9a8   0x0800d9a8   0x0000005a   Code   RO          936    .text.tcp_output_fill_options  tcp_out.o
    0x0800da02   0x0800da02   0x00000002   PAD
    0x0800da04   0x0800da04   0x000001a4   Code   RO          910    .text.tcp_output_segment  tcp_out.o
    0x0800dba8   0x0800dba8   0x0000002e   Code   RO          914    .text.tcp_output_segment_busy  tcp_out.o
    0x0800dbd6   0x0800dbd6   0x00000002   PAD
    0x0800dbd8   0x0800dbd8   0x0000012e   Code   RO          860    .text.tcp_parseopt  tcp_in.o
    0x0800dd06   0x0800dd06   0x00000002   PAD
    0x0800dd08   0x0800dd08   0x000000a8   Code   RO          772    .text.tcp_pcb_purge  tcp.o
    0x0800ddb0   0x0800ddb0   0x000000e4   Code   RO          744    .text.tcp_pcb_remove  tcp.o
    0x0800de94   0x0800de94   0x000009b4   Code   RO          854    .text.tcp_process   tcp_in.o
    0x0800e848   0x0800e848   0x00000116   Code   RO          776    .text.tcp_process_refused_data  tcp.o
    0x0800e95e   0x0800e95e   0x00000002   PAD
    0x0800e960   0x0800e960   0x00000952   Code   RO          864    .text.tcp_receive   tcp_in.o
    0x0800f2b2   0x0800f2b2   0x00000002   PAD
    0x0800f2b4   0x0800f2b4   0x0000006e   Code   RO          780    .text.tcp_recv_null  tcp.o
    0x0800f322   0x0800f322   0x00000002   PAD
    0x0800f324   0x0800f324   0x000000aa   Code   RO          764    .text.tcp_recved    tcp.o
    0x0800f3ce   0x0800f3ce   0x00000002   PAD
    0x0800f3d0   0x0800f3d0   0x00000040   Code   RO          824    .text.tcp_remove_listener  tcp.o
    0x0800f410   0x0800f410   0x000000dc   Code   RO          920    .text.tcp_rexmit    tcp_out.o
    0x0800f4ec   0x0800f4ec   0x000000b6   Code   RO          922    .text.tcp_rexmit_fast  tcp_out.o
    0x0800f5a2   0x0800f5a2   0x00000002   PAD
    0x0800f5a4   0x0800f5a4   0x00000028   Code   RO          918    .text.tcp_rexmit_rto  tcp_out.o
    0x0800f5cc   0x0800f5cc   0x00000036   Code   RO          916    .text.tcp_rexmit_rto_commit  tcp_out.o
    0x0800f602   0x0800f602   0x00000002   PAD
    0x0800f604   0x0800f604   0x000000e2   Code   RO          912    .text.tcp_rexmit_rto_prepare  tcp_out.o
    0x0800f6e6   0x0800f6e6   0x00000002   PAD
    0x0800f6e8   0x0800f6e8   0x00000034   Code   RO          908    .text.tcp_route     tcp_out.o
    0x0800f71c   0x0800f71c   0x00000062   Code   RO          924    .text.tcp_rst       tcp_out.o
    0x0800f77e   0x0800f77e   0x00000002   PAD
    0x0800f780   0x0800f780   0x000000b4   Code   RO          926    .text.tcp_rst_common  tcp_out.o
    0x0800f834   0x0800f834   0x00000076   Code   RO          930    .text.tcp_rst_netif  tcp_out.o
    0x0800f8aa   0x0800f8aa   0x00000002   PAD
    0x0800f8ac   0x0800f8ac   0x0000002c   Code   RO          782    .text.tcp_seg_free  tcp.o
    0x0800f8d8   0x0800f8d8   0x00000024   Code   RO          746    .text.tcp_segs_free  tcp.o
    0x0800f8fc   0x0800f8fc   0x000000c6   Code   RO          906    .text.tcp_send_empty_ack  tcp_out.o
    0x0800f9c2   0x0800f9c2   0x00000002   PAD
    0x0800f9c4   0x0800f9c4   0x0000008c   Code   RO          900    .text.tcp_send_fin  tcp_out.o
    0x0800fa50   0x0800fa50   0x000006ea   Code   RO          734    .text.tcp_slowtmr   tcp.o
    0x0801013a   0x0801013a   0x00000002   PAD
    0x0801013c   0x0801013c   0x00000286   Code   RO          898    .text.tcp_split_unsent_seg  tcp_out.o
    0x080103c2   0x080103c2   0x00000002   PAD
    0x080103c4   0x080103c4   0x0000004c   Code   RO          952    .text.tcp_timer_needed  timeouts.o
    0x08010410   0x08010410   0x00000110   Code   RO          850    .text.tcp_timewait_input  tcp_in.o
    0x08010520   0x08010520   0x00000022   Code   RO          730    .text.tcp_tmr       tcp.o
    0x08010542   0x08010542   0x00000002   PAD
    0x08010544   0x08010544   0x00000012   Code   RO          858    .text.tcp_trigger_input_pcb_close  tcp_in.o
    0x08010556   0x08010556   0x00000002   PAD
    0x08010558   0x08010558   0x000000a6   Code   RO          762    .text.tcp_update_rcv_ann_wnd  tcp.o
    0x080105fe   0x080105fe   0x00000002   PAD
    0x08010600   0x08010600   0x00000158   Code   RO          940    .text.tcp_zero_window_probe  tcp_out.o
    0x08010758   0x08010758   0x0000004a   Code   RO          956    .text.tcpip_tcp_timer  timeouts.o
    0x080107a2   0x080107a2   0x00000002   PAD
    0x080107a4   0x080107a4   0x0000000e   Code   RO           10    .text.time_update   main.o
    0x080107b2   0x080107b2   0x00000002   PAD
    0x080107b4   0x080107b4   0x00000012   Code   RO         2659    .text.timer_auto_reload_shadow_enable  gd32f4xx_timer.o
    0x080107c6   0x080107c6   0x00000002   PAD
    0x080107c8   0x080107c8   0x000002c8   Code   RO         2719    .text.timer_channel_output_config  gd32f4xx_timer.o
    0x08010a90   0x08010a90   0x0000008c   Code   RO         2721    .text.timer_channel_output_mode_config  gd32f4xx_timer.o
    0x08010b1c   0x08010b1c   0x00000046   Code   RO         2723    .text.timer_channel_output_pulse_value_config  gd32f4xx_timer.o
    0x08010b62   0x08010b62   0x00000002   PAD
    0x08010b64   0x08010b64   0x0000008c   Code   RO         2725    .text.timer_channel_output_shadow_config  gd32f4xx_timer.o
    0x08010bf0   0x08010bf0   0x000001e8   Code   RO         2649    .text.timer_deinit  gd32f4xx_timer.o
    0x08010dd8   0x08010dd8   0x00000012   Code   RO         2657    .text.timer_disable  gd32f4xx_timer.o
    0x08010dea   0x08010dea   0x00000002   PAD
    0x08010dec   0x08010dec   0x00000012   Code   RO         2655    .text.timer_enable  gd32f4xx_timer.o
    0x08010dfe   0x08010dfe   0x00000002   PAD
    0x08010e00   0x08010e00   0x00000100   Code   RO         2653    .text.timer_init    gd32f4xx_timer.o
    0x08010f00   0x08010f00   0x00000014   Code   RO         2785    .text.timer_interrupt_enable  gd32f4xx_timer.o
    0x08010f14   0x08010f14   0x00000012   Code   RO         2791    .text.timer_interrupt_flag_clear  gd32f4xx_timer.o
    0x08010f26   0x08010f26   0x00000002   PAD
    0x08010f28   0x08010f28   0x0000003a   Code   RO         2789    .text.timer_interrupt_flag_get  gd32f4xx_timer.o
    0x08010f62   0x08010f62   0x00000002   PAD
    0x08010f64   0x08010f64   0x0000002e   Code   RO         2711    .text.timer_primary_output_config  gd32f4xx_timer.o
    0x08010f92   0x08010f92   0x00000002   PAD
    0x08010f94   0x08010f94   0x00000172   Code   RO          998    .text.udp_bind      udp.o
    0x08011106   0x08011106   0x00000002   PAD
    0x08011108   0x08011108   0x00000072   Code   RO          136    .text.udp_create_socket  ethernet.o
    0x0801117a   0x0801117a   0x00000002   PAD
    0x0801117c   0x0801117c   0x000002bc   Code   RO          986    .text.udp_input     udp.o
    0x08011438   0x08011438   0x000000d6   Code   RO          988    .text.udp_input_local_match  udp.o
    0x0801150e   0x0801150e   0x00000002   PAD
    0x08011510   0x08011510   0x0000005e   Code   RO         1016    .text.udp_netif_ip_addr_changed  udp.o
    0x0801156e   0x0801156e   0x00000002   PAD
    0x08011570   0x08011570   0x00000038   Code   RO         1012    .text.udp_new       udp.o
    0x080115a8   0x080115a8   0x0000009a   Code   RO         1000    .text.udp_new_port  udp.o
    0x08011642   0x08011642   0x00000002   PAD
    0x08011644   0x08011644   0x00000060   Code   RO          134    .text.udp_reciev    ethernet.o
    0x080116a4   0x080116a4   0x00000038   Code   RO         1008    .text.udp_recv      udp.o
    0x080116dc   0x080116dc   0x00000086   Code   RO          132    .text.udp_send_buf  ethernet.o
    0x08011762   0x08011762   0x00000002   PAD
    0x08011764   0x08011764   0x000000d6   Code   RO          992    .text.udp_sendto    udp.o
    0x0801183a   0x0801183a   0x00000002   PAD
    0x0801183c   0x0801183c   0x00000106   Code   RO          994    .text.udp_sendto_if  udp.o
    0x08011942   0x08011942   0x00000002   PAD
    0x08011944   0x08011944   0x0000024a   Code   RO          996    .text.udp_sendto_if_src  udp.o
    0x08011b8e   0x08011b8e   0x00000002   PAD
    0x08011b90   0x08011b90   0x00000158   Code   RO         2886    .text.usart_baudrate_set  gd32f4xx_usart.o
    0x08011ce8   0x08011ce8   0x0000002e   Code   RO         2902    .text.usart_data_first_config  gd32f4xx_usart.o
    0x08011d16   0x08011d16   0x00000002   PAD
    0x08011d18   0x08011d18   0x00000010   Code   RO         2918    .text.usart_data_receive  gd32f4xx_usart.o
    0x08011d28   0x08011d28   0x0000011e   Code   RO         2884    .text.usart_deinit  gd32f4xx_usart.o
    0x08011e46   0x08011e46   0x00000002   PAD
    0x08011e48   0x08011e48   0x00000012   Code   RO         2896    .text.usart_disable  gd32f4xx_usart.o
    0x08011e5a   0x08011e5a   0x00000002   PAD
    0x08011e5c   0x08011e5c   0x00000022   Code   RO         2980    .text.usart_dma_transmit_config  gd32f4xx_usart.o
    0x08011e7e   0x08011e7e   0x00000002   PAD
    0x08011e80   0x08011e80   0x00000012   Code   RO         2894    .text.usart_enable  gd32f4xx_usart.o
    0x08011e92   0x08011e92   0x00000002   PAD
    0x08011e94   0x08011e94   0x00000022   Code   RO         2970    .text.usart_hardware_flow_cts_config  gd32f4xx_usart.o
    0x08011eb6   0x08011eb6   0x00000002   PAD
    0x08011eb8   0x08011eb8   0x00000022   Code   RO         2968    .text.usart_hardware_flow_rts_config  gd32f4xx_usart.o
    0x08011eda   0x08011eda   0x00000002   PAD
    0x08011edc   0x08011edc   0x00000024   Code   RO         2986    .text.usart_interrupt_enable  gd32f4xx_usart.o
    0x08011f00   0x08011f00   0x00000020   Code   RO         2992    .text.usart_interrupt_flag_clear  gd32f4xx_usart.o
    0x08011f20   0x08011f20   0x0000005e   Code   RO         2990    .text.usart_interrupt_flag_get  gd32f4xx_usart.o
    0x08011f7e   0x08011f7e   0x00000002   PAD
    0x08011f80   0x08011f80   0x0000001e   Code   RO         2906    .text.usart_oversample_config  gd32f4xx_usart.o
    0x08011f9e   0x08011f9e   0x00000002   PAD
    0x08011fa0   0x08011fa0   0x0000001e   Code   RO         2888    .text.usart_parity_config  gd32f4xx_usart.o
    0x08011fbe   0x08011fbe   0x00000002   PAD
    0x08011fc0   0x08011fc0   0x0000002a   Code   RO         2900    .text.usart_receive_config  gd32f4xx_usart.o
    0x08011fea   0x08011fea   0x00000002   PAD
    0x08011fec   0x08011fec   0x0000001e   Code   RO         2892    .text.usart_stop_bit_set  gd32f4xx_usart.o
    0x0801200a   0x0801200a   0x00000002   PAD
    0x0801200c   0x0801200c   0x0000002a   Code   RO         2898    .text.usart_transmit_config  gd32f4xx_usart.o
    0x08012036   0x08012036   0x00000002   PAD
    0x08012038   0x08012038   0x0000001e   Code   RO         2890    .text.usart_word_length_set  gd32f4xx_usart.o
    0x08012056   0x08012056   0x00000002   PAD
    0x08012058   0x08012058   0x00000020   Code   RO         3069    i.__0printf         mc_w.l(printfa.o)
    0x08012078   0x08012078   0x0000000e   Code   RO         3168    i.__scatterload_copy  mc_w.l(handlers.o)
    0x08012086   0x08012086   0x00000002   Code   RO         3169    i.__scatterload_null  mc_w.l(handlers.o)
    0x08012088   0x08012088   0x0000000e   Code   RO         3170    i.__scatterload_zeroinit  mc_w.l(handlers.o)
    0x08012096   0x08012096   0x00000002   PAD
    0x08012098   0x08012098   0x00000184   Code   RO         3076    i._fp_digits        mc_w.l(printfa.o)
    0x0801221c   0x0801221c   0x000006dc   Code   RO         3077    i._printf_core      mc_w.l(printfa.o)
    0x080128f8   0x080128f8   0x00000024   Code   RO         3078    i._printf_post_padding  mc_w.l(printfa.o)
    0x0801291c   0x0801291c   0x0000002e   Code   RO         3079    i._printf_pre_padding  mc_w.l(printfa.o)
    0x0801294a   0x0801294a   0x00000012   Code   RO         3112    i.fputc             mc_w.l(fputc.o)
    0x0801295c   0x0801295c   0x00000100   Data   RO          189    .rodata.Crc8Table   uart.o
    0x08012a5c   0x08012a5c   0x00000006   Data   RO         1032    .rodata.ethbroadcast  ethernet_1.o
    0x08012a62   0x08012a62   0x00000006   Data   RO         1033    .rodata.ethzero     ethernet_1.o
    0x08012a68   0x08012a68   0x00000004   Data   RO          397    .rodata.ip_addr_any  ip4_addr.o
    0x08012a6c   0x08012a6c   0x00000004   Data   RO          398    .rodata.ip_addr_broadcast  ip4_addr.o
    0x08012a70   0x08012a70   0x00000010   Data   RO          566    .rodata.memp_FRAG_PBUF  memp.o
    0x08012a80   0x08012a80   0x00000010   Data   RO          572    .rodata.memp_PBUF   memp.o
    0x08012a90   0x08012a90   0x00000010   Data   RO          575    .rodata.memp_PBUF_POOL  memp.o
    0x08012aa0   0x08012aa0   0x00000010   Data   RO          563    .rodata.memp_REASSDATA  memp.o
    0x08012ab0   0x08012ab0   0x00000010   Data   RO          569    .rodata.memp_SYS_TIMEOUT  memp.o
    0x08012ac0   0x08012ac0   0x00000010   Data   RO          554    .rodata.memp_TCP_PCB  memp.o
    0x08012ad0   0x08012ad0   0x00000010   Data   RO          557    .rodata.memp_TCP_PCB_LISTEN  memp.o
    0x08012ae0   0x08012ae0   0x00000010   Data   RO          560    .rodata.memp_TCP_SEG  memp.o
    0x08012af0   0x08012af0   0x00000010   Data   RO          551    .rodata.memp_UDP_PCB  memp.o
    0x08012b00   0x08012b00   0x00000024   Data   RO          576    .rodata.memp_pools  memp.o
    0x08012b24   0x08012b24   0x0000003d   Data   RO          291    .rodata.str1.1      dhcp.o
    0x08012b61   0x08012b61   0x0000001b   Data   RO          431    .rodata.str1.1      ip4_frag.o
    0x08012b7c   0x08012b7c   0x00000096   Data   RO          548    .rodata.str1.1      memp.o
    0x08012c12   0x08012c12   0x00000078   Data   RO          634    .rodata.str1.1      netif.o
    0x08012c8a   0x08012c8a   0x00000164   Data   RO          715    .rodata.str1.1      pbuf.o
    0x08012dee   0x08012dee   0x000000a4   Data   RO          832    .rodata.str1.1      tcp.o
    0x08012e92   0x08012e92   0x0000000f   Data   RO          882    .rodata.str1.1      tcp_in.o
    0x08012ea1   0x08012ea1   0x0000018e   Data   RO         1019    .rodata.str1.1      udp.o
    0x0801302f   0x0801302f   0x0000000d   Data   RO          837    .rodata.tcp_backoff  tcp.o
    0x0801303c   0x0801303c   0x00000010   Data   RO          830    .rodata.tcp_pcb_lists  tcp.o
    0x0801304c   0x0801304c   0x00000007   Data   RO          836    .rodata.tcp_persist_backoff  tcp.o
    0x08013053   0x08013053   0x00000001   PAD
    0x08013054   0x08013054   0x00000020   Data   RO         3167    Region$$Table       anon$$obj.o


    Execution Region RW_IRAM1 (Exec base: 0x20000000, Load base: 0x08013078, Size: 0x00011c58, Max: 0x00030000, ABSOLUTE)

    Exec Addr    Load Addr    Size         Type   Attr      Idx    E Section Name        Object

    0x20000000   0x08013078   0x00000004   Data   RW         3116    .data               mc_w.l(stdout.o)
    0x20000004   0x0801307c   0x00000004   Data   RW         1108    .data.SystemCoreClock  system_gd32f4xx.o
    0x20000008   0x08013080   0x00000001   Data   RW          178    .data.current_device_in_BKDx  uart.o
    0x20000009   0x08013081   0x00000001   Data   RW          179    .data.current_device_in_BKHO_A  uart.o
    0x2000000a   0x08013082   0x00000001   Data   RW          180    .data.current_device_in_OUT_SERVO  uart.o
    0x2000000b   0x08013083   0x00000001   PAD
    0x2000000c   0x08013084   0x00000004   Data   RW          297    .data.dhcp_create_msg.xid  dhcp.o
    0x20000010   0x08013088   0x00000003   Data   RW          293    .data.dhcp_discover_request_options  dhcp.o
    0x20000013   0x0801308b   0x00000001   PAD
    0x20000014   0x0801308c   0x00000004   Data   RW          838    .data.tcp_next_iss.iss  tcp.o
    0x20000018   0x08013090   0x00000002   Data   RW         1020    .data.udp_port      udp.o
    0x2000001a   0x08013092   0x00000006   PAD
    0x20000020        -       0x00004000   Zero   RW          139    .bss.YLSToYVPack    ethernet.o
    0x20004020        -       0x00000004   Zero   RW          140    .bss._udp_pcb_      ethernet.o
    0x20004024        -       0x00000004   Zero   RW          873    .bss.ackno          tcp_in.o
    0x20004028        -       0x000000f0   Zero   RW          337    .bss.arp_table      etharp.o
    0x20004118        -       0x00000004   Zero   RW           77    .bss.arpcurtime     netconf.o
    0x2000411c        -       0x00000001   Zero   RW          177    .bss.current_BKD    uart.o
    0x2000411d        -       0x00000001   Zero   RW          138    .bss.current_tick_tx_eth  ethernet.o
    0x2000411e   0x08013092   0x00000002   PAD
    0x20004120        -       0x00000004   Zero   RW          292    .bss.dhcp_pcb       dhcp.o
    0x20004124        -       0x00000004   Zero   RW         1722    .bss.dma_current_ptp_rxdesc  gd32f4xx_enet.o
    0x20004128        -       0x00000004   Zero   RW         1721    .bss.dma_current_ptp_txdesc  gd32f4xx_enet.o
    0x2000412c        -       0x00000004   Zero   RW         1724    .bss.dma_current_rxdesc  gd32f4xx_enet.o
    0x20004130        -       0x00000004   Zero   RW         1728    .bss.dma_current_txdesc  gd32f4xx_enet.o
    0x20004134        -       0x00000004   Zero   RW           60    .bss.enet_init_status  gd32f4xx_enet_eval.o
    0x20004138        -       0x0000003c   Zero   RW         1723    .bss.enet_initpara  gd32f4xx_enet.o
    0x20004174        -       0x00000004   Zero   RW         1725    .bss.enet_unknow_err  gd32f4xx_enet.o
    0x20004178        -       0x00000001   Zero   RW          339    .bss.etharp_cached_entry  etharp.o
    0x20004179        -       0x00000001   Zero   RW          874    .bss.flags          tcp_in.o
    0x2000417a   0x08013092   0x00000002   PAD
    0x2000417c        -       0x00000004   Zero   RW           12    .bss.g_localtime    main.o
    0x20004180        -       0x00000040   Zero   RW           80    .bss.g_mynetif      netconf.o
    0x200041c0        -       0x00000014   Zero   RW          876    .bss.inseg          tcp_in.o
    0x200041d4        -       0x00000018   Zero   RW          497    .bss.ip_data        ip.o
    0x200041ec        -       0x00000002   Zero   RW          375    .bss.ip_id          ip4.o
    0x200041ee        -       0x00000002   Zero   RW          430    .bss.ip_reass_pbufcount  ip4_frag.o
    0x200041f0        -       0x00000004   Zero   RW          524    .bss.lfree          mem.o
    0x200041f4        -       0x0000016b   Zero   RW          564    .bss.memp_memory_FRAG_PBUF_base  memp.o
    0x2000435f        -       0x00003b3b   Zero   RW          573    .bss.memp_memory_PBUF_POOL_base  memp.o
    0x20007e9a        -       0x000000a3   Zero   RW          570    .bss.memp_memory_PBUF_base  memp.o
    0x20007f3d        -       0x000000a3   Zero   RW          561    .bss.memp_memory_REASSDATA_base  memp.o
    0x20007fe0        -       0x000000a3   Zero   RW          567    .bss.memp_memory_SYS_TIMEOUT_base  memp.o
    0x20008083        -       0x000000ab   Zero   RW          555    .bss.memp_memory_TCP_PCB_LISTEN_base  memp.o
    0x2000812e        -       0x000005f3   Zero   RW          552    .bss.memp_memory_TCP_PCB_base  memp.o
    0x20008721        -       0x000000f3   Zero   RW          558    .bss.memp_memory_TCP_SEG_base  memp.o
    0x20008814        -       0x000000c3   Zero   RW          549    .bss.memp_memory_UDP_PCB_base  memp.o
    0x200088d7   0x08013092   0x00000001   PAD
    0x200088d8        -       0x00000004   Zero   RW          565    .bss.memp_tab_FRAG_PBUF  memp.o
    0x200088dc        -       0x00000004   Zero   RW          571    .bss.memp_tab_PBUF  memp.o
    0x200088e0        -       0x00000004   Zero   RW          574    .bss.memp_tab_PBUF_POOL  memp.o
    0x200088e4        -       0x00000004   Zero   RW          562    .bss.memp_tab_REASSDATA  memp.o
    0x200088e8        -       0x00000004   Zero   RW          568    .bss.memp_tab_SYS_TIMEOUT  memp.o
    0x200088ec        -       0x00000004   Zero   RW          553    .bss.memp_tab_TCP_PCB  memp.o
    0x200088f0        -       0x00000004   Zero   RW          556    .bss.memp_tab_TCP_PCB_LISTEN  memp.o
    0x200088f4        -       0x00000004   Zero   RW          559    .bss.memp_tab_TCP_SEG  memp.o
    0x200088f8        -       0x00000004   Zero   RW          550    .bss.memp_tab_UDP_PCB  memp.o
    0x200088fc        -       0x00000118   Zero   RW          176    .bss.message_from_BKD  uart.o
    0x20008a14        -       0x00000004   Zero   RW          637    .bss.netif_default  netif.o
    0x20008a18        -       0x00000004   Zero   RW          636    .bss.netif_list     netif.o
    0x20008a1c        -       0x00000001   Zero   RW          635    .bss.netif_num      netif.o
    0x20008a1d   0x08013092   0x00000003   PAD
    0x20008a20        -       0x00000004   Zero   RW          975    .bss.next_timeout   timeouts.o
    0x20008a24        -       0x00000004   Zero   RW          522    .bss.ram            mem.o
    0x20008a28        -       0x00000004   Zero   RW          523    .bss.ram_end        mem.o
    0x20008a2c        -       0x00005013   Zero   RW          521    .bss.ram_heap       mem.o
    0x2000da3f   0x08013092   0x00000001   PAD
    0x2000da40        -       0x00000004   Zero   RW          429    .bss.reassdatagrams  ip4_frag.o
    0x2000da44        -       0x00000002   Zero   RW          879    .bss.recv_acked     tcp_in.o
    0x2000da46   0x08013092   0x00000002   PAD
    0x2000da48        -       0x00000004   Zero   RW          877    .bss.recv_data      tcp_in.o
    0x2000da4c        -       0x00000001   Zero   RW          878    .bss.recv_flags     tcp_in.o
    0x2000da4d   0x08013092   0x00000003   PAD
    0x2000da50        -       0x00001dc4   Zero   RW         1730    .bss.rx_buff        gd32f4xx_enet.o
    0x2000f814        -       0x00000050   Zero   RW         1729    .bss.rxdesc_tab     gd32f4xx_enet.o
    0x2000f864        -       0x00000004   Zero   RW          872    .bss.seqno          tcp_in.o
    0x2000f868        -       0x00000004   Zero   RW          828    .bss.tcp_active_pcbs  tcp.o
    0x2000f86c        -       0x00000001   Zero   RW          833    .bss.tcp_active_pcbs_changed  tcp.o
    0x2000f86d   0x08013092   0x00000003   PAD
    0x2000f870        -       0x00000004   Zero   RW          827    .bss.tcp_bound_pcbs  tcp.o
    0x2000f874        -       0x00000004   Zero   RW          880    .bss.tcp_input_pcb  tcp_in.o
    0x2000f878        -       0x00000004   Zero   RW          826    .bss.tcp_listen_pcbs  tcp.o
    0x2000f87c        -       0x00000002   Zero   RW          881    .bss.tcp_optidx     tcp_in.o
    0x2000f87e   0x08013092   0x00000002   PAD
    0x2000f880        -       0x00000004   Zero   RW          834    .bss.tcp_ticks      tcp.o
    0x2000f884        -       0x00000001   Zero   RW          831    .bss.tcp_timer      tcp.o
    0x2000f885        -       0x00000001   Zero   RW          835    .bss.tcp_timer_ctr  tcp.o
    0x2000f886   0x08013092   0x00000002   PAD
    0x2000f888        -       0x00000004   Zero   RW          829    .bss.tcp_tw_pcbs    tcp.o
    0x2000f88c        -       0x00000004   Zero   RW           76    .bss.tcpcurtime     netconf.o
    0x2000f890        -       0x00000004   Zero   RW          868    .bss.tcphdr         tcp_in.o
    0x2000f894        -       0x00000002   Zero   RW          871    .bss.tcphdr_opt1len  tcp_in.o
    0x2000f896   0x08013092   0x00000002   PAD
    0x2000f898        -       0x00000004   Zero   RW          870    .bss.tcphdr_opt2    tcp_in.o
    0x2000f89c        -       0x00000002   Zero   RW          869    .bss.tcphdr_optlen  tcp_in.o
    0x2000f89e   0x08013092   0x00000002   PAD
    0x2000f8a0        -       0x00000004   Zero   RW          974    .bss.tcpip_tcp_timer_active  timeouts.o
    0x2000f8a4        -       0x00000002   Zero   RW          875    .bss.tcplen         tcp_in.o
    0x2000f8a6        -       0x00000001   Zero   RW          188    .bss.timer2En       uart.o
    0x2000f8a7        -       0x00000001   Zero   RW          184    .bss.timer4En       uart.o
    0x2000f8a8        -       0x00001dc4   Zero   RW         1727    .bss.tx_buff        gd32f4xx_enet.o
    0x2001166c        -       0x00000050   Zero   RW         1726    .bss.txdesc_tab     gd32f4xx_enet.o
    0x200116bc        -       0x00000004   Zero   RW         1018    .bss.udp_pcbs       udp.o
    0x200116c0        -       0x000000c8   Zero   RW          187    .bss.usart0_buffer_rx  uart.o
    0x20011788        -       0x00000001   Zero   RW          186    .bss.usart0_counter  uart.o
    0x20011789        -       0x00000001   Zero   RW          185    .bss.usart0_transmit  uart.o
    0x2001178a        -       0x000000c8   Zero   RW          183    .bss.usart5_buffer_rx  uart.o
    0x20011852        -       0x00000001   Zero   RW          182    .bss.usart5_counter  uart.o
    0x20011853        -       0x00000001   Zero   RW          181    .bss.usart5_transmit  uart.o
    0x20011854        -       0x00000004   Zero   RW          141    .bss.yv_ip          ethernet.o
    0x20011858        -       0x00000400   Zero   RW         1088    STACK               startup_gd32f450_470.o


==============================================================================

Image component sizes


      Code (inc. data)   RO Data    RW Data    ZI Data      Debug   Object Name

       654          0          0          0          0       5809   acd.o
      1530          0          0          0          0       9762   configurationusartn.o
        48          0          0          0          0       2767   def.o
      1804          0         61          7          4      19251   dhcp.o
      4080          0          0          0        241      10504   etharp.o
       712          0          0          0      16393       5632   ethernet.o
       458          0         12          0          0       3261   ethernet_1.o
       566          0          0          0          0       4415   ethernetif.o
      1240          0          0          0          0       8487   gd32f4xx_dma.o
      4828          6          0          0      15480      28305   gd32f4xx_enet.o
       836          0          0          0          4       6853   gd32f4xx_enet_eval.o
       546          0          0          0          0       4900   gd32f4xx_gpio.o
        40          0          0          0          0        986   gd32f4xx_it.o
       374          0          0          0          0       5214   gd32f4xx_misc.o
       516          4          0          0          0      14964   gd32f4xx_rcu.o
        36          0          0          0          0       3372   gd32f4xx_syscfg.o
      2002         20          0          0          0      17178   gd32f4xx_timer.o
      1196          0          0          0          0      11818   gd32f4xx_usart.o
      1052          0          0          0          0       4896   icmp.o
       668          0          0          0          0       3874   inet_chksum.o
      1340          0          0          0          0       5989   init_config.o
         0          0          0          0         24       2276   ip.o
      1842          0          0          0          2       6077   ip4.o
       132          0          8          0          0       4313   ip4_addr.o
      3110          0         27          0          6       9193   ip4_frag.o
       464          0          0          0          4       3741   main.o
      1996          0          0          0      20511       4238   mem.o
       414          0        330          0      18183       3904   memp.o
       228          0          0          0         72       3203   netconf.o
      1424          0        120          0          9       8234   netif.o
      3224          0        356          0          0      12667   pbuf.o
        36          8        428          0       1024        904   startup_gd32f450_470.o
      1154          0          0          4          0       2802   system_gd32f4xx.o
      5974          0        200          4         23      19776   tcp.o
      8730         16         15          0         56      12623   tcp_in.o
      5514          0          0          0          0      17279   tcp_out.o
       440          0          0          0          8       3989   timeouts.o
      9644        160        256          3        687       8151   uart.o
      2706          0        398          2          4       9266   udp.o

    ----------------------------------------------------------------------
     71900        214       2244         24      72764     310873   Object Totals
         0          0         32          0          0          0   (incl. Generated)
       342          0          1          4         29          0   (incl. Padding)

    ----------------------------------------------------------------------

      Code (inc. data)   RO Data    RW Data    ZI Data      Debug   Library Member Name

         0          0          0          0          0          0   entry.o
         0          0          0          0          0          0   entry10a.o
         0          0          0          0          0          0   entry11a.o
         8          4          0          0          0          0   entry2.o
         4          0          0          0          0          0   entry5.o
         0          0          0          0          0          0   entry7b.o
         0          0          0          0          0          0   entry8b.o
         8          4          0          0          0          0   entry9a.o
        18          0          0          0          0         80   fputc.o
        30          0          0          0          0          0   handlers.o
        36          8          0          0          0         68   init.o
         0          0          0          0          0          0   iusefp.o
         0          0          0          0          0          0   iusesemip.o
        30          0          0          0          0         68   llshl.o
        36          0          0          0          0         68   llsshr.o
        32          0          0          0          0         68   llushr.o
        26          0          0          0          0         80   memcmp.o
        64          0          0          0          0         76   memmovea.o
        36          0          0          0          0        108   memseta.o
      2258         90          0          0          0        452   printfa.o
         0          0          0          0          0          0   semi.o
         0          0          0          4          0          0   stdout.o
        44          0          0          0          0         80   uidiv.o
        98          0          0          0          0         92   uldiv.o
        48          0          0          0          0         68   cdrcmple.o
       334          0          0          0          0        148   dadd.o
       222          0          0          0          0        100   ddiv.o
       186          0          0          0          0        176   depilogue.o
        48          0          0          0          0         68   dfixul.o
       228          0          0          0          0         96   dmul.o

    ----------------------------------------------------------------------
      3796        106          0          4          0       1896   Library Totals
         2          0          0          0          0          0   (incl. Padding)

    ----------------------------------------------------------------------

      Code (inc. data)   RO Data    RW Data    ZI Data      Debug   Library Name

      2728        106          0          4          0       1240   mc_w.l
      1066          0          0          0          0        656   mf_w.l

    ----------------------------------------------------------------------
      3796        106          0          4          0       1896   Library Totals

    ----------------------------------------------------------------------

==============================================================================


      Code (inc. data)   RO Data    RW Data    ZI Data      Debug   

     75696        320       2244         28      72764     311265   Grand Totals
     75696        320       2244         28      72764     311265   ELF Image Totals
     75696        320       2244         28          0          0   ROM Totals

==============================================================================

    Total RO  Size (Code + RO Data)                77940 (  76.11kB)
    Total RW  Size (RW Data + ZI Data)             72792 (  71.09kB)
    Total ROM Size (Code + RO Data + RW Data)      77968 (  76.14kB)

==============================================================================

